<?xml version="1.0" encoding="ISO-8859-1" ?>
<link_info>
   <banner>TMS320C2000 Linker Unix v25.11.1.LTS</banner>
   <copyright>Copyright (c) 1996-2018 Texas Instruments Incorporated</copyright>
   <command_line>/Applications/ti/ccs2100/ccs/tools/compiler/ti-cgt-c2000_25.11.1.LTS/bin/lnk2000 -l/var/tmp/TI0uq30iV06</command_line>
   <link_time>0x6a8d81c0</link_time>
   <link_errors>0x0</link_errors>
   <output_file>/Users/vaibhavchavan/Documents/self-test firmware/Driverlib Empty CPU1 Example CCS Project/CPU1_FLASH/Driverlib Empty CPU1 Example CCS Project.out</output_file>
   <entry_point>
      <name>code_start</name>
      <address>0x80000</address>
   </entry_point>
   <input_file_list>
      <input_file id="fl-2">
         <path>/Users/vaibhavchavan/Documents/self-test firmware/Driverlib Empty CPU1 Example CCS Project/CPU1_FLASH/./</path>
         <kind>object</kind>
         <file>adc_test.obj</file>
         <name>adc_test.obj</name>
      </input_file>
      <input_file id="fl-3">
         <path>/Users/vaibhavchavan/Documents/self-test firmware/Driverlib Empty CPU1 Example CCS Project/CPU1_FLASH/./</path>
         <kind>object</kind>
         <file>buzzer_control.obj</file>
         <name>buzzer_control.obj</name>
      </input_file>
      <input_file id="fl-4">
         <path>/Users/vaibhavchavan/Documents/self-test firmware/Driverlib Empty CPU1 Example CCS Project/CPU1_FLASH/./syscfg/</path>
         <kind>object</kind>
         <file>board.obj</file>
         <name>board.obj</name>
      </input_file>
      <input_file id="fl-5">
         <path>/Users/vaibhavchavan/Documents/self-test firmware/Driverlib Empty CPU1 Example CCS Project/CPU1_FLASH/./syscfg/</path>
         <kind>object</kind>
         <file>c2000ware_libraries.obj</file>
         <name>c2000ware_libraries.obj</name>
      </input_file>
      <input_file id="fl-6">
         <path>/Users/vaibhavchavan/Documents/self-test firmware/Driverlib Empty CPU1 Example CCS Project/CPU1_FLASH/./</path>
         <kind>object</kind>
         <file>coil_control.obj</file>
         <name>coil_control.obj</name>
      </input_file>
      <input_file id="fl-7">
         <path>/Users/vaibhavchavan/Documents/self-test firmware/Driverlib Empty CPU1 Example CCS Project/CPU1_FLASH/./</path>
         <kind>object</kind>
         <file>current_protect.obj</file>
         <name>current_protect.obj</name>
      </input_file>
      <input_file id="fl-8">
         <path>/Users/vaibhavchavan/Documents/self-test firmware/Driverlib Empty CPU1 Example CCS Project/CPU1_FLASH/./</path>
         <kind>object</kind>
         <file>fan_control.obj</file>
         <name>fan_control.obj</name>
      </input_file>
      <input_file id="fl-9">
         <path>/Users/vaibhavchavan/Documents/self-test firmware/Driverlib Empty CPU1 Example CCS Project/CPU1_FLASH/./</path>
         <kind>object</kind>
         <file>gpio_test.obj</file>
         <name>gpio_test.obj</name>
      </input_file>
      <input_file id="fl-a">
         <path>/Users/vaibhavchavan/Documents/self-test firmware/Driverlib Empty CPU1 Example CCS Project/CPU1_FLASH/./</path>
         <kind>object</kind>
         <file>led_test.obj</file>
         <name>led_test.obj</name>
      </input_file>
      <input_file id="fl-b">
         <path>/Users/vaibhavchavan/Documents/self-test firmware/Driverlib Empty CPU1 Example CCS Project/CPU1_FLASH/./</path>
         <kind>object</kind>
         <file>main.obj</file>
         <name>main.obj</name>
      </input_file>
      <input_file id="fl-c">
         <path>/Users/vaibhavchavan/Documents/self-test firmware/Driverlib Empty CPU1 Example CCS Project/CPU1_FLASH/./</path>
         <kind>object</kind>
         <file>relay_control.obj</file>
         <name>relay_control.obj</name>
      </input_file>
      <input_file id="fl-d">
         <path>/Users/vaibhavchavan/Documents/self-test firmware/Driverlib Empty CPU1 Example CCS Project/CPU1_FLASH/./</path>
         <kind>object</kind>
         <file>self_test.obj</file>
         <name>self_test.obj</name>
      </input_file>
      <input_file id="fl-e">
         <path>/Users/vaibhavchavan/Documents/self-test firmware/Driverlib Empty CPU1 Example CCS Project/CPU1_FLASH/./</path>
         <kind>object</kind>
         <file>uart_comm.obj</file>
         <name>uart_comm.obj</name>
      </input_file>
      <input_file id="fl-f">
         <path>/Users/vaibhavchavan/Documents/self-test firmware/Driverlib Empty CPU1 Example CCS Project/CPU1_FLASH/./device/</path>
         <kind>object</kind>
         <file>device.obj</file>
         <name>device.obj</name>
      </input_file>
      <input_file id="fl-10">
         <path>/Users/vaibhavchavan/Documents/self-test firmware/Driverlib Empty CPU1 Example CCS Project/CPU1_FLASH/./device/</path>
         <kind>object</kind>
         <file>f28p65x_codestartbranch.obj</file>
         <name>f28p65x_codestartbranch.obj</name>
      </input_file>
      <input_file id="fl-16">
         <path>/Users/vaibhavchavan/Documents/self-test firmware/Driverlib Empty CPU1 Example CCS Project/CPU1_FLASH/</path>
         <kind>object</kind>
         <file>&lt;internal&gt;</file>
         <name>&lt;internal&gt;</name>
      </input_file>
      <input_file id="fl-17">
         <path>/Users/vaibhavchavan/ti/C2000Ware_26_01_00_00/driverlib/f28p65x/driverlib/ccs/Debug/</path>
         <kind>archive</kind>
         <file>driverlib.lib</file>
         <name>adc.obj</name>
      </input_file>
      <input_file id="fl-18">
         <path>/Users/vaibhavchavan/ti/C2000Ware_26_01_00_00/driverlib/f28p65x/driverlib/ccs/Debug/</path>
         <kind>archive</kind>
         <file>driverlib.lib</file>
         <name>cmpss.obj</name>
      </input_file>
      <input_file id="fl-19">
         <path>/Users/vaibhavchavan/ti/C2000Ware_26_01_00_00/driverlib/f28p65x/driverlib/ccs/Debug/</path>
         <kind>archive</kind>
         <file>driverlib.lib</file>
         <name>cputimer.obj</name>
      </input_file>
      <input_file id="fl-1a">
         <path>/Users/vaibhavchavan/ti/C2000Ware_26_01_00_00/driverlib/f28p65x/driverlib/ccs/Debug/</path>
         <kind>archive</kind>
         <file>driverlib.lib</file>
         <name>dcc.obj</name>
      </input_file>
      <input_file id="fl-1b">
         <path>/Users/vaibhavchavan/ti/C2000Ware_26_01_00_00/driverlib/f28p65x/driverlib/ccs/Debug/</path>
         <kind>archive</kind>
         <file>driverlib.lib</file>
         <name>epwm.obj</name>
      </input_file>
      <input_file id="fl-1c">
         <path>/Users/vaibhavchavan/ti/C2000Ware_26_01_00_00/driverlib/f28p65x/driverlib/ccs/Debug/</path>
         <kind>archive</kind>
         <file>driverlib.lib</file>
         <name>flash.obj</name>
      </input_file>
      <input_file id="fl-1d">
         <path>/Users/vaibhavchavan/ti/C2000Ware_26_01_00_00/driverlib/f28p65x/driverlib/ccs/Debug/</path>
         <kind>archive</kind>
         <file>driverlib.lib</file>
         <name>gpio.obj</name>
      </input_file>
      <input_file id="fl-1e">
         <path>/Users/vaibhavchavan/ti/C2000Ware_26_01_00_00/driverlib/f28p65x/driverlib/ccs/Debug/</path>
         <kind>archive</kind>
         <file>driverlib.lib</file>
         <name>interrupt.obj</name>
      </input_file>
      <input_file id="fl-1f">
         <path>/Users/vaibhavchavan/ti/C2000Ware_26_01_00_00/driverlib/f28p65x/driverlib/ccs/Debug/</path>
         <kind>archive</kind>
         <file>driverlib.lib</file>
         <name>ipc.obj</name>
      </input_file>
      <input_file id="fl-20">
         <path>/Users/vaibhavchavan/ti/C2000Ware_26_01_00_00/driverlib/f28p65x/driverlib/ccs/Debug/</path>
         <kind>archive</kind>
         <file>driverlib.lib</file>
         <name>sysctl.obj</name>
      </input_file>
      <input_file id="fl-21">
         <path>/Users/vaibhavchavan/ti/C2000Ware_26_01_00_00/driverlib/f28p65x/driverlib/ccs/Debug/</path>
         <kind>archive</kind>
         <file>driverlib.lib</file>
         <name>uart.obj</name>
      </input_file>
      <input_file id="fl-2d">
         <path>/Applications/ti/ccs2100/ccs/tools/compiler/ti-cgt-c2000_25.11.1.LTS/lib/</path>
         <kind>archive</kind>
         <file>rts2800_fpu64_eabi.lib</file>
         <name>snprintf.c.obj</name>
      </input_file>
      <input_file id="fl-2e">
         <path>/Applications/ti/ccs2100/ccs/tools/compiler/ti-cgt-c2000_25.11.1.LTS/lib/</path>
         <kind>archive</kind>
         <file>rts2800_fpu64_eabi.lib</file>
         <name>boot28.asm.obj</name>
      </input_file>
      <input_file id="fl-2f">
         <path>/Applications/ti/ccs2100/ccs/tools/compiler/ti-cgt-c2000_25.11.1.LTS/lib/</path>
         <kind>archive</kind>
         <file>rts2800_fpu64_eabi.lib</file>
         <name>fs_div28.asm.obj</name>
      </input_file>
      <input_file id="fl-30">
         <path>/Applications/ti/ccs2100/ccs/tools/compiler/ti-cgt-c2000_25.11.1.LTS/lib/</path>
         <kind>archive</kind>
         <file>rts2800_fpu64_eabi.lib</file>
         <name>memcpy.c.obj</name>
      </input_file>
      <input_file id="fl-31">
         <path>/Applications/ti/ccs2100/ccs/tools/compiler/ti-cgt-c2000_25.11.1.LTS/lib/</path>
         <kind>archive</kind>
         <file>rts2800_fpu64_eabi.lib</file>
         <name>pre_init.c.obj</name>
      </input_file>
      <input_file id="fl-32">
         <path>/Applications/ti/ccs2100/ccs/tools/compiler/ti-cgt-c2000_25.11.1.LTS/lib/</path>
         <kind>archive</kind>
         <file>rts2800_fpu64_eabi.lib</file>
         <name>autoinit.c.obj</name>
      </input_file>
      <input_file id="fl-33">
         <path>/Applications/ti/ccs2100/ccs/tools/compiler/ti-cgt-c2000_25.11.1.LTS/lib/</path>
         <kind>archive</kind>
         <file>rts2800_fpu64_eabi.lib</file>
         <name>copy_zero_init.c.obj</name>
      </input_file>
      <input_file id="fl-34">
         <path>/Applications/ti/ccs2100/ccs/tools/compiler/ti-cgt-c2000_25.11.1.LTS/lib/</path>
         <kind>archive</kind>
         <file>rts2800_fpu64_eabi.lib</file>
         <name>copy_decompress_none.c.obj</name>
      </input_file>
      <input_file id="fl-35">
         <path>/Applications/ti/ccs2100/ccs/tools/compiler/ti-cgt-c2000_25.11.1.LTS/lib/</path>
         <kind>archive</kind>
         <file>rts2800_fpu64_eabi.lib</file>
         <name>copy_decompress_lzss.c.obj</name>
      </input_file>
      <input_file id="fl-36">
         <path>/Applications/ti/ccs2100/ccs/tools/compiler/ti-cgt-c2000_25.11.1.LTS/lib/</path>
         <kind>archive</kind>
         <file>rts2800_fpu64_eabi.lib</file>
         <name>exit.c.obj</name>
      </input_file>
      <input_file id="fl-37">
         <path>/Applications/ti/ccs2100/ccs/tools/compiler/ti-cgt-c2000_25.11.1.LTS/lib/</path>
         <kind>archive</kind>
         <file>rts2800_fpu64_eabi.lib</file>
         <name>_lock.c.obj</name>
      </input_file>
      <input_file id="fl-38">
         <path>/Applications/ti/ccs2100/ccs/tools/compiler/ti-cgt-c2000_25.11.1.LTS/lib/</path>
         <kind>archive</kind>
         <file>rts2800_fpu64_eabi.lib</file>
         <name>args_main.c.obj</name>
      </input_file>
      <input_file id="fl-39">
         <path>/Applications/ti/ccs2100/ccs/tools/compiler/ti-cgt-c2000_25.11.1.LTS/lib/</path>
         <kind>archive</kind>
         <file>rts2800_fpu64_eabi.lib</file>
         <name>atoi.c.obj</name>
      </input_file>
      <input_file id="fl-3a">
         <path>/Applications/ti/ccs2100/ccs/tools/compiler/ti-cgt-c2000_25.11.1.LTS/lib/</path>
         <kind>archive</kind>
         <file>rts2800_fpu64_eabi.lib</file>
         <name>ctype.c.obj</name>
      </input_file>
      <input_file id="fl-3b">
         <path>/Applications/ti/ccs2100/ccs/tools/compiler/ti-cgt-c2000_25.11.1.LTS/lib/</path>
         <kind>archive</kind>
         <file>rts2800_fpu64_eabi.lib</file>
         <name>memset.c.obj</name>
      </input_file>
      <input_file id="fl-3c">
         <path>/Applications/ti/ccs2100/ccs/tools/compiler/ti-cgt-c2000_25.11.1.LTS/lib/</path>
         <kind>archive</kind>
         <file>rts2800_fpu64_eabi.lib</file>
         <name>strcmp.c.obj</name>
      </input_file>
      <input_file id="fl-3d">
         <path>/Applications/ti/ccs2100/ccs/tools/compiler/ti-cgt-c2000_25.11.1.LTS/lib/</path>
         <kind>archive</kind>
         <file>rts2800_fpu64_eabi.lib</file>
         <name>strlen.c.obj</name>
      </input_file>
      <input_file id="fl-3e">
         <path>/Applications/ti/ccs2100/ccs/tools/compiler/ti-cgt-c2000_25.11.1.LTS/lib/</path>
         <kind>archive</kind>
         <file>rts2800_fpu64_eabi.lib</file>
         <name>strncmp.c.obj</name>
      </input_file>
      <input_file id="fl-3f">
         <path>/Applications/ti/ccs2100/ccs/tools/compiler/ti-cgt-c2000_25.11.1.LTS/lib/</path>
         <kind>archive</kind>
         <file>rts2800_fpu64_eabi.lib</file>
         <name>_printfi.c.obj</name>
      </input_file>
      <input_file id="fl-40">
         <path>/Applications/ti/ccs2100/ccs/tools/compiler/ti-cgt-c2000_25.11.1.LTS/lib/</path>
         <kind>archive</kind>
         <file>rts2800_fpu64_eabi.lib</file>
         <name>ll_aox28.asm.obj</name>
      </input_file>
      <input_file id="fl-41">
         <path>/Applications/ti/ccs2100/ccs/tools/compiler/ti-cgt-c2000_25.11.1.LTS/lib/</path>
         <kind>archive</kind>
         <file>rts2800_fpu64_eabi.lib</file>
         <name>ll_cmp28.asm.obj</name>
      </input_file>
      <input_file id="fl-42">
         <path>/Applications/ti/ccs2100/ccs/tools/compiler/ti-cgt-c2000_25.11.1.LTS/lib/</path>
         <kind>archive</kind>
         <file>rts2800_fpu64_eabi.lib</file>
         <name>ll_div28.asm.obj</name>
      </input_file>
      <input_file id="fl-43">
         <path>/Applications/ti/ccs2100/ccs/tools/compiler/ti-cgt-c2000_25.11.1.LTS/lib/</path>
         <kind>archive</kind>
         <file>rts2800_fpu64_eabi.lib</file>
         <name>cpy_tbl.c.obj</name>
      </input_file>
      <input_file id="fl-44">
         <path>/Applications/ti/ccs2100/ccs/tools/compiler/ti-cgt-c2000_25.11.1.LTS/lib/</path>
         <kind>archive</kind>
         <file>rts2800_fpu64_eabi.lib</file>
         <name>startup.c.obj</name>
      </input_file>
      <input_file id="fl-45">
         <path>/Applications/ti/ccs2100/ccs/tools/compiler/ti-cgt-c2000_25.11.1.LTS/lib/</path>
         <kind>archive</kind>
         <file>rts2800_fpu64_eabi.lib</file>
         <name>_ltoa.c.obj</name>
      </input_file>
      <input_file id="fl-46">
         <path>/Applications/ti/ccs2100/ccs/tools/compiler/ti-cgt-c2000_25.11.1.LTS/lib/</path>
         <kind>archive</kind>
         <file>rts2800_fpu64_eabi.lib</file>
         <name>memccpy.c.obj</name>
      </input_file>
      <input_file id="fl-47">
         <path>/Applications/ti/ccs2100/ccs/tools/compiler/ti-cgt-c2000_25.11.1.LTS/lib/</path>
         <kind>archive</kind>
         <file>rts2800_fpu64_eabi.lib</file>
         <name>strchr.c.obj</name>
      </input_file>
      <input_file id="fl-48">
         <path>/Applications/ti/ccs2100/ccs/tools/compiler/ti-cgt-c2000_25.11.1.LTS/lib/</path>
         <kind>archive</kind>
         <file>rts2800_fpu64_eabi.lib</file>
         <name>strcpy.c.obj</name>
      </input_file>
      <input_file id="fl-49">
         <path>/Applications/ti/ccs2100/ccs/tools/compiler/ti-cgt-c2000_25.11.1.LTS/lib/</path>
         <kind>archive</kind>
         <file>rts2800_fpu64_eabi.lib</file>
         <name>errno.c.obj</name>
      </input_file>
      <input_file id="fl-4a">
         <path>/Applications/ti/ccs2100/ccs/tools/compiler/ti-cgt-c2000_25.11.1.LTS/lib/</path>
         <kind>archive</kind>
         <file>rts2800_fpu64_eabi.lib</file>
         <name>s_frexp.c.obj</name>
      </input_file>
      <input_file id="fl-4b">
         <path>/Applications/ti/ccs2100/ccs/tools/compiler/ti-cgt-c2000_25.11.1.LTS/lib/</path>
         <kind>archive</kind>
         <file>rts2800_fpu64_eabi.lib</file>
         <name>s_scalbn.c.obj</name>
      </input_file>
      <input_file id="fl-4c">
         <path>/Applications/ti/ccs2100/ccs/tools/compiler/ti-cgt-c2000_25.11.1.LTS/lib/</path>
         <kind>archive</kind>
         <file>rts2800_fpu64_eabi.lib</file>
         <name>wcslen.c.obj</name>
      </input_file>
      <input_file id="fl-4d">
         <path>/Applications/ti/ccs2100/ccs/tools/compiler/ti-cgt-c2000_25.11.1.LTS/lib/</path>
         <kind>archive</kind>
         <file>rts2800_fpu64_eabi.lib</file>
         <name>l_div28.asm.obj</name>
      </input_file>
      <input_file id="fl-4e">
         <path>/Applications/ti/ccs2100/ccs/tools/compiler/ti-cgt-c2000_25.11.1.LTS/lib/</path>
         <kind>archive</kind>
         <file>rts2800_fpu64_eabi.lib</file>
         <name>s_copysign.c.obj</name>
      </input_file>
   </input_file_list>
   <object_component_list>
      <object_component id="oc-22">
         <name>codestart</name>
         <load_address>0x80000</load_address>
         <readonly>true</readonly>
         <executable>true</executable>
         <run_address>0x80000</run_address>
         <size>0x2</size>
         <alignment>0x1</alignment>
         <input_file_ref idref="fl-10"/>
      </object_component>
      <object_component id="oc-727">
         <name>.text:__TI_printfi</name>
         <load_address>0x80e90</load_address>
         <readonly>true</readonly>
         <executable>true</executable>
         <run_address>0x80e90</run_address>
         <size>0x60e</size>
         <alignment>0x1</alignment>
         <input_file_ref idref="fl-3f"/>
      </object_component>
      <object_component id="oc-77e">
         <name>.text</name>
         <load_address>0x8149e</load_address>
         <readonly>true</readonly>
         <executable>true</executable>
         <run_address>0x8149e</run_address>
         <size>0x5d0</size>
         <alignment>0x2</alignment>
         <input_file_ref idref="fl-3f"/>
      </object_component>
      <object_component id="oc-41c">
         <name>.text:Device_enableAllPeripherals</name>
         <load_address>0x81a6e</load_address>
         <readonly>true</readonly>
         <executable>true</executable>
         <run_address>0x81a6e</run_address>
         <size>0x1a0</size>
         <alignment>0x1</alignment>
         <input_file_ref idref="fl-f"/>
      </object_component>
      <object_component id="oc-403">
         <name>.text:SysCtl_setClock</name>
         <load_address>0x81c0e</load_address>
         <readonly>true</readonly>
         <executable>true</executable>
         <run_address>0x81c0e</run_address>
         <size>0x126</size>
         <alignment>0x1</alignment>
         <input_file_ref idref="fl-20"/>
      </object_component>
      <object_component id="oc-591">
         <name>.text:SysCtl_isPLLValid</name>
         <load_address>0x81d34</load_address>
         <readonly>true</readonly>
         <executable>true</executable>
         <run_address>0x81d34</run_address>
         <size>0x120</size>
         <alignment>0x1</alignment>
         <input_file_ref idref="fl-20"/>
      </object_component>
      <object_component id="oc-76a">
         <name>.text</name>
         <load_address>0x81e54</load_address>
         <readonly>true</readonly>
         <executable>true</executable>
         <run_address>0x81e54</run_address>
         <size>0x107</size>
         <alignment>0x1</alignment>
         <input_file_ref idref="fl-42"/>
      </object_component>
      <object_component id="oc-2e">
         <name>.text:CoilControl_Init</name>
         <load_address>0x81f5b</load_address>
         <readonly>true</readonly>
         <executable>true</executable>
         <run_address>0x81f5b</run_address>
         <size>0xed</size>
         <alignment>0x1</alignment>
         <input_file_ref idref="fl-6"/>
      </object_component>
      <object_component id="oc-2ee">
         <name>.text:main</name>
         <load_address>0x82048</load_address>
         <readonly>true</readonly>
         <executable>true</executable>
         <run_address>0x82048</run_address>
         <size>0xb2</size>
         <alignment>0x1</alignment>
         <input_file_ref idref="fl-b"/>
      </object_component>
      <object_component id="oc-7a3">
         <name>.text</name>
         <load_address>0x820fa</load_address>
         <readonly>true</readonly>
         <executable>true</executable>
         <run_address>0x820fa</run_address>
         <size>0xa0</size>
         <alignment>0x1</alignment>
         <input_file_ref idref="fl-4b"/>
      </object_component>
      <object_component id="oc-692">
         <name>.text</name>
         <load_address>0x8219a</load_address>
         <readonly>true</readonly>
         <executable>true</executable>
         <run_address>0x8219a</run_address>
         <size>0x88</size>
         <alignment>0x1</alignment>
         <input_file_ref idref="fl-2f"/>
      </object_component>
      <object_component id="oc-6c7">
         <name>.text:DCC_setCounterSeeds</name>
         <load_address>0x82222</load_address>
         <readonly>true</readonly>
         <executable>true</executable>
         <run_address>0x82222</run_address>
         <size>0x73</size>
         <alignment>0x1</alignment>
         <input_file_ref idref="fl-20"/>
      </object_component>
      <object_component id="oc-445">
         <name>.text:GPIO_setAnalogMode</name>
         <load_address>0x82295</load_address>
         <readonly>true</readonly>
         <executable>true</executable>
         <run_address>0x82295</run_address>
         <size>0x71</size>
         <alignment>0x1</alignment>
         <input_file_ref idref="fl-1d"/>
      </object_component>
      <object_component id="oc-37b">
         <name>.text:SelfTest_RunAll</name>
         <load_address>0x82306</load_address>
         <readonly>true</readonly>
         <executable>true</executable>
         <run_address>0x82306</run_address>
         <size>0x67</size>
         <alignment>0x1</alignment>
         <input_file_ref idref="fl-d"/>
      </object_component>
      <object_component id="oc-40f">
         <name>.text:SysCtl_getClock</name>
         <load_address>0x8236d</load_address>
         <readonly>true</readonly>
         <executable>true</executable>
         <run_address>0x8236d</run_address>
         <size>0x65</size>
         <alignment>0x1</alignment>
         <input_file_ref idref="fl-20"/>
      </object_component>
      <object_component id="oc-5d8">
         <name>.text:ADC_setINLTrim</name>
         <load_address>0x823d2</load_address>
         <readonly>true</readonly>
         <executable>true</executable>
         <run_address>0x823d2</run_address>
         <size>0x64</size>
         <alignment>0x1</alignment>
         <input_file_ref idref="fl-17"/>
      </object_component>
      <object_component id="oc-4c0">
         <name>.text:runCalibrationSweep</name>
         <load_address>0x82436</load_address>
         <readonly>true</readonly>
         <executable>true</executable>
         <run_address>0x82436</run_address>
         <size>0x63</size>
         <alignment>0x1</alignment>
         <input_file_ref idref="fl-7"/>
      </object_component>
      <object_component id="oc-4b">
         <name>.text:CoilControl_TimerISR</name>
         <load_address>0x82499</load_address>
         <readonly>true</readonly>
         <executable>true</executable>
         <run_address>0x82499</run_address>
         <size>0x5d</size>
         <alignment>0x1</alignment>
         <input_file_ref idref="fl-6"/>
      </object_component>
      <object_component id="oc-42b">
         <name>.text:UART_setConfig</name>
         <load_address>0x824f6</load_address>
         <readonly>true</readonly>
         <executable>true</executable>
         <run_address>0x824f6</run_address>
         <size>0x5d</size>
         <alignment>0x1</alignment>
         <input_file_ref idref="fl-21"/>
      </object_component>
      <object_component id="oc-2d">
         <name>.text:CoilControl_ButtonOnISR</name>
         <load_address>0x82553</load_address>
         <readonly>true</readonly>
         <executable>true</executable>
         <run_address>0x82553</run_address>
         <size>0x5a</size>
         <alignment>0x1</alignment>
         <input_file_ref idref="fl-6"/>
      </object_component>
      <object_component id="oc-523">
         <name>.text</name>
         <load_address>0x825ad</load_address>
         <readonly>true</readonly>
         <executable>true</executable>
         <run_address>0x825ad</run_address>
         <size>0x5a</size>
         <alignment>0x1</alignment>
         <input_file_ref idref="fl-2d"/>
      </object_component>
      <object_component id="oc-79d">
         <name>.text</name>
         <load_address>0x82607</load_address>
         <readonly>true</readonly>
         <executable>true</executable>
         <run_address>0x82607</run_address>
         <size>0x59</size>
         <alignment>0x1</alignment>
         <input_file_ref idref="fl-4a"/>
      </object_component>
      <object_component id="oc-93">
         <name>.text:BuzzerControl_Pulse</name>
         <load_address>0x82660</load_address>
         <readonly>true</readonly>
         <executable>true</executable>
         <run_address>0x82660</run_address>
         <size>0x55</size>
         <alignment>0x1</alignment>
         <input_file_ref idref="fl-3"/>
      </object_component>
      <object_component id="oc-45">
         <name>.text:CoilControl_ButtonHighISR</name>
         <load_address>0x826b5</load_address>
         <readonly>true</readonly>
         <executable>true</executable>
         <run_address>0x826b5</run_address>
         <size>0x54</size>
         <alignment>0x1</alignment>
         <input_file_ref idref="fl-6"/>
      </object_component>
      <object_component id="oc-3f">
         <name>.text:CoilControl_ButtonMediumISR</name>
         <load_address>0x82709</load_address>
         <readonly>true</readonly>
         <executable>true</executable>
         <run_address>0x82709</run_address>
         <size>0x54</size>
         <alignment>0x1</alignment>
         <input_file_ref idref="fl-6"/>
      </object_component>
      <object_component id="oc-39">
         <name>.text:CoilControl_ButtonLowISR</name>
         <load_address>0x8275d</load_address>
         <readonly>true</readonly>
         <executable>true</executable>
         <run_address>0x8275d</run_address>
         <size>0x53</size>
         <alignment>0x1</alignment>
         <input_file_ref idref="fl-6"/>
      </object_component>
      <object_component id="oc-1c7">
         <name>.text:EPWM_isBaseValid</name>
         <load_address>0x827b0</load_address>
         <readonly>true</readonly>
         <executable>true</executable>
         <run_address>0x827b0</run_address>
         <size>0x53</size>
         <alignment>0x1</alignment>
         <input_file_ref idref="fl-6"/>
      </object_component>
      <object_component id="oc-1de">
         <name>.text:EPWM_isBaseValid</name>
         <load_address>0x82803</load_address>
         <readonly>true</readonly>
         <executable>true</executable>
         <run_address>0x82803</run_address>
         <size>0x53</size>
         <alignment>0x1</alignment>
         <input_file_ref idref="fl-1b"/>
      </object_component>
      <object_component id="oc-5ee">
         <name>.text:EPWM_isBaseValid</name>
         <load_address>0x82856</load_address>
         <readonly>true</readonly>
         <executable>true</executable>
         <run_address>0x82856</run_address>
         <size>0x53</size>
         <alignment>0x1</alignment>
         <input_file_ref idref="fl-8"/>
      </object_component>
      <object_component id="oc-126">
         <name>.text:GPIO_setPadConfig</name>
         <load_address>0x828a9</load_address>
         <readonly>true</readonly>
         <executable>true</executable>
         <run_address>0x828a9</run_address>
         <size>0x52</size>
         <alignment>0x1</alignment>
         <input_file_ref idref="fl-1d"/>
      </object_component>
      <object_component id="oc-4c6">
         <name>.text:CMPSS_configFilterHigh</name>
         <load_address>0x828fb</load_address>
         <readonly>true</readonly>
         <executable>true</executable>
         <run_address>0x828fb</run_address>
         <size>0x50</size>
         <alignment>0x1</alignment>
         <input_file_ref idref="fl-18"/>
      </object_component>
      <object_component id="oc-43f">
         <name>.text:ADC_setVREF</name>
         <load_address>0x8294b</load_address>
         <readonly>true</readonly>
         <executable>true</executable>
         <run_address>0x8294b</run_address>
         <size>0x49</size>
         <alignment>0x1</alignment>
         <input_file_ref idref="fl-17"/>
      </object_component>
      <object_component id="oc-4fa">
         <name>.text:ADCTest_Run</name>
         <load_address>0x82994</load_address>
         <readonly>true</readonly>
         <executable>true</executable>
         <run_address>0x82994</run_address>
         <size>0x47</size>
         <alignment>0x1</alignment>
         <input_file_ref idref="fl-2"/>
      </object_component>
      <object_component id="oc-332">
         <name>.text:Device_init</name>
         <load_address>0x829db</load_address>
         <readonly>true</readonly>
         <executable>true</executable>
         <run_address>0x829db</run_address>
         <size>0x47</size>
         <alignment>0x1</alignment>
         <input_file_ref idref="fl-f"/>
      </object_component>
      <object_component id="oc-585">
         <name>.text:SysCtl_selectOscSource</name>
         <load_address>0x82a22</load_address>
         <readonly>true</readonly>
         <executable>true</executable>
         <run_address>0x82a22</run_address>
         <size>0x47</size>
         <alignment>0x1</alignment>
         <input_file_ref idref="fl-20"/>
      </object_component>
      <object_component id="oc-636">
         <name>.text:ADC_setupSOC</name>
         <load_address>0x82a69</load_address>
         <readonly>true</readonly>
         <executable>true</executable>
         <run_address>0x82a69</run_address>
         <size>0x46</size>
         <alignment>0x1</alignment>
         <input_file_ref idref="fl-2"/>
      </object_component>
      <object_component id="oc-684">
         <name>.text:SysCtl_selectXTAL</name>
         <load_address>0x82aaf</load_address>
         <readonly>true</readonly>
         <executable>true</executable>
         <run_address>0x82aaf</run_address>
         <size>0x46</size>
         <alignment>0x1</alignment>
         <input_file_ref idref="fl-20"/>
      </object_component>
      <object_component id="oc-34a">
         <name>.text:ADCTest_Init</name>
         <load_address>0x82af5</load_address>
         <readonly>true</readonly>
         <executable>true</executable>
         <run_address>0x82af5</run_address>
         <size>0x43</size>
         <alignment>0x1</alignment>
         <input_file_ref idref="fl-2"/>
      </object_component>
      <object_component id="oc-49e">
         <name>.text:EPWM_setActionQualifierAction</name>
         <load_address>0x82b38</load_address>
         <readonly>true</readonly>
         <executable>true</executable>
         <run_address>0x82b38</run_address>
         <size>0x40</size>
         <alignment>0x1</alignment>
         <input_file_ref idref="fl-8"/>
      </object_component>
      <object_component id="oc-730">
         <name>.text:SysCtl_pollX1Counter</name>
         <load_address>0x82b78</load_address>
         <readonly>true</readonly>
         <executable>true</executable>
         <run_address>0x82b78</run_address>
         <size>0x40</size>
         <alignment>0x1</alignment>
         <input_file_ref idref="fl-20"/>
      </object_component>
      <object_component id="oc-350">
         <name>.text:Fan_Init</name>
         <load_address>0x82bb8</load_address>
         <readonly>true</readonly>
         <executable>true</executable>
         <run_address>0x82bb8</run_address>
         <size>0x3d</size>
         <alignment>0x1</alignment>
         <input_file_ref idref="fl-8"/>
      </object_component>
      <object_component id="oc-33e">
         <name>.text:Interrupt_initModule</name>
         <load_address>0x82bf5</load_address>
         <readonly>true</readonly>
         <executable>true</executable>
         <run_address>0x82bf5</run_address>
         <size>0x3d</size>
         <alignment>0x1</alignment>
         <input_file_ref idref="fl-1e"/>
      </object_component>
      <object_component id="oc-344">
         <name>.text:UART_init</name>
         <load_address>0x82c32</load_address>
         <readonly>true</readonly>
         <executable>true</executable>
         <run_address>0x82c32</run_address>
         <size>0x3c</size>
         <alignment>0x1</alignment>
         <input_file_ref idref="fl-e"/>
      </object_component>
      <object_component id="oc-4a8">
         <name>.text:ASysCtl_selectCMPHPMux</name>
         <load_address>0x82c6e</load_address>
         <readonly>true</readonly>
         <executable>true</executable>
         <run_address>0x82c6e</run_address>
         <size>0x37</size>
         <alignment>0x1</alignment>
         <input_file_ref idref="fl-7"/>
      </object_component>
      <object_component id="oc-2ae">
         <name>.text:CMPSS_isBaseValid</name>
         <load_address>0x82ca5</load_address>
         <readonly>true</readonly>
         <executable>true</executable>
         <run_address>0x82ca5</run_address>
         <size>0x37</size>
         <alignment>0x1</alignment>
         <input_file_ref idref="fl-7"/>
      </object_component>
      <object_component id="oc-609">
         <name>.text:CMPSS_isBaseValid</name>
         <load_address>0x82cdc</load_address>
         <readonly>true</readonly>
         <executable>true</executable>
         <run_address>0x82cdc</run_address>
         <size>0x37</size>
         <alignment>0x1</alignment>
         <input_file_ref idref="fl-18"/>
      </object_component>
      <object_component id="oc-e4">
         <name>.text:EPWM_setFallingEdgeDeadBandDelayInput</name>
         <load_address>0x82d13</load_address>
         <readonly>true</readonly>
         <executable>true</executable>
         <run_address>0x82d13</run_address>
         <size>0x37</size>
         <alignment>0x1</alignment>
         <input_file_ref idref="fl-6"/>
      </object_component>
      <object_component id="oc-205">
         <name>.text:GPIO_setInterruptPin</name>
         <load_address>0x82d4a</load_address>
         <readonly>true</readonly>
         <executable>true</executable>
         <run_address>0x82d4a</run_address>
         <size>0x37</size>
         <alignment>0x1</alignment>
         <input_file_ref idref="fl-1d"/>
      </object_component>
      <object_component id="oc-a8">
         <name>.text:GPIO_setPinConfig</name>
         <load_address>0x82d81</load_address>
         <readonly>true</readonly>
         <executable>true</executable>
         <run_address>0x82d81</run_address>
         <size>0x37</size>
         <alignment>0x1</alignment>
         <input_file_ref idref="fl-1d"/>
      </object_component>
      <object_component id="oc-1ff">
         <name>.text:GPIO_setQualificationMode</name>
         <load_address>0x82db8</load_address>
         <readonly>true</readonly>
         <executable>true</executable>
         <run_address>0x82db8</run_address>
         <size>0x37</size>
         <alignment>0x1</alignment>
         <input_file_ref idref="fl-1d"/>
      </object_component>
      <object_component id="oc-168">
         <name>.text:Interrupt_enable</name>
         <load_address>0x82def</load_address>
         <readonly>true</readonly>
         <executable>true</executable>
         <run_address>0x82def</run_address>
         <size>0x37</size>
         <alignment>0x1</alignment>
         <input_file_ref idref="fl-1e"/>
      </object_component>
      <object_component id="oc-120">
         <name>.text:GPIO_setDirectionMode</name>
         <load_address>0x82e26</load_address>
         <readonly>true</readonly>
         <executable>true</executable>
         <run_address>0x82e26</run_address>
         <size>0x31</size>
         <alignment>0x1</alignment>
         <input_file_ref idref="fl-1d"/>
      </object_component>
      <object_component id="oc-132">
         <name>.text:applyStateOutputs</name>
         <load_address>0x82e57</load_address>
         <readonly>true</readonly>
         <executable>true</executable>
         <run_address>0x82e57</run_address>
         <size>0x31</size>
         <alignment>0x1</alignment>
         <input_file_ref idref="fl-6"/>
      </object_component>
      <object_component id="oc-38d">
         <name>.text</name>
         <load_address>0x82e88</load_address>
         <readonly>true</readonly>
         <executable>true</executable>
         <run_address>0x82e88</run_address>
         <size>0x31</size>
         <alignment>0x1</alignment>
         <input_file_ref idref="fl-39"/>
      </object_component>
      <object_component id="oc-797">
         <name>.text</name>
         <load_address>0x82eb9</load_address>
         <readonly>true</readonly>
         <executable>true</executable>
         <run_address>0x82eb9</run_address>
         <size>0x30</size>
         <alignment>0x1</alignment>
         <input_file_ref idref="fl-45"/>
      </object_component>
      <object_component id="oc-466">
         <name>.text:ADC_setInterruptSource</name>
         <load_address>0x82ee9</load_address>
         <readonly>true</readonly>
         <executable>true</executable>
         <run_address>0x82ee9</run_address>
         <size>0x2f</size>
         <alignment>0x1</alignment>
         <input_file_ref idref="fl-2"/>
      </object_component>
      <object_component id="oc-15">
         <name>.text:decompress:lzss</name>
         <load_address>0x82f18</load_address>
         <readonly>true</readonly>
         <executable>true</executable>
         <run_address>0x82f18</run_address>
         <size>0x2e</size>
         <alignment>0x1</alignment>
         <input_file_ref idref="fl-35"/>
      </object_component>
      <object_component id="oc-1f2">
         <name>.text:EPWM_setActionQualifierContSWForceAction</name>
         <load_address>0x82f46</load_address>
         <readonly>true</readonly>
         <executable>true</executable>
         <run_address>0x82f46</run_address>
         <size>0x2c</size>
         <alignment>0x1</alignment>
         <input_file_ref idref="fl-6"/>
      </object_component>
      <object_component id="oc-ea">
         <name>.text:EPWM_setDeadBandDelayMode</name>
         <load_address>0x82f72</load_address>
         <readonly>true</readonly>
         <executable>true</executable>
         <run_address>0x82f72</run_address>
         <size>0x2c</size>
         <alignment>0x1</alignment>
         <input_file_ref idref="fl-6"/>
      </object_component>
      <object_component id="oc-2be">
         <name>.text:__TI_auto_init_nobinit_nopinit</name>
         <load_address>0x82f9e</load_address>
         <readonly>true</readonly>
         <executable>true</executable>
         <run_address>0x82f9e</run_address>
         <size>0x2b</size>
         <alignment>0x1</alignment>
         <input_file_ref idref="fl-32"/>
      </object_component>
      <object_component id="oc-36e">
         <name>.text:UART_readLine</name>
         <load_address>0x82fc9</load_address>
         <readonly>true</readonly>
         <executable>true</executable>
         <run_address>0x82fc9</run_address>
         <size>0x2a</size>
         <alignment>0x1</alignment>
         <input_file_ref idref="fl-e"/>
      </object_component>
      <object_component id="oc-29a">
         <name>.text:XBAR_setInputPin</name>
         <load_address>0x82ff3</load_address>
         <readonly>true</readonly>
         <executable>true</executable>
         <run_address>0x82ff3</run_address>
         <size>0x2a</size>
         <alignment>0x1</alignment>
         <input_file_ref idref="fl-1d"/>
      </object_component>
      <object_component id="oc-7bc">
         <name>.text</name>
         <load_address>0x8301d</load_address>
         <readonly>true</readonly>
         <executable>true</executable>
         <run_address>0x8301d</run_address>
         <size>0x2a</size>
         <alignment>0x1</alignment>
         <input_file_ref idref="fl-4d"/>
      </object_component>
      <object_component id="oc-4f4">
         <name>.text:GPIOTest_RunOutput</name>
         <load_address>0x83047</load_address>
         <readonly>true</readonly>
         <executable>true</executable>
         <run_address>0x83047</run_address>
         <size>0x29</size>
         <alignment>0x1</alignment>
         <input_file_ref idref="fl-9"/>
      </object_component>
      <object_component id="oc-500">
         <name>.text:LEDTest_Run</name>
         <load_address>0x83070</load_address>
         <readonly>true</readonly>
         <executable>true</executable>
         <run_address>0x83070</run_address>
         <size>0x29</size>
         <alignment>0x1</alignment>
         <input_file_ref idref="fl-a"/>
      </object_component>
      <object_component id="oc-3c9">
         <name>.text:UART_sendCoilStatus</name>
         <load_address>0x83099</load_address>
         <readonly>true</readonly>
         <executable>true</executable>
         <run_address>0x83099</run_address>
         <size>0x29</size>
         <alignment>0x1</alignment>
         <input_file_ref idref="fl-e"/>
      </object_component>
      <object_component id="oc-268">
         <name>.text</name>
         <load_address>0x830c2</load_address>
         <readonly>true</readonly>
         <executable>true</executable>
         <run_address>0x830c2</run_address>
         <size>0x29</size>
         <alignment>0x1</alignment>
         <input_file_ref idref="fl-36"/>
      </object_component>
      <object_component id="oc-362">
         <name>.text:CurrentProtect_Init</name>
         <load_address>0x830eb</load_address>
         <readonly>true</readonly>
         <executable>true</executable>
         <run_address>0x830eb</run_address>
         <size>0x28</size>
         <alignment>0x1</alignment>
         <input_file_ref idref="fl-7"/>
      </object_component>
      <object_component id="oc-5ab">
         <name>.text:UART_disableModule</name>
         <load_address>0x83113</load_address>
         <readonly>true</readonly>
         <executable>true</executable>
         <run_address>0x83113</run_address>
         <size>0x28</size>
         <alignment>0x1</alignment>
         <input_file_ref idref="fl-21"/>
      </object_component>
      <object_component id="oc-7c5">
         <name>.text</name>
         <load_address>0x8313b</load_address>
         <readonly>true</readonly>
         <executable>true</executable>
         <run_address>0x8313b</run_address>
         <size>0x28</size>
         <alignment>0x1</alignment>
         <input_file_ref idref="fl-4e"/>
      </object_component>
      <object_component id="oc-de">
         <name>.text:EPWM_setRisingEdgeDeadBandDelayInput</name>
         <load_address>0x83163</load_address>
         <readonly>true</readonly>
         <executable>true</executable>
         <run_address>0x83163</run_address>
         <size>0x27</size>
         <alignment>0x1</alignment>
         <input_file_ref idref="fl-6"/>
      </object_component>
      <object_component id="oc-50c">
         <name>.text:UART_sendTestResult</name>
         <load_address>0x8318a</load_address>
         <readonly>true</readonly>
         <executable>true</executable>
         <run_address>0x8318a</run_address>
         <size>0x26</size>
         <alignment>0x1</alignment>
         <input_file_ref idref="fl-e"/>
      </object_component>
      <object_component id="oc-1b3">
         <name>.text:GPIO_writePin</name>
         <load_address>0x831b0</load_address>
         <readonly>true</readonly>
         <executable>true</executable>
         <run_address>0x831b0</run_address>
         <size>0x25</size>
         <alignment>0x1</alignment>
         <input_file_ref idref="fl-3"/>
      </object_component>
      <object_component id="oc-12c">
         <name>.text:GPIO_writePin</name>
         <load_address>0x831d5</load_address>
         <readonly>true</readonly>
         <executable>true</executable>
         <run_address>0x831d5</run_address>
         <size>0x25</size>
         <alignment>0x1</alignment>
         <input_file_ref idref="fl-6"/>
      </object_component>
      <object_component id="oc-62f">
         <name>.text:GPIO_writePin</name>
         <load_address>0x831fa</load_address>
         <readonly>true</readonly>
         <executable>true</executable>
         <run_address>0x831fa</run_address>
         <size>0x25</size>
         <alignment>0x1</alignment>
         <input_file_ref idref="fl-9"/>
      </object_component>
      <object_component id="oc-655">
         <name>.text:GPIO_writePin</name>
         <load_address>0x8321f</load_address>
         <readonly>true</readonly>
         <executable>true</executable>
         <run_address>0x8321f</run_address>
         <size>0x25</size>
         <alignment>0x1</alignment>
         <input_file_ref idref="fl-a"/>
      </object_component>
      <object_component id="oc-291">
         <name>.text:GPIO_writePin</name>
         <load_address>0x83244</load_address>
         <readonly>true</readonly>
         <executable>true</executable>
         <run_address>0x83244</run_address>
         <size>0x25</size>
         <alignment>0x1</alignment>
         <input_file_ref idref="fl-c"/>
      </object_component>
      <object_component id="oc-68a">
         <name>.text:SysCtl_selectXTALSingleEnded</name>
         <load_address>0x83269</load_address>
         <readonly>true</readonly>
         <executable>true</executable>
         <run_address>0x83269</run_address>
         <size>0x25</size>
         <alignment>0x1</alignment>
         <input_file_ref idref="fl-20"/>
      </object_component>
      <object_component id="oc-6cd">
         <name>.text:DCC_enableSingleShotMode</name>
         <load_address>0x8328e</load_address>
         <readonly>true</readonly>
         <executable>true</executable>
         <run_address>0x8328e</run_address>
         <size>0x24</size>
         <alignment>0x1</alignment>
         <input_file_ref idref="fl-20"/>
      </object_component>
      <object_component id="oc-338">
         <name>.text:Device_initGPIO</name>
         <load_address>0x832b2</load_address>
         <readonly>true</readonly>
         <executable>true</executable>
         <run_address>0x832b2</run_address>
         <size>0x24</size>
         <alignment>0x1</alignment>
         <input_file_ref idref="fl-f"/>
      </object_component>
      <object_component id="oc-10e">
         <name>.text:EPWM_disableCounterCompareShadowLoadMode</name>
         <load_address>0x832d6</load_address>
         <readonly>true</readonly>
         <executable>true</executable>
         <run_address>0x832d6</run_address>
         <size>0x24</size>
         <alignment>0x1</alignment>
         <input_file_ref idref="fl-6"/>
      </object_component>
      <object_component id="oc-f0">
         <name>.text:EPWM_setDeadBandDelayPolarity</name>
         <load_address>0x832fa</load_address>
         <readonly>true</readonly>
         <executable>true</executable>
         <run_address>0x832fa</run_address>
         <size>0x24</size>
         <alignment>0x1</alignment>
         <input_file_ref idref="fl-6"/>
      </object_component>
      <object_component id="oc-138">
         <name>.text:setupButtonInput</name>
         <load_address>0x8331e</load_address>
         <readonly>true</readonly>
         <executable>true</executable>
         <run_address>0x8331e</run_address>
         <size>0x24</size>
         <alignment>0x1</alignment>
         <input_file_ref idref="fl-6"/>
      </object_component>
      <object_component id="oc-310">
         <name>.text:XBAR_isBaseValid</name>
         <load_address>0x83342</load_address>
         <readonly>true</readonly>
         <executable>true</executable>
         <run_address>0x83342</run_address>
         <size>0x23</size>
         <alignment>0x1</alignment>
         <input_file_ref idref="fl-1d"/>
      </object_component>
      <object_component id="oc-d2">
         <name>.text:EPWM_setCounterCompareValue</name>
         <load_address>0x83365</load_address>
         <readonly>true</readonly>
         <executable>true</executable>
         <run_address>0x83365</run_address>
         <size>0x22</size>
         <alignment>0x1</alignment>
         <input_file_ref idref="fl-6"/>
      </object_component>
      <object_component id="oc-498">
         <name>.text:EPWM_setCounterCompareValue</name>
         <load_address>0x83387</load_address>
         <readonly>true</readonly>
         <executable>true</executable>
         <run_address>0x83387</run_address>
         <size>0x22</size>
         <alignment>0x1</alignment>
         <input_file_ref idref="fl-8"/>
      </object_component>
      <object_component id="oc-11a">
         <name>.text:EPWM_setTripZoneAction</name>
         <load_address>0x833a9</load_address>
         <readonly>true</readonly>
         <executable>true</executable>
         <run_address>0x833a9</run_address>
         <size>0x22</size>
         <alignment>0x1</alignment>
         <input_file_ref idref="fl-6"/>
      </object_component>
      <object_component id="oc-46c">
         <name>.text:ADC_enableInterrupt</name>
         <load_address>0x833cb</load_address>
         <readonly>true</readonly>
         <executable>true</executable>
         <run_address>0x833cb</run_address>
         <size>0x20</size>
         <alignment>0x1</alignment>
         <input_file_ref idref="fl-2"/>
      </object_component>
      <object_component id="oc-72">
         <name>.text</name>
         <load_address>0x833eb</load_address>
         <readonly>true</readonly>
         <executable>true</executable>
         <run_address>0x833eb</run_address>
         <size>0x20</size>
         <alignment>0x1</alignment>
         <input_file_ref idref="fl-30"/>
      </object_component>
      <object_component id="oc-564">
         <name>.text:Flash_writeTrims</name>
         <load_address>0x8340b</load_address>
         <readonly>true</readonly>
         <executable>true</executable>
         <run_address>0x8340b</run_address>
         <size>0x1f</size>
         <alignment>0x1</alignment>
         <input_file_ref idref="fl-1c"/>
      </object_component>
      <object_component id="oc-6bb">
         <name>.text:DCC_setCounter0ClkSource</name>
         <load_address>0x8342a</load_address>
         <readonly>true</readonly>
         <executable>true</executable>
         <run_address>0x8342a</run_address>
         <size>0x1e</size>
         <alignment>0x1</alignment>
         <input_file_ref idref="fl-20"/>
      </object_component>
      <object_component id="oc-6c1">
         <name>.text:DCC_setCounter1ClkSource</name>
         <load_address>0x83448</load_address>
         <readonly>true</readonly>
         <executable>true</executable>
         <run_address>0x83448</run_address>
         <size>0x1e</size>
         <alignment>0x1</alignment>
         <input_file_ref idref="fl-20"/>
      </object_component>
      <object_component id="oc-ba">
         <name>.text:EPWM_setPhaseShift</name>
         <load_address>0x83466</load_address>
         <readonly>true</readonly>
         <executable>true</executable>
         <run_address>0x83466</run_address>
         <size>0x1e</size>
         <alignment>0x1</alignment>
         <input_file_ref idref="fl-6"/>
      </object_component>
      <object_component id="oc-4ee">
         <name>.text:GPIOTest_RunInput</name>
         <load_address>0x83484</load_address>
         <readonly>true</readonly>
         <executable>true</executable>
         <run_address>0x83484</run_address>
         <size>0x1e</size>
         <alignment>0x1</alignment>
         <input_file_ref idref="fl-9"/>
      </object_component>
      <object_component id="oc-8d">
         <name>.text:GPIO_readPin</name>
         <load_address>0x834a2</load_address>
         <readonly>true</readonly>
         <executable>true</executable>
         <run_address>0x834a2</run_address>
         <size>0x1e</size>
         <alignment>0x1</alignment>
         <input_file_ref idref="fl-6"/>
      </object_component>
      <object_component id="oc-627">
         <name>.text:GPIO_readPin</name>
         <load_address>0x834c0</load_address>
         <readonly>true</readonly>
         <executable>true</executable>
         <run_address>0x834c0</run_address>
         <size>0x1e</size>
         <alignment>0x1</alignment>
         <input_file_ref idref="fl-9"/>
      </object_component>
      <object_component id="oc-65b">
         <name>.text:GPIO_readPin</name>
         <load_address>0x834de</load_address>
         <readonly>true</readonly>
         <executable>true</executable>
         <run_address>0x834de</run_address>
         <size>0x1e</size>
         <alignment>0x1</alignment>
         <input_file_ref idref="fl-a"/>
      </object_component>
      <object_component id="oc-52">
         <name>.text:Interrupt_initVectorTable</name>
         <load_address>0x834fc</load_address>
         <readonly>true</readonly>
         <executable>true</executable>
         <run_address>0x834fc</run_address>
         <size>0x1e</size>
         <alignment>0x1</alignment>
         <input_file_ref idref="fl-1e"/>
      </object_component>
      <object_component id="oc-3d5">
         <name>.text:UART_sendButtonStatus</name>
         <load_address>0x8351a</load_address>
         <readonly>true</readonly>
         <executable>true</executable>
         <run_address>0x8351a</run_address>
         <size>0x1e</size>
         <alignment>0x1</alignment>
         <input_file_ref idref="fl-e"/>
      </object_component>
      <object_component id="oc-512">
         <name>.text:UART_sendOverallResult</name>
         <load_address>0x83538</load_address>
         <readonly>true</readonly>
         <executable>true</executable>
         <run_address>0x83538</run_address>
         <size>0x1e</size>
         <alignment>0x1</alignment>
         <input_file_ref idref="fl-e"/>
      </object_component>
      <object_component id="oc-765">
         <name>.text</name>
         <load_address>0x83556</load_address>
         <readonly>true</readonly>
         <executable>true</executable>
         <run_address>0x83556</run_address>
         <size>0x1e</size>
         <alignment>0x1</alignment>
         <input_file_ref idref="fl-41"/>
      </object_component>
      <object_component id="oc-642">
         <name>.text:ADC_getInterruptStatus</name>
         <load_address>0x83574</load_address>
         <readonly>true</readonly>
         <executable>true</executable>
         <run_address>0x83574</run_address>
         <size>0x1d</size>
         <alignment>0x1</alignment>
         <input_file_ref idref="fl-2"/>
      </object_component>
      <object_component id="oc-454">
         <name>.text:ADC_setMode</name>
         <load_address>0x83591</load_address>
         <readonly>true</readonly>
         <executable>true</executable>
         <run_address>0x83591</run_address>
         <size>0x1d</size>
         <alignment>0x1</alignment>
         <input_file_ref idref="fl-17"/>
      </object_component>
      <object_component id="oc-4cc">
         <name>.text:CMPSS_setHysteresis</name>
         <load_address>0x835ae</load_address>
         <readonly>true</readonly>
         <executable>true</executable>
         <run_address>0x835ae</run_address>
         <size>0x1d</size>
         <alignment>0x1</alignment>
         <input_file_ref idref="fl-7"/>
      </object_component>
      <object_component id="oc-fc">
         <name>.text:EPWM_setFallingEdgeDelayCount</name>
         <load_address>0x835cb</load_address>
         <readonly>true</readonly>
         <executable>true</executable>
         <run_address>0x835cb</run_address>
         <size>0x1d</size>
         <alignment>0x1</alignment>
         <input_file_ref idref="fl-6"/>
      </object_component>
      <object_component id="oc-f6">
         <name>.text:EPWM_setRisingEdgeDelayCount</name>
         <load_address>0x835e8</load_address>
         <readonly>true</readonly>
         <executable>true</executable>
         <run_address>0x835e8</run_address>
         <size>0x1d</size>
         <alignment>0x1</alignment>
         <input_file_ref idref="fl-6"/>
      </object_component>
      <object_component id="oc-506">
         <name>.text:TypeToString</name>
         <load_address>0x83605</load_address>
         <readonly>true</readonly>
         <executable>true</executable>
         <run_address>0x83605</run_address>
         <size>0x1d</size>
         <alignment>0x1</alignment>
         <input_file_ref idref="fl-d"/>
      </object_component>
      <object_component id="oc-cc">
         <name>.text:EPWM_setClockPrescaler</name>
         <load_address>0x83622</load_address>
         <readonly>true</readonly>
         <executable>true</executable>
         <run_address>0x83622</run_address>
         <size>0x1c</size>
         <alignment>0x1</alignment>
         <input_file_ref idref="fl-6"/>
      </object_component>
      <object_component id="oc-480">
         <name>.text:EPWM_setClockPrescaler</name>
         <load_address>0x8363e</load_address>
         <readonly>true</readonly>
         <executable>true</executable>
         <run_address>0x8363e</run_address>
         <size>0x1c</size>
         <alignment>0x1</alignment>
         <input_file_ref idref="fl-8"/>
      </object_component>
      <object_component id="oc-602">
         <name>.text:CMPSS_setDACValueHigh</name>
         <load_address>0x8365a</load_address>
         <readonly>true</readonly>
         <executable>true</executable>
         <run_address>0x8365a</run_address>
         <size>0x1b</size>
         <alignment>0x1</alignment>
         <input_file_ref idref="fl-7"/>
      </object_component>
      <object_component id="oc-5b1">
         <name>.text:UART_enableModule</name>
         <load_address>0x83675</load_address>
         <readonly>true</readonly>
         <executable>true</executable>
         <run_address>0x83675</run_address>
         <size>0x1b</size>
         <alignment>0x1</alignment>
         <input_file_ref idref="fl-21"/>
      </object_component>
      <object_component id="oc-437">
         <name>.text:UART_enableModule</name>
         <load_address>0x83690</load_address>
         <readonly>true</readonly>
         <executable>true</executable>
         <run_address>0x83690</run_address>
         <size>0x1b</size>
         <alignment>0x1</alignment>
         <input_file_ref idref="fl-e"/>
      </object_component>
      <object_component id="oc-619">
         <name>.text:UART_writeChar</name>
         <load_address>0x836ab</load_address>
         <readonly>true</readonly>
         <executable>true</executable>
         <run_address>0x836ab</run_address>
         <size>0x1b</size>
         <alignment>0x1</alignment>
         <input_file_ref idref="fl-e"/>
      </object_component>
      <object_component id="oc-64e">
         <name>.text:ADC_readResult</name>
         <load_address>0x836c6</load_address>
         <readonly>true</readonly>
         <executable>true</executable>
         <run_address>0x836c6</run_address>
         <size>0x1a</size>
         <alignment>0x1</alignment>
         <input_file_ref idref="fl-2"/>
      </object_component>
      <object_component id="oc-16e">
         <name>.text:CPUTimer_startTimer</name>
         <load_address>0x836e0</load_address>
         <readonly>true</readonly>
         <executable>true</executable>
         <run_address>0x836e0</run_address>
         <size>0x1a</size>
         <alignment>0x1</alignment>
         <input_file_ref idref="fl-6"/>
      </object_component>
      <object_component id="oc-740">
         <name>.text:DCC_isBaseValid</name>
         <load_address>0x836fa</load_address>
         <readonly>true</readonly>
         <executable>true</executable>
         <run_address>0x836fa</run_address>
         <size>0x1a</size>
         <alignment>0x1</alignment>
         <input_file_ref idref="fl-20"/>
      </object_component>
      <object_component id="oc-416">
         <name>.text:SysCtl_getLowSpeedClock</name>
         <load_address>0x83714</load_address>
         <readonly>true</readonly>
         <executable>true</executable>
         <run_address>0x83714</run_address>
         <size>0x1a</size>
         <alignment>0x1</alignment>
         <input_file_ref idref="fl-20"/>
      </object_component>
      <object_component id="oc-108">
         <name>.text:EPWM_setCountModeAfterSync</name>
         <load_address>0x8372e</load_address>
         <readonly>true</readonly>
         <executable>true</executable>
         <run_address>0x8372e</run_address>
         <size>0x19</size>
         <alignment>0x1</alignment>
         <input_file_ref idref="fl-6"/>
      </object_component>
      <object_component id="oc-58b">
         <name>.text:SysCtl_setPLLSysClk</name>
         <load_address>0x83747</load_address>
         <readonly>true</readonly>
         <executable>true</executable>
         <run_address>0x83747</run_address>
         <size>0x19</size>
         <alignment>0x1</alignment>
         <input_file_ref idref="fl-20"/>
      </object_component>
      <object_component id="oc-4db">
         <name>.text:UART_readChar</name>
         <load_address>0x83760</load_address>
         <readonly>true</readonly>
         <executable>true</executable>
         <run_address>0x83760</run_address>
         <size>0x19</size>
         <alignment>0x1</alignment>
         <input_file_ref idref="fl-e"/>
      </object_component>
      <object_component id="oc-19f">
         <name>.text</name>
         <load_address>0x83779</load_address>
         <readonly>true</readonly>
         <executable>true</executable>
         <run_address>0x83779</run_address>
         <size>0x19</size>
         <alignment>0x1</alignment>
         <input_file_ref idref="fl-2e"/>
      </object_component>
      <object_component id="oc-ae">
         <name>.text:EPWM_setPeriodLoadMode</name>
         <load_address>0x83792</load_address>
         <readonly>true</readonly>
         <executable>true</executable>
         <run_address>0x83792</run_address>
         <size>0x18</size>
         <alignment>0x1</alignment>
         <input_file_ref idref="fl-6"/>
      </object_component>
      <object_component id="oc-393">
         <name>.text:Fan_SetDutyPercent</name>
         <load_address>0x837aa</load_address>
         <readonly>true</readonly>
         <executable>true</executable>
         <run_address>0x837aa</run_address>
         <size>0x18</size>
         <alignment>0x1</alignment>
         <input_file_ref idref="fl-8"/>
      </object_component>
      <object_component id="oc-47a">
         <name>.text:SysCtl_disablePeripheral</name>
         <load_address>0x837c2</load_address>
         <readonly>true</readonly>
         <executable>true</executable>
         <run_address>0x837c2</run_address>
         <size>0x18</size>
         <alignment>0x1</alignment>
         <input_file_ref idref="fl-8"/>
      </object_component>
      <object_component id="oc-4e4">
         <name>.text:UART_sendBegin</name>
         <load_address>0x837da</load_address>
         <readonly>true</readonly>
         <executable>true</executable>
         <run_address>0x837da</run_address>
         <size>0x18</size>
         <alignment>0x1</alignment>
         <input_file_ref idref="fl-e"/>
      </object_component>
      <object_component id="oc-399">
         <name>.text:UART_sendFanAck</name>
         <load_address>0x837f2</load_address>
         <readonly>true</readonly>
         <executable>true</executable>
         <run_address>0x837f2</run_address>
         <size>0x18</size>
         <alignment>0x1</alignment>
         <input_file_ref idref="fl-e"/>
      </object_component>
      <object_component id="oc-3a5">
         <name>.text:UART_sendRelayAck</name>
         <load_address>0x8380a</load_address>
         <readonly>true</readonly>
         <executable>true</executable>
         <run_address>0x8380a</run_address>
         <size>0x18</size>
         <alignment>0x1</alignment>
         <input_file_ref idref="fl-e"/>
      </object_component>
      <object_component id="oc-3bd">
         <name>.text:coilHeatModeToString</name>
         <load_address>0x83822</load_address>
         <readonly>true</readonly>
         <executable>true</executable>
         <run_address>0x83822</run_address>
         <size>0x18</size>
         <alignment>0x1</alignment>
         <input_file_ref idref="fl-b"/>
      </object_component>
      <object_component id="oc-3b1">
         <name>.text:coilStateToString</name>
         <load_address>0x8383a</load_address>
         <readonly>true</readonly>
         <executable>true</executable>
         <run_address>0x8383a</run_address>
         <size>0x18</size>
         <alignment>0x1</alignment>
         <input_file_ref idref="fl-b"/>
      </object_component>
      <object_component id="oc-76f">
         <name>.text</name>
         <load_address>0x83852</load_address>
         <readonly>true</readonly>
         <executable>true</executable>
         <run_address>0x83852</run_address>
         <size>0x18</size>
         <alignment>0x1</alignment>
         <input_file_ref idref="fl-40"/>
      </object_component>
      <object_component id="oc-63c">
         <name>.text:ADC_forceSOC</name>
         <load_address>0x8386a</load_address>
         <readonly>true</readonly>
         <executable>true</executable>
         <run_address>0x8386a</run_address>
         <size>0x17</size>
         <alignment>0x1</alignment>
         <input_file_ref idref="fl-2"/>
      </object_component>
      <object_component id="oc-5d0">
         <name>.text:ADC_isBaseValid</name>
         <load_address>0x83881</load_address>
         <readonly>true</readonly>
         <executable>true</executable>
         <run_address>0x83881</run_address>
         <size>0x17</size>
         <alignment>0x1</alignment>
         <input_file_ref idref="fl-2"/>
      </object_component>
      <object_component id="oc-5c4">
         <name>.text:ADC_isBaseValid</name>
         <load_address>0x83898</load_address>
         <readonly>true</readonly>
         <executable>true</executable>
         <run_address>0x83898</run_address>
         <size>0x17</size>
         <alignment>0x1</alignment>
         <input_file_ref idref="fl-17"/>
      </object_component>
      <object_component id="oc-218">
         <name>.text:CPUTimer_isBaseValid</name>
         <load_address>0x838af</load_address>
         <readonly>true</readonly>
         <executable>true</executable>
         <run_address>0x838af</run_address>
         <size>0x17</size>
         <alignment>0x1</alignment>
         <input_file_ref idref="fl-6"/>
      </object_component>
      <object_component id="oc-222">
         <name>.text:CPUTimer_isBaseValid</name>
         <load_address>0x838c6</load_address>
         <readonly>true</readonly>
         <executable>true</executable>
         <run_address>0x838c6</run_address>
         <size>0x17</size>
         <alignment>0x1</alignment>
         <input_file_ref idref="fl-19"/>
      </object_component>
      <object_component id="oc-144">
         <name>.text:CPUTimer_setPreScaler</name>
         <load_address>0x838dd</load_address>
         <readonly>true</readonly>
         <executable>true</executable>
         <run_address>0x838dd</run_address>
         <size>0x17</size>
         <alignment>0x1</alignment>
         <input_file_ref idref="fl-6"/>
      </object_component>
      <object_component id="oc-d8">
         <name>.text:EPWM_setActionQualifierActionComplete</name>
         <load_address>0x838f4</load_address>
         <readonly>true</readonly>
         <executable>true</executable>
         <run_address>0x838f4</run_address>
         <size>0x17</size>
         <alignment>0x1</alignment>
         <input_file_ref idref="fl-6"/>
      </object_component>
      <object_component id="oc-59c">
         <name>.text:SysCtl_enablePeripheral</name>
         <load_address>0x8390b</load_address>
         <readonly>true</readonly>
         <executable>true</executable>
         <run_address>0x8390b</run_address>
         <size>0x17</size>
         <alignment>0x1</alignment>
         <input_file_ref idref="fl-f"/>
      </object_component>
      <object_component id="oc-697">
         <name>.text:SysCtl_enablePeripheral</name>
         <load_address>0x83922</load_address>
         <readonly>true</readonly>
         <executable>true</executable>
         <run_address>0x83922</run_address>
         <size>0x17</size>
         <alignment>0x1</alignment>
         <input_file_ref idref="fl-20"/>
      </object_component>
      <object_component id="oc-474">
         <name>.text:SysCtl_enablePeripheral</name>
         <load_address>0x83939</load_address>
         <readonly>true</readonly>
         <executable>true</executable>
         <run_address>0x83939</run_address>
         <size>0x17</size>
         <alignment>0x1</alignment>
         <input_file_ref idref="fl-8"/>
      </object_component>
      <object_component id="oc-6eb">
         <name>.text:ADC_selectOffsetTrimMode</name>
         <load_address>0x83950</load_address>
         <readonly>true</readonly>
         <executable>true</executable>
         <run_address>0x83950</run_address>
         <size>0x16</size>
         <alignment>0x1</alignment>
         <input_file_ref idref="fl-17"/>
      </object_component>
      <object_component id="oc-45a">
         <name>.text:ADC_setInterruptPulseMode</name>
         <load_address>0x83966</load_address>
         <readonly>true</readonly>
         <executable>true</executable>
         <run_address>0x83966</run_address>
         <size>0x16</size>
         <alignment>0x1</alignment>
         <input_file_ref idref="fl-2"/>
      </object_component>
      <object_component id="oc-44e">
         <name>.text:ADC_setPrescaler</name>
         <load_address>0x8397c</load_address>
         <readonly>true</readonly>
         <executable>true</executable>
         <run_address>0x8397c</run_address>
         <size>0x16</size>
         <alignment>0x1</alignment>
         <input_file_ref idref="fl-2"/>
      </object_component>
      <object_component id="oc-4ba">
         <name>.text:CMPSS_configDAC</name>
         <load_address>0x83992</load_address>
         <readonly>true</readonly>
         <executable>true</executable>
         <run_address>0x83992</run_address>
         <size>0x16</size>
         <alignment>0x1</alignment>
         <input_file_ref idref="fl-7"/>
      </object_component>
      <object_component id="oc-4b4">
         <name>.text:CMPSS_configHighComparator</name>
         <load_address>0x839a8</load_address>
         <readonly>true</readonly>
         <executable>true</executable>
         <run_address>0x839a8</run_address>
         <size>0x16</size>
         <alignment>0x1</alignment>
         <input_file_ref idref="fl-7"/>
      </object_component>
      <object_component id="oc-6b5">
         <name>.text:DCC_disableDoneSignal</name>
         <load_address>0x839be</load_address>
         <readonly>true</readonly>
         <executable>true</executable>
         <run_address>0x839be</run_address>
         <size>0x16</size>
         <alignment>0x1</alignment>
         <input_file_ref idref="fl-20"/>
      </object_component>
      <object_component id="oc-114">
         <name>.text:EPWM_setEmulationMode</name>
         <load_address>0x839d4</load_address>
         <readonly>true</readonly>
         <executable>true</executable>
         <run_address>0x839d4</run_address>
         <size>0x16</size>
         <alignment>0x1</alignment>
         <input_file_ref idref="fl-1b"/>
      </object_component>
      <object_component id="oc-51">
         <name>.text:Interrupt_defaultHandler</name>
         <load_address>0x839ea</load_address>
         <readonly>true</readonly>
         <executable>true</executable>
         <run_address>0x839ea</run_address>
         <size>0x16</size>
         <alignment>0x1</alignment>
         <input_file_ref idref="fl-1e"/>
      </object_component>
      <object_component id="oc-4d4">
         <name>.text:UART_sendString</name>
         <load_address>0x83a00</load_address>
         <readonly>true</readonly>
         <executable>true</executable>
         <run_address>0x83a00</run_address>
         <size>0x16</size>
         <alignment>0x1</alignment>
         <input_file_ref idref="fl-e"/>
      </object_component>
      <object_component id="oc-387">
         <name>.text</name>
         <load_address>0x83a16</load_address>
         <readonly>true</readonly>
         <executable>true</executable>
         <run_address>0x83a16</run_address>
         <size>0x16</size>
         <alignment>0x1</alignment>
         <input_file_ref idref="fl-3e"/>
      </object_component>
      <object_component id="oc-177">
         <name>.text:startHeating</name>
         <load_address>0x83a2c</load_address>
         <readonly>true</readonly>
         <executable>true</executable>
         <run_address>0x83a2c</run_address>
         <size>0x16</size>
         <alignment>0x1</alignment>
         <input_file_ref idref="fl-6"/>
      </object_component>
      <object_component id="oc-27d">
         <name>.text:CMPSS_clearFilterLatchHigh</name>
         <load_address>0x83a42</load_address>
         <readonly>true</readonly>
         <executable>true</executable>
         <run_address>0x83a42</run_address>
         <size>0x15</size>
         <alignment>0x1</alignment>
         <input_file_ref idref="fl-7"/>
      </object_component>
      <object_component id="oc-15c">
         <name>.text:CPUTimer_enableInterrupt</name>
         <load_address>0x83a57</load_address>
         <readonly>true</readonly>
         <executable>true</executable>
         <run_address>0x83a57</run_address>
         <size>0x15</size>
         <alignment>0x1</alignment>
         <input_file_ref idref="fl-6"/>
      </object_component>
      <object_component id="oc-6a3">
         <name>.text:DCC_clearDoneFlag</name>
         <load_address>0x83a6c</load_address>
         <readonly>true</readonly>
         <executable>true</executable>
         <run_address>0x83a6c</run_address>
         <size>0x15</size>
         <alignment>0x1</alignment>
         <input_file_ref idref="fl-20"/>
      </object_component>
      <object_component id="oc-69d">
         <name>.text:DCC_clearErrorFlag</name>
         <load_address>0x83a81</load_address>
         <readonly>true</readonly>
         <executable>true</executable>
         <run_address>0x83a81</run_address>
         <size>0x15</size>
         <alignment>0x1</alignment>
         <input_file_ref idref="fl-20"/>
      </object_component>
      <object_component id="oc-6af">
         <name>.text:DCC_disableErrorSignal</name>
         <load_address>0x83a96</load_address>
         <readonly>true</readonly>
         <executable>true</executable>
         <run_address>0x83a96</run_address>
         <size>0x15</size>
         <alignment>0x1</alignment>
         <input_file_ref idref="fl-20"/>
      </object_component>
      <object_component id="oc-423">
         <name>.text:GPIO_unlockPortConfig</name>
         <load_address>0x83aab</load_address>
         <readonly>true</readonly>
         <executable>true</executable>
         <run_address>0x83aab</run_address>
         <size>0x15</size>
         <alignment>0x1</alignment>
         <input_file_ref idref="fl-f"/>
      </object_component>
      <object_component id="oc-5a4">
         <name>.text:UART_isBaseValid</name>
         <load_address>0x83ac0</load_address>
         <readonly>true</readonly>
         <executable>true</executable>
         <run_address>0x83ac0</run_address>
         <size>0x15</size>
         <alignment>0x1</alignment>
         <input_file_ref idref="fl-21"/>
      </object_component>
      <object_component id="oc-5b9">
         <name>.text:UART_isBaseValid</name>
         <load_address>0x83ad5</load_address>
         <readonly>true</readonly>
         <executable>true</executable>
         <run_address>0x83ad5</run_address>
         <size>0x15</size>
         <alignment>0x1</alignment>
         <input_file_ref idref="fl-e"/>
      </object_component>
      <object_component id="oc-648">
         <name>.text:ADC_clearInterruptStatus</name>
         <load_address>0x83aea</load_address>
         <readonly>true</readonly>
         <executable>true</executable>
         <run_address>0x83aea</run_address>
         <size>0x14</size>
         <alignment>0x1</alignment>
         <input_file_ref idref="fl-2"/>
      </object_component>
      <object_component id="oc-150">
         <name>.text:CPUTimer_reloadTimerCounter</name>
         <load_address>0x83afe</load_address>
         <readonly>true</readonly>
         <executable>true</executable>
         <run_address>0x83afe</run_address>
         <size>0x14</size>
         <alignment>0x1</alignment>
         <input_file_ref idref="fl-6"/>
      </object_component>
      <object_component id="oc-14a">
         <name>.text:CPUTimer_stopTimer</name>
         <load_address>0x83b12</load_address>
         <readonly>true</readonly>
         <executable>true</executable>
         <run_address>0x83b12</run_address>
         <size>0x14</size>
         <alignment>0x1</alignment>
         <input_file_ref idref="fl-6"/>
      </object_component>
      <object_component id="oc-6a9">
         <name>.text:DCC_disableModule</name>
         <load_address>0x83b26</load_address>
         <readonly>true</readonly>
         <executable>true</executable>
         <run_address>0x83b26</run_address>
         <size>0x14</size>
         <alignment>0x1</alignment>
         <input_file_ref idref="fl-20"/>
      </object_component>
      <object_component id="oc-6d3">
         <name>.text:DCC_enableModule</name>
         <load_address>0x83b3a</load_address>
         <readonly>true</readonly>
         <executable>true</executable>
         <run_address>0x83b3a</run_address>
         <size>0x14</size>
         <alignment>0x1</alignment>
         <input_file_ref idref="fl-20"/>
      </object_component>
      <object_component id="oc-c6">
         <name>.text:EPWM_setTimeBaseCounterMode</name>
         <load_address>0x83b4e</load_address>
         <readonly>true</readonly>
         <executable>true</executable>
         <run_address>0x83b4e</run_address>
         <size>0x14</size>
         <alignment>0x1</alignment>
         <input_file_ref idref="fl-6"/>
      </object_component>
      <object_component id="oc-486">
         <name>.text:EPWM_setTimeBaseCounterMode</name>
         <load_address>0x83b62</load_address>
         <readonly>true</readonly>
         <executable>true</executable>
         <run_address>0x83b62</run_address>
         <size>0x14</size>
         <alignment>0x1</alignment>
         <input_file_ref idref="fl-8"/>
      </object_component>
      <object_component id="oc-b4">
         <name>.text:EPWM_setTimeBasePeriod</name>
         <load_address>0x83b76</load_address>
         <readonly>true</readonly>
         <executable>true</executable>
         <run_address>0x83b76</run_address>
         <size>0x14</size>
         <alignment>0x1</alignment>
         <input_file_ref idref="fl-6"/>
      </object_component>
      <object_component id="oc-48c">
         <name>.text:EPWM_setTimeBasePeriod</name>
         <load_address>0x83b8a</load_address>
         <readonly>true</readonly>
         <executable>true</executable>
         <run_address>0x83b8a</run_address>
[...]
         <name>CoilControl_ButtonMediumISR</name>
         <value>0x82709</value>
         <object_component_ref idref="oc-3f"/>
      </symbol>
      <symbol id="sm-2b1">
         <name>CoilControl_GetHeatMode</name>
         <value>0x83e6b</value>
         <object_component_ref idref="oc-3b7"/>
      </symbol>
      <symbol id="sm-2b2">
         <name>CoilControl_ButtonLowISR</name>
         <value>0x8275d</value>
         <object_component_ref idref="oc-39"/>
      </symbol>
      <symbol id="sm-2b3">
         <name>CoilControl_Init</name>
         <value>0x81f5b</value>
         <object_component_ref idref="oc-2e"/>
      </symbol>
      <symbol id="sm-2b4">
         <name>CoilControl_ButtonHighISR</name>
         <value>0x826b5</value>
         <object_component_ref idref="oc-45"/>
      </symbol>
      <symbol id="sm-2b5">
         <name>CoilControl_ButtonOnISR</name>
         <value>0x82553</value>
         <object_component_ref idref="oc-2d"/>
      </symbol>
      <symbol id="sm-2b6">
         <name>CoilControl_GetState</name>
         <value>0x83e6f</value>
         <object_component_ref idref="oc-3ab"/>
      </symbol>
      <symbol id="sm-351">
         <name>CurrentProtect_Init</name>
         <value>0x830eb</value>
         <object_component_ref idref="oc-362"/>
      </symbol>
      <symbol id="sm-352">
         <name>CurrentProtect_GetCalibratedValue</name>
         <value>0x83e73</value>
         <object_component_ref idref="oc-3c3"/>
      </symbol>
      <symbol id="sm-353">
         <name>CurrentProtect_IsTripped</name>
         <value>0x83d7f</value>
         <object_component_ref idref="oc-180"/>
      </symbol>
      <symbol id="sm-354">
         <name>CurrentProtect_ClearTrip</name>
         <value>0x83e57</value>
         <object_component_ref idref="oc-1bb"/>
      </symbol>
      <symbol id="sm-355">
         <name>CurrentProtect_IsCalibrationValid</name>
         <value>0x83db3</value>
         <object_component_ref idref="oc-23e"/>
      </symbol>
      <symbol id="sm-3c1">
         <name>Fan_Init</name>
         <value>0x82bb8</value>
         <object_component_ref idref="oc-350"/>
      </symbol>
      <symbol id="sm-3c2">
         <name>Fan_SetDutyPercent</name>
         <value>0x837aa</value>
         <object_component_ref idref="oc-393"/>
      </symbol>
      <symbol id="sm-3fb">
         <name>GPIOTest_RunOutput</name>
         <value>0x83047</value>
         <object_component_ref idref="oc-4f4"/>
      </symbol>
      <symbol id="sm-3fc">
         <name>GPIOTest_RunInput</name>
         <value>0x83484</value>
         <object_component_ref idref="oc-4ee"/>
      </symbol>
      <symbol id="sm-42c">
         <name>LEDTest_Run</name>
         <value>0x83070</value>
         <object_component_ref idref="oc-500"/>
      </symbol>
      <symbol id="sm-469">
         <name>main</name>
         <value>0x82048</value>
         <object_component_ref idref="oc-2ee"/>
      </symbol>
      <symbol id="sm-4a4">
         <name>RelayControl_GetState</name>
         <value>0x83e77</value>
         <object_component_ref idref="oc-39f"/>
      </symbol>
      <symbol id="sm-4a5">
         <name>RelayControl_SetState</name>
         <value>0x83cf1</value>
         <object_component_ref idref="oc-1f8"/>
      </symbol>
      <symbol id="sm-4a6">
         <name>RelayControl_Init</name>
         <value>0x83c16</value>
         <object_component_ref idref="oc-356"/>
      </symbol>
      <symbol id="sm-4ee">
         <name>SelfTest_RunAll</name>
         <value>0x82306</value>
         <object_component_ref idref="oc-37b"/>
      </symbol>
      <symbol id="sm-594">
         <name>UART_sendRelayAck</name>
         <value>0x8380a</value>
         <object_component_ref idref="oc-3a5"/>
      </symbol>
      <symbol id="sm-595">
         <name>UART_sendBegin</name>
         <value>0x837da</value>
         <object_component_ref idref="oc-4e4"/>
      </symbol>
      <symbol id="sm-596">
         <name>UART_sendOverallResult</name>
         <value>0x83538</value>
         <object_component_ref idref="oc-512"/>
      </symbol>
      <symbol id="sm-597">
         <name>UART_sendButtonStatus</name>
         <value>0x8351a</value>
         <object_component_ref idref="oc-3d5"/>
      </symbol>
      <symbol id="sm-598">
         <name>UART_sendReady</name>
         <value>0x83e61</value>
         <object_component_ref idref="oc-368"/>
      </symbol>
      <symbol id="sm-599">
         <name>UART_readLine</name>
         <value>0x82fc9</value>
         <object_component_ref idref="oc-36e"/>
      </symbol>
      <symbol id="sm-59a">
         <name>UART_sendTestResult</name>
         <value>0x8318a</value>
         <object_component_ref idref="oc-50c"/>
      </symbol>
      <symbol id="sm-59b">
         <name>UART_init</name>
         <value>0x82c32</value>
         <object_component_ref idref="oc-344"/>
      </symbol>
      <symbol id="sm-59c">
         <name>UART_sendString</name>
         <value>0x83a00</value>
         <object_component_ref idref="oc-4d4"/>
      </symbol>
      <symbol id="sm-59d">
         <name>UART_sendPong</name>
         <value>0x83e5c</value>
         <object_component_ref idref="oc-381"/>
      </symbol>
      <symbol id="sm-59e">
         <name>UART_sendFanAck</name>
         <value>0x837f2</value>
         <object_component_ref idref="oc-399"/>
      </symbol>
      <symbol id="sm-59f">
         <name>UART_sendCoilStatus</name>
         <value>0x83099</value>
         <object_component_ref idref="oc-3c9"/>
      </symbol>
      <symbol id="sm-5e7">
         <name>Device_enableAllPeripherals</name>
         <value>0x81a6e</value>
         <object_component_ref idref="oc-41c"/>
      </symbol>
      <symbol id="sm-5e8">
         <name>Device_initGPIO</name>
         <value>0x832b2</value>
         <object_component_ref idref="oc-338"/>
      </symbol>
      <symbol id="sm-5e9">
         <name>Device_init</name>
         <value>0x829db</value>
         <object_component_ref idref="oc-332"/>
      </symbol>
      <symbol id="sm-5ea">
         <name>__error__</name>
         <value>0x83e43</value>
         <object_component_ref idref="oc-1ac"/>
      </symbol>
      <symbol id="sm-5f9">
         <name>code_start</name>
         <value>0x80000</value>
         <object_component_ref idref="oc-22"/>
      </symbol>
      <symbol id="sm-647">
         <name>ADC_setOffsetTrim</name>
         <value>0x83e1c</value>
         <object_component_ref idref="oc-5de"/>
      </symbol>
      <symbol id="sm-648">
         <name>ADC_setMode</name>
         <value>0x83591</value>
         <object_component_ref idref="oc-454"/>
      </symbol>
      <symbol id="sm-649">
         <name>ADC_setVREF</name>
         <value>0x8294b</value>
         <object_component_ref idref="oc-43f"/>
      </symbol>
      <symbol id="sm-64a">
         <name>ADC_setINLTrim</name>
         <value>0x823d2</value>
         <object_component_ref idref="oc-5d8"/>
      </symbol>
      <symbol id="sm-669">
         <name>CMPSS_configFilterHigh</name>
         <value>0x828fb</value>
         <object_component_ref idref="oc-4c6"/>
      </symbol>
      <symbol id="sm-683">
         <name>CPUTimer_setEmulationMode</name>
         <value>0x83c64</value>
         <object_component_ref idref="oc-156"/>
      </symbol>
      <symbol id="sm-69f">
         <name>EPWM_setEmulationMode</name>
         <value>0x839d4</value>
         <object_component_ref idref="oc-114"/>
      </symbol>
      <symbol id="sm-706">
         <name>Flash_initModule</name>
         <value>0x8000</value>
         <object_component_ref idref="oc-3fd"/>
      </symbol>
      <symbol id="sm-777">
         <name>GPIO_setQualificationMode</name>
         <value>0x82db8</value>
         <object_component_ref idref="oc-1ff"/>
      </symbol>
      <symbol id="sm-778">
         <name>GPIO_setPadConfig</name>
         <value>0x828a9</value>
         <object_component_ref idref="oc-126"/>
      </symbol>
      <symbol id="sm-779">
         <name>GPIO_setInterruptPin</name>
         <value>0x82d4a</value>
         <object_component_ref idref="oc-205"/>
      </symbol>
      <symbol id="sm-77a">
         <name>GPIO_setAnalogMode</name>
         <value>0x82295</value>
         <object_component_ref idref="oc-445"/>
      </symbol>
      <symbol id="sm-77b">
         <name>GPIO_setDirectionMode</name>
         <value>0x82e26</value>
         <object_component_ref idref="oc-120"/>
      </symbol>
      <symbol id="sm-77c">
         <name>GPIO_setPinConfig</name>
         <value>0x82d81</value>
         <object_component_ref idref="oc-a8"/>
      </symbol>
      <symbol id="sm-7cb">
         <name>Interrupt_defaultHandler</name>
         <value>0x839ea</value>
         <object_component_ref idref="oc-51"/>
      </symbol>
      <symbol id="sm-7cc">
         <name>Interrupt_initModule</name>
         <value>0x82bf5</value>
         <object_component_ref idref="oc-33e"/>
      </symbol>
      <symbol id="sm-7cd">
         <name>Interrupt_nmiHandler</name>
         <value>0x83df6</value>
         <object_component_ref idref="oc-69"/>
      </symbol>
      <symbol id="sm-7ce">
         <name>Interrupt_enable</name>
         <value>0x82def</value>
         <object_component_ref idref="oc-168"/>
      </symbol>
      <symbol id="sm-7cf">
         <name>Interrupt_initVectorTable</name>
         <value>0x834fc</value>
         <object_component_ref idref="oc-52"/>
      </symbol>
      <symbol id="sm-7d0">
         <name>Interrupt_illegalOperationHandler</name>
         <value>0x83dec</value>
         <object_component_ref idref="oc-63"/>
      </symbol>
      <symbol id="sm-8f4">
         <name>SysCtl_isPLLValid</name>
         <value>0x81d34</value>
         <object_component_ref idref="oc-591"/>
      </symbol>
      <symbol id="sm-8f5">
         <name>SysCtl_delay</name>
         <value>0x80e7</value>
         <object_component_ref idref="oc-8c"/>
      </symbol>
      <symbol id="sm-8f6">
         <name>SysCtl_selectXTALSingleEnded</name>
         <value>0x83269</value>
         <object_component_ref idref="oc-68a"/>
      </symbol>
      <symbol id="sm-8f7">
         <name>SysCtl_selectXTAL</name>
         <value>0x82aaf</value>
         <object_component_ref idref="oc-684"/>
      </symbol>
      <symbol id="sm-8f8">
         <name>SysCtl_selectOscSource</name>
         <value>0x82a22</value>
         <object_component_ref idref="oc-585"/>
      </symbol>
      <symbol id="sm-8f9">
         <name>SysCtl_getLowSpeedClock</name>
         <value>0x83714</value>
         <object_component_ref idref="oc-416"/>
      </symbol>
      <symbol id="sm-8fa">
         <name>SysCtl_setClock</name>
         <value>0x81c0e</value>
         <object_component_ref idref="oc-403"/>
      </symbol>
      <symbol id="sm-8fb">
         <name>SysCtl_getClock</name>
         <value>0x8236d</value>
         <object_component_ref idref="oc-40f"/>
      </symbol>
      <symbol id="sm-92d">
         <name>UART_setConfig</name>
         <value>0x824f6</value>
         <object_component_ref idref="oc-42b"/>
      </symbol>
      <symbol id="sm-942">
         <name>snprintf</name>
         <value>0x825ad</value>
         <object_component_ref idref="oc-523"/>
      </symbol>
      <symbol id="sm-94c">
         <name>_c_int00</name>
         <value>0x83779</value>
         <object_component_ref idref="oc-19f"/>
      </symbol>
      <symbol id="sm-94d">
         <name>__stack</name>
         <value>0x400</value>
         <object_component_ref idref="oc-6f"/>
      </symbol>
      <symbol id="sm-95a">
         <name>__c28xabi_divf</name>
         <value>0x8219a</value>
         <object_component_ref idref="oc-692"/>
      </symbol>
      <symbol id="sm-96c">
         <name>memcpy</name>
         <value>0x833eb</value>
         <object_component_ref idref="oc-72"/>
      </symbol>
      <symbol id="sm-979">
         <name>_system_pre_init</name>
         <value>0x83e7b</value>
         <object_component_ref idref="oc-25b"/>
      </symbol>
      <symbol id="sm-988">
         <name>__TI_auto_init_nobinit_nopinit</name>
         <value>0x82f9e</value>
         <object_component_ref idref="oc-2be"/>
      </symbol>
      <symbol id="sm-996">
         <name>__TI_decompress_none</name>
         <value>0x83e24</value>
         <object_component_ref idref="oc-1b"/>
      </symbol>
      <symbol id="sm-9aa">
         <name>__TI_decompress_lzss</name>
         <value>0x82f18</value>
         <object_component_ref idref="oc-15"/>
      </symbol>
      <symbol id="sm-9c0">
         <name>C$$EXIT</name>
         <value>0x830c2</value>
         <object_component_ref idref="oc-268"/>
      </symbol>
      <symbol id="sm-9c1">
         <name>abort</name>
         <value>0x830c2</value>
         <object_component_ref idref="oc-268"/>
      </symbol>
      <symbol id="sm-9c2">
         <name>exit</name>
         <value>0x830c4</value>
         <object_component_ref idref="oc-268"/>
      </symbol>
      <symbol id="sm-9c3">
         <name>__TI_dtors_ptr</name>
         <value>0xa810</value>
         <object_component_ref idref="oc-2f6"/>
      </symbol>
      <symbol id="sm-9c4">
         <name>__TI_cleanup_ptr</name>
         <value>0xa80e</value>
         <object_component_ref idref="oc-2f6"/>
      </symbol>
      <symbol id="sm-9c5">
         <name>__TI_enable_exit_profile_output</name>
         <value>0xa80c</value>
         <object_component_ref idref="oc-2f6"/>
      </symbol>
      <symbol id="sm-9dc">
         <name>_nop</name>
         <value>0x83e1b</value>
         <object_component_ref idref="oc-3e2"/>
      </symbol>
      <symbol id="sm-9dd">
         <name>_lock</name>
         <value>0xa812</value>
         <object_component_ref idref="oc-2f9"/>
      </symbol>
      <symbol id="sm-9de">
         <name>_unlock</name>
         <value>0xa814</value>
         <object_component_ref idref="oc-537"/>
      </symbol>
      <symbol id="sm-9df">
         <name>_register_lock</name>
         <value>0x83e17</value>
         <object_component_ref idref="oc-3e2"/>
      </symbol>
      <symbol id="sm-9e0">
         <name>_register_unlock</name>
         <value>0x83e13</value>
         <object_component_ref idref="oc-3e2"/>
      </symbol>
      <symbol id="sm-9ef">
         <name>_args_main</name>
         <value>0x83c9b</value>
         <object_component_ref idref="oc-262"/>
      </symbol>
      <symbol id="sm-a04">
         <name>atoi</name>
         <value>0x82e88</value>
         <object_component_ref idref="oc-38d"/>
      </symbol>
      <symbol id="sm-a0f">
         <name>_ctypes_</name>
         <value>0x8023c</value>
         <object_component_ref idref="oc-51d"/>
      </symbol>
      <symbol id="sm-a1e">
         <name>memset</name>
         <value>0x83e4a</value>
         <object_component_ref idref="oc-198"/>
      </symbol>
      <symbol id="sm-a2d">
         <name>strcmp</name>
         <value>0x83e00</value>
         <object_component_ref idref="oc-375"/>
      </symbol>
      <symbol id="sm-a3b">
         <name>strlen</name>
         <value>0x83e34</value>
         <object_component_ref idref="oc-613"/>
      </symbol>
      <symbol id="sm-a4b">
         <name>strncmp</name>
         <value>0x83a16</value>
         <object_component_ref idref="oc-387"/>
      </symbol>
      <symbol id="sm-ba1">
         <name>__TI_printfi</name>
         <value>0x81319</value>
         <object_component_ref idref="oc-727"/>
      </symbol>
      <symbol id="sm-ba9">
         <name>__c28xabi_orll</name>
         <value>0x8385a</value>
         <object_component_ref idref="oc-76f"/>
      </symbol>
      <symbol id="sm-baa">
         <name>__c28xabi_xorll</name>
         <value>0x83862</value>
         <object_component_ref idref="oc-76f"/>
      </symbol>
      <symbol id="sm-bab">
         <name>__c28xabi_andll</name>
         <value>0x83852</value>
         <object_component_ref idref="oc-76f"/>
      </symbol>
      <symbol id="sm-bb5">
         <name>__c28xabi_cmpll</name>
         <value>0x83556</value>
         <object_component_ref idref="oc-765"/>
      </symbol>
      <symbol id="sm-bb6">
         <name>__c28xabi_cmpull</name>
         <value>0x83568</value>
         <object_component_ref idref="oc-765"/>
      </symbol>
      <symbol id="sm-bdd">
         <name>__c28xabi_modull</name>
         <value>0x81ef9</value>
         <object_component_ref idref="oc-76a"/>
      </symbol>
      <symbol id="sm-bde">
         <name>__c28xabi_divull</name>
         <value>0x81eca</value>
         <object_component_ref idref="oc-76a"/>
      </symbol>
      <symbol id="sm-bdf">
         <name>__c28xabi_divll</name>
         <value>0x81e54</value>
         <object_component_ref idref="oc-76a"/>
      </symbol>
      <symbol id="sm-be0">
         <name>__c28xabi_modll</name>
         <value>0x81e90</value>
         <object_component_ref idref="oc-76a"/>
      </symbol>
      <symbol id="sm-bee">
         <name>_system_post_cinit</name>
         <value>0x83e7d</value>
         <object_component_ref idref="oc-31d"/>
      </symbol>
      <symbol id="sm-bfd">
         <name>__TI_ltoa</name>
         <value>0x82eb9</value>
         <object_component_ref idref="oc-797"/>
      </symbol>
      <symbol id="sm-c0d">
         <name>memccpy</name>
         <value>0x83d42</value>
         <object_component_ref idref="oc-75d"/>
      </symbol>
      <symbol id="sm-c1d">
         <name>strchr</name>
         <value>0x83dbf</value>
         <object_component_ref idref="oc-7a9"/>
      </symbol>
      <symbol id="sm-c2b">
         <name>strcpy</name>
         <value>0x83e66</value>
         <object_component_ref idref="oc-757"/>
      </symbol>
      <symbol id="sm-c36">
         <name>errno</name>
         <value>0xa818</value>
         <object_component_ref idref="oc-77a"/>
      </symbol>
      <symbol id="sm-c45">
         <name>frexpl</name>
         <value>0x82607</value>
         <object_component_ref idref="oc-79d"/>
      </symbol>
      <symbol id="sm-c46">
         <name>frexp</name>
         <value>0x82607</value>
         <object_component_ref idref="oc-79d"/>
      </symbol>
      <symbol id="sm-c5a">
         <name>scalbn</name>
         <value>0x820fa</value>
         <object_component_ref idref="oc-7a3"/>
      </symbol>
      <symbol id="sm-c5b">
         <name>scalbnl</name>
         <value>0x820fa</value>
         <object_component_ref idref="oc-7a3"/>
      </symbol>
      <symbol id="sm-c5c">
         <name>ldexpl</name>
         <value>0x820fa</value>
         <object_component_ref idref="oc-7a3"/>
      </symbol>
      <symbol id="sm-c5d">
         <name>ldexp</name>
         <value>0x820fa</value>
         <object_component_ref idref="oc-7a3"/>
      </symbol>
      <symbol id="sm-c6c">
         <name>wcslen</name>
         <value>0x83de1</value>
         <object_component_ref idref="oc-774"/>
      </symbol>
      <symbol id="sm-c74">
         <name>__c28xabi_divul</name>
         <value>0x8303a</value>
         <object_component_ref idref="oc-7bc"/>
      </symbol>
      <symbol id="sm-c75">
         <name>__c28xabi_modul</name>
         <value>0x83041</value>
         <object_component_ref idref="oc-7bc"/>
      </symbol>
      <symbol id="sm-c76">
         <name>__c28xabi_modl</name>
         <value>0x8302c</value>
         <object_component_ref idref="oc-7bc"/>
      </symbol>
      <symbol id="sm-c77">
         <name>__c28xabi_divl</name>
         <value>0x8301d</value>
         <object_component_ref idref="oc-7bc"/>
      </symbol>
      <symbol id="sm-c84">
         <name>copysign</name>
         <value>0x8313b</value>
         <object_component_ref idref="oc-7c5"/>
      </symbol>
      <symbol id="sm-c85">
         <name>copysignl</name>
         <value>0x8313b</value>
         <object_component_ref idref="oc-7c5"/>
      </symbol>
   </symbol_table>
   <title>Link successful</title>
</link_info>
