******************************************************************************
             TMS320C2000 Linker Unix v25.11.1                  
******************************************************************************
>> Linked Tue Aug 25 07:51:28 2026

OUTPUT FILE NAME:   <Driverlib Empty CPU1 Example CCS Project.out>
ENTRY POINT SYMBOL: "code_start"  address: 00080000


MEMORY CONFIGURATION

         name            origin    length      used     unused   attr    fill
----------------------  --------  ---------  --------  --------  ----  --------
  BOOT_RSVD             00000002   000001af  00000000  000001af  RWIX
  RAMM0                 000001b1   0000024f  00000000  0000024f  RWIX
  RAMM1                 00000400   00000400  000003f8  00000008  RWIX
  CLATOCPURAM           00001480   00000080  00000000  00000080  RWIX
  CPUTOCLARAM           00001500   00000080  00000000  00000080  RWIX
  CLATODMARAM           00001680   00000080  00000000  00000080  RWIX
  DMATOCLARAM           00001700   00000080  00000000  00000080  RWIX
  RAMLS0                00008000   00000800  000000eb  00000715  RWIX
  RAMLS1                00008800   00000800  00000000  00000800  RWIX
  RAMLS2                00009000   00000800  00000000  00000800  RWIX
  RAMLS3                00009800   00000800  00000000  00000800  RWIX
  RAMLS4                0000a000   00000800  00000000  00000800  RWIX
  RAMLS5                0000a800   00000800  00000019  000007e7  RWIX
  RAMLS6                0000b000   00000800  00000000  00000800  RWIX
  RAMLS7                0000b800   00000800  00000000  00000800  RWIX
  RAMD0                 0000c000   00002000  00000000  00002000  RWIX
  RAMD1                 0000e000   00002000  00000000  00002000  RWIX
  RAMGS0                00010000   00002000  00000000  00002000  RWIX
  RAMGS1                00012000   00002000  00000000  00002000  RWIX
  RAMGS2                00014000   00002000  00000000  00002000  RWIX
  RAMGS3                00016000   00002000  00000000  00002000  RWIX
  RAMGS4                00018000   00002000  00000000  00002000  RWIX
  RAMD2                 0001a000   00002000  00000000  00002000  RWIX
  RAMD3                 0001c000   00002000  00000000  00002000  RWIX
  RAMD4                 0001e000   00002000  00000000  00002000  RWIX
  RAMD5                 00020000   00002000  00000000  00002000  RWIX
  RAMLS8                00022000   00002000  00000000  00002000  RWIX
  RAMLS9                00024000   00002000  00000000  00002000  RWIX
  CPU1TOCPU2RAM         0003a000   00000400  00000000  00000400  RWIX
  CPU2TOCPU1RAM         0003b000   00000400  00000000  00000400  RWIX
  CANA_MSG_RAM          00049000   00000800  00000000  00000800  RWIX
  CANB_MSG_RAM          0004b000   00000800  00000000  00000800  RWIX
  BEGIN                 00080000   00000002  00000002  00000000  RWIX
  FLASH_BANK0           00080002   0001fffe  00003e81  0001c17d  RWIX
  FLASH_BANK1           000a0000   00020000  00000000  00020000  RWIX
  FLASH_BANK2           000c0000   00020000  00000000  00020000  RWIX
  RESET                 003fffc0   00000002  00000000  00000002  RWIX


SECTION ALLOCATION MAP

 output                                  attributes/
section   page    origin      length       input sections
--------  ----  ----------  ----------   ----------------
codestart 
*          0    00080000    00000002     
                  00080000    00000002     f28p65x_codestartbranch.obj (codestart)

.cinit     0    00083e80    00000014     
                  00083e80    0000000c     (.cinit..data.load) [load image, compression = lzss]
                  00083e8c    00000004     (__TI_handler_table)
                  00083e90    00000004     (__TI_cinit_table)

.reset     0    003fffc0    00000000     DSECT

.stack     0    00000400    000003f8     UNINITIALIZED
                  00000400    000003f8     --HOLE--

.init_array 
*          0    00080008    00000000     UNINITIALIZED

.data      0    0000a800    00000019     UNINITIALIZED
                  0000a800    0000000c     coil_control.obj (.data)
                  0000a80c    00000006     rts2800_fpu64_eabi.lib : exit.c.obj (.data)
                  0000a812    00000002                            : _lock.c.obj (.data:_lock)
                  0000a814    00000002                            : _lock.c.obj (.data:_unlock)
                  0000a816    00000001     current_protect.obj (.data)
                  0000a817    00000001     relay_control.obj (.data)
                  0000a818    00000001     rts2800_fpu64_eabi.lib : errno.c.obj (.data)

.const     0    00080008    00000d94     
                  00080008    00000120     self_test.obj (.const:.string)
                  00080128    00000114     self_test.obj (.const:g_testList)
                  0008023c    00000101     rts2800_fpu64_eabi.lib : ctype.c.obj (.const:.string:_ctypes_)
                  0008033d    00000001     --HOLE-- [fill = 0]
                  0008033e    000000ff     uart_comm.obj (.const:.string)
                  0008043d    00000001     --HOLE-- [fill = 0]
                  0008043e    000000f9     coil_control.obj (.const:.string)
                  00080537    00000001     --HOLE-- [fill = 0]
                  00080538    000000b7     device.obj (.const:.string)
                  000805ef    00000001     --HOLE-- [fill = 0]
                  000805f0    000000a6     current_protect.obj (.const:.string)
                  00080696    0000009b     driverlib.lib : cmpss.obj (.const:.string)
                  00080731    00000001     --HOLE-- [fill = 0]
                  00080732    0000009b                   : flash.obj (.const:.string)
                  000807cd    00000001     --HOLE-- [fill = 0]
                  000807ce    0000009a                   : sysctl.obj (.const:.string)
                  00080868    00000098                   : epwm.obj (.const:.string)
                  00080900    00000098                   : gpio.obj (.const:.string)
                  00080998    00000098                   : uart.obj (.const:.string)
                  00080a30    00000097                   : adc.obj (.const:.string)
                  00080ac7    00000001     --HOLE-- [fill = 0]
                  00080ac8    00000068     main.obj (.const:.string)
                  00080b30    00000051     buzzer_control.obj (.const:.string)
                  00080b81    00000001     --HOLE-- [fill = 0]
                  00080b82    00000051     fan_control.obj (.const:.string)
                  00080bd3    00000001     --HOLE-- [fill = 0]
                  00080bd4    00000051     gpio_test.obj (.const:.string)
                  00080c25    00000001     --HOLE-- [fill = 0]
                  00080c26    00000051     led_test.obj (.const:.string)
                  00080c77    00000001     --HOLE-- [fill = 0]
                  00080c78    00000051     relay_control.obj (.const:.string)
                  00080cc9    00000001     --HOLE-- [fill = 0]
                  00080cca    00000050     adc_test.obj (.const:.string)
                  00080d1a    00000050     driverlib.lib : cputimer.obj (.const:.string)
                  00080d6a    00000026     rts2800_fpu64_eabi.lib : _printfi.c.obj (.const:.string)
                  00080d90    0000000c     adc_test.obj (.const:g_adcModuleRegs)

.TI.ramfunc 
*          0    00080da0    000000eb     RUN ADDR = 00008000
                  00080da0    00000051     driverlib.lib : flash.obj (.TI.ramfunc:Flash_initModule)
                  00080df1    00000024                   : flash.obj (.TI.ramfunc:Flash_setWaitstates)
                  00080e15    00000018                   : flash.obj (.TI.ramfunc:Flash_disableCache)
                  00080e2d    00000017                   : flash.obj (.TI.ramfunc:Flash_disablePrefetch)
                  00080e44    00000017                   : flash.obj (.TI.ramfunc:Flash_enableCache)
                  00080e5b    00000016                   : flash.obj (.TI.ramfunc:Flash_enableECC)
                  00080e71    00000016                   : flash.obj (.TI.ramfunc:Flash_enablePrefetch)
                  00080e87    00000004                   : sysctl.obj (.TI.ramfunc)

.text      0    00080e90    00002fee     
                  00080e90    0000060e     rts2800_fpu64_eabi.lib : _printfi.c.obj (.text:__TI_printfi)
                  0008149e    000005d0                            : _printfi.c.obj (.text)
                  00081a6e    000001a0     device.obj (.text:Device_enableAllPeripherals)
                  00081c0e    00000126     driverlib.lib : sysctl.obj (.text:SysCtl_setClock)
                  00081d34    00000120                   : sysctl.obj (.text:SysCtl_isPLLValid)
                  00081e54    00000107     rts2800_fpu64_eabi.lib : ll_div28.asm.obj (.text)
                  00081f5b    000000ed     coil_control.obj (.text:CoilControl_Init)
                  00082048    000000b2     main.obj (.text:main)
                  000820fa    000000a0     rts2800_fpu64_eabi.lib : s_scalbn.c.obj (.text)
                  0008219a    00000088                            : fs_div28.asm.obj (.text)
                  00082222    00000073     driverlib.lib : sysctl.obj (.text:DCC_setCounterSeeds)
                  00082295    00000071                   : gpio.obj (.text:GPIO_setAnalogMode)
                  00082306    00000067     self_test.obj (.text:SelfTest_RunAll)
                  0008236d    00000065     driverlib.lib : sysctl.obj (.text:SysCtl_getClock)
                  000823d2    00000064                   : adc.obj (.text:ADC_setINLTrim)
                  00082436    00000063     current_protect.obj (.text:runCalibrationSweep)
                  00082499    0000005d     coil_control.obj (.text:CoilControl_TimerISR)
                  000824f6    0000005d     driverlib.lib : uart.obj (.text:UART_setConfig)
                  00082553    0000005a     coil_control.obj (.text:CoilControl_ButtonOnISR)
                  000825ad    0000005a     rts2800_fpu64_eabi.lib : snprintf.c.obj (.text)
                  00082607    00000059                            : s_frexp.c.obj (.text)
                  00082660    00000055     buzzer_control.obj (.text:BuzzerControl_Pulse)
                  000826b5    00000054     coil_control.obj (.text:CoilControl_ButtonHighISR)
                  00082709    00000054     coil_control.obj (.text:CoilControl_ButtonMediumISR)
                  0008275d    00000053     coil_control.obj (.text:CoilControl_ButtonLowISR)
                  000827b0    00000053     coil_control.obj (.text:EPWM_isBaseValid)
                  00082803    00000053     driverlib.lib : epwm.obj (.text:EPWM_isBaseValid)
                  00082856    00000053     fan_control.obj (.text:EPWM_isBaseValid)
                  000828a9    00000052     driverlib.lib : gpio.obj (.text:GPIO_setPadConfig)
                  000828fb    00000050                   : cmpss.obj (.text:CMPSS_configFilterHigh)
                  0008294b    00000049                   : adc.obj (.text:ADC_setVREF)
                  00082994    00000047     adc_test.obj (.text:ADCTest_Run)
                  000829db    00000047     device.obj (.text:Device_init)
                  00082a22    00000047     driverlib.lib : sysctl.obj (.text:SysCtl_selectOscSource)
                  00082a69    00000046     adc_test.obj (.text:ADC_setupSOC)
                  00082aaf    00000046     driverlib.lib : sysctl.obj (.text:SysCtl_selectXTAL)
                  00082af5    00000043     adc_test.obj (.text:ADCTest_Init)
                  00082b38    00000040     fan_control.obj (.text:EPWM_setActionQualifierAction)
                  00082b78    00000040     driverlib.lib : sysctl.obj (.text:SysCtl_pollX1Counter)
                  00082bb8    0000003d     fan_control.obj (.text:Fan_Init)
                  00082bf5    0000003d     driverlib.lib : interrupt.obj (.text:Interrupt_initModule)
                  00082c32    0000003c     uart_comm.obj (.text:UART_init)
                  00082c6e    00000037     current_protect.obj (.text:ASysCtl_selectCMPHPMux)
                  00082ca5    00000037     current_protect.obj (.text:CMPSS_isBaseValid)
                  00082cdc    00000037     driverlib.lib : cmpss.obj (.text:CMPSS_isBaseValid)
                  00082d13    00000037     coil_control.obj (.text:EPWM_setFallingEdgeDeadBandDelayInput)
                  00082d4a    00000037     driverlib.lib : gpio.obj (.text:GPIO_setInterruptPin)
                  00082d81    00000037                   : gpio.obj (.text:GPIO_setPinConfig)
                  00082db8    00000037                   : gpio.obj (.text:GPIO_setQualificationMode)
                  00082def    00000037                   : interrupt.obj (.text:Interrupt_enable)
                  00082e26    00000031                   : gpio.obj (.text:GPIO_setDirectionMode)
                  00082e57    00000031     coil_control.obj (.text:applyStateOutputs)
                  00082e88    00000031     rts2800_fpu64_eabi.lib : atoi.c.obj (.text)
                  00082eb9    00000030                            : _ltoa.c.obj (.text)
                  00082ee9    0000002f     adc_test.obj (.text:ADC_setInterruptSource)
                  00082f18    0000002e     rts2800_fpu64_eabi.lib : copy_decompress_lzss.c.obj (.text:decompress:lzss)
                  00082f46    0000002c     coil_control.obj (.text:EPWM_setActionQualifierContSWForceAction)
                  00082f72    0000002c     coil_control.obj (.text:EPWM_setDeadBandDelayMode)
                  00082f9e    0000002b     rts2800_fpu64_eabi.lib : autoinit.c.obj (.text:__TI_auto_init_nobinit_nopinit)
                  00082fc9    0000002a     uart_comm.obj (.text:UART_readLine)
                  00082ff3    0000002a     driverlib.lib : gpio.obj (.text:XBAR_setInputPin)
                  0008301d    0000002a     rts2800_fpu64_eabi.lib : l_div28.asm.obj (.text)
                  00083047    00000029     gpio_test.obj (.text:GPIOTest_RunOutput)
                  00083070    00000029     led_test.obj (.text:LEDTest_Run)
                  00083099    00000029     uart_comm.obj (.text:UART_sendCoilStatus)
                  000830c2    00000029     rts2800_fpu64_eabi.lib : exit.c.obj (.text)
                  000830eb    00000028     current_protect.obj (.text:CurrentProtect_Init)
                  00083113    00000028     driverlib.lib : uart.obj (.text:UART_disableModule)
                  0008313b    00000028     rts2800_fpu64_eabi.lib : s_copysign.c.obj (.text)
                  00083163    00000027     coil_control.obj (.text:EPWM_setRisingEdgeDeadBandDelayInput)
                  0008318a    00000026     uart_comm.obj (.text:UART_sendTestResult)
                  000831b0    00000025     buzzer_control.obj (.text:GPIO_writePin)
                  000831d5    00000025     coil_control.obj (.text:GPIO_writePin)
                  000831fa    00000025     gpio_test.obj (.text:GPIO_writePin)
                  0008321f    00000025     led_test.obj (.text:GPIO_writePin)
                  00083244    00000025     relay_control.obj (.text:GPIO_writePin)
                  00083269    00000025     driverlib.lib : sysctl.obj (.text:SysCtl_selectXTALSingleEnded)
                  0008328e    00000024                   : sysctl.obj (.text:DCC_enableSingleShotMode)
                  000832b2    00000024     device.obj (.text:Device_initGPIO)
                  000832d6    00000024     coil_control.obj (.text:EPWM_disableCounterCompareShadowLoadMode)
                  000832fa    00000024     coil_control.obj (.text:EPWM_setDeadBandDelayPolarity)
                  0008331e    00000024     coil_control.obj (.text:setupButtonInput)
                  00083342    00000023     driverlib.lib : gpio.obj (.text:XBAR_isBaseValid)
                  00083365    00000022     coil_control.obj (.text:EPWM_setCounterCompareValue)
                  00083387    00000022     fan_control.obj (.text:EPWM_setCounterCompareValue)
                  000833a9    00000022     coil_control.obj (.text:EPWM_setTripZoneAction)
                  000833cb    00000020     adc_test.obj (.text:ADC_enableInterrupt)
                  000833eb    00000020     rts2800_fpu64_eabi.lib : memcpy.c.obj (.text)
                  0008340b    0000001f     driverlib.lib : flash.obj (.text:Flash_writeTrims)
                  0008342a    0000001e                   : sysctl.obj (.text:DCC_setCounter0ClkSource)
                  00083448    0000001e                   : sysctl.obj (.text:DCC_setCounter1ClkSource)
                  00083466    0000001e     coil_control.obj (.text:EPWM_setPhaseShift)
                  00083484    0000001e     gpio_test.obj (.text:GPIOTest_RunInput)
                  000834a2    0000001e     coil_control.obj (.text:GPIO_readPin)
                  000834c0    0000001e     gpio_test.obj (.text:GPIO_readPin)
                  000834de    0000001e     led_test.obj (.text:GPIO_readPin)
                  000834fc    0000001e     driverlib.lib : interrupt.obj (.text:Interrupt_initVectorTable)
                  0008351a    0000001e     uart_comm.obj (.text:UART_sendButtonStatus)
                  00083538    0000001e     uart_comm.obj (.text:UART_sendOverallResult)
                  00083556    0000001e     rts2800_fpu64_eabi.lib : ll_cmp28.asm.obj (.text)
                  00083574    0000001d     adc_test.obj (.text:ADC_getInterruptStatus)
                  00083591    0000001d     driverlib.lib : adc.obj (.text:ADC_setMode)
                  000835ae    0000001d     current_protect.obj (.text:CMPSS_setHysteresis)
                  000835cb    0000001d     coil_control.obj (.text:EPWM_setFallingEdgeDelayCount)
                  000835e8    0000001d     coil_control.obj (.text:EPWM_setRisingEdgeDelayCount)
                  00083605    0000001d     self_test.obj (.text:TypeToString)
                  00083622    0000001c     coil_control.obj (.text:EPWM_setClockPrescaler)
                  0008363e    0000001c     fan_control.obj (.text:EPWM_setClockPrescaler)
                  0008365a    0000001b     current_protect.obj (.text:CMPSS_setDACValueHigh)
                  00083675    0000001b     driverlib.lib : uart.obj (.text:UART_enableModule)
                  00083690    0000001b     uart_comm.obj (.text:UART_enableModule)
                  000836ab    0000001b     uart_comm.obj (.text:UART_writeChar)
                  000836c6    0000001a     adc_test.obj (.text:ADC_readResult)
                  000836e0    0000001a     coil_control.obj (.text:CPUTimer_startTimer)
                  000836fa    0000001a     driverlib.lib : sysctl.obj (.text:DCC_isBaseValid)
                  00083714    0000001a                   : sysctl.obj (.text:SysCtl_getLowSpeedClock)
                  0008372e    00000019     coil_control.obj (.text:EPWM_setCountModeAfterSync)
                  00083747    00000019     driverlib.lib : sysctl.obj (.text:SysCtl_setPLLSysClk)
                  00083760    00000019     uart_comm.obj (.text:UART_readChar)
                  00083779    00000019     rts2800_fpu64_eabi.lib : boot28.asm.obj (.text)
                  00083792    00000018     coil_control.obj (.text:EPWM_setPeriodLoadMode)
                  000837aa    00000018     fan_control.obj (.text:Fan_SetDutyPercent)
                  000837c2    00000018     fan_control.obj (.text:SysCtl_disablePeripheral)
                  000837da    00000018     uart_comm.obj (.text:UART_sendBegin)
                  000837f2    00000018     uart_comm.obj (.text:UART_sendFanAck)
                  0008380a    00000018     uart_comm.obj (.text:UART_sendRelayAck)
                  00083822    00000018     main.obj (.text:coilHeatModeToString)
                  0008383a    00000018     main.obj (.text:coilStateToString)
                  00083852    00000018     rts2800_fpu64_eabi.lib : ll_aox28.asm.obj (.text)
                  0008386a    00000017     adc_test.obj (.text:ADC_forceSOC)
                  00083881    00000017     adc_test.obj (.text:ADC_isBaseValid)
                  00083898    00000017     driverlib.lib : adc.obj (.text:ADC_isBaseValid)
                  000838af    00000017     coil_control.obj (.text:CPUTimer_isBaseValid)
                  000838c6    00000017     driverlib.lib : cputimer.obj (.text:CPUTimer_isBaseValid)
                  000838dd    00000017     coil_control.obj (.text:CPUTimer_setPreScaler)
                  000838f4    00000017     coil_control.obj (.text:EPWM_setActionQualifierActionComplete)
                  0008390b    00000017     device.obj (.text:SysCtl_enablePeripheral)
                  00083922    00000017     driverlib.lib : sysctl.obj (.text:SysCtl_enablePeripheral)
                  00083939    00000017     fan_control.obj (.text:SysCtl_enablePeripheral)
                  00083950    00000016     driverlib.lib : adc.obj (.text:ADC_selectOffsetTrimMode)
                  00083966    00000016     adc_test.obj (.text:ADC_setInterruptPulseMode)
                  0008397c    00000016     adc_test.obj (.text:ADC_setPrescaler)
                  00083992    00000016     current_protect.obj (.text:CMPSS_configDAC)
                  000839a8    00000016     current_protect.obj (.text:CMPSS_configHighComparator)
                  000839be    00000016     driverlib.lib : sysctl.obj (.text:DCC_disableDoneSignal)
                  000839d4    00000016                   : epwm.obj (.text:EPWM_setEmulationMode)
                  000839ea    00000016                   : interrupt.obj (.text:Interrupt_defaultHandler)
                  00083a00    00000016     uart_comm.obj (.text:UART_sendString)
                  00083a16    00000016     rts2800_fpu64_eabi.lib : strncmp.c.obj (.text)
                  00083a2c    00000016     coil_control.obj (.text:startHeating)
                  00083a42    00000015     current_protect.obj (.text:CMPSS_clearFilterLatchHigh)
                  00083a57    00000015     coil_control.obj (.text:CPUTimer_enableInterrupt)
                  00083a6c    00000015     driverlib.lib : sysctl.obj (.text:DCC_clearDoneFlag)
                  00083a81    00000015                   : sysctl.obj (.text:DCC_clearErrorFlag)
                  00083a96    00000015                   : sysctl.obj (.text:DCC_disableErrorSignal)
                  00083aab    00000015     device.obj (.text:GPIO_unlockPortConfig)
                  00083ac0    00000015     driverlib.lib : uart.obj (.text:UART_isBaseValid)
                  00083ad5    00000015     uart_comm.obj (.text:UART_isBaseValid)
                  00083aea    00000014     adc_test.obj (.text:ADC_clearInterruptStatus)
                  00083afe    00000014     coil_control.obj (.text:CPUTimer_reloadTimerCounter)
                  00083b12    00000014     coil_control.obj (.text:CPUTimer_stopTimer)
                  00083b26    00000014     driverlib.lib : sysctl.obj (.text:DCC_disableModule)
                  00083b3a    00000014                   : sysctl.obj (.text:DCC_enableModule)
                  00083b4e    00000014     coil_control.obj (.text:EPWM_setTimeBaseCounterMode)
                  00083b62    00000014     fan_control.obj (.text:EPWM_setTimeBaseCounterMode)
                  00083b76    00000014     coil_control.obj (.text:EPWM_setTimeBasePeriod)
                  00083b8a    00000014     fan_control.obj (.text:EPWM_setTimeBasePeriod)
                  00083b9e    00000014     buzzer_control.obj (.text:GPIO_isPinValid)
                  00083bb2    00000014     coil_control.obj (.text:GPIO_isPinValid)
                  00083bc6    00000014     driverlib.lib : gpio.obj (.text:GPIO_isPinValid)
                  00083bda    00000014     gpio_test.obj (.text:GPIO_isPinValid)
                  00083bee    00000014     led_test.obj (.text:GPIO_isPinValid)
                  00083c02    00000014     relay_control.obj (.text:GPIO_isPinValid)
                  00083c16    00000014     relay_control.obj (.text:RelayControl_Init)
                  00083c2a    00000014     uart_comm.obj (.text:UART_enableFIFO)
                  00083c3e    00000013     adc_test.obj (.text:ADC_enableConverter)
                  00083c51    00000013     current_protect.obj (.text:CMPSS_enableModule)
                  00083c64    00000013     driverlib.lib : cputimer.obj (.text:CPUTimer_setEmulationMode)
                  00083c77    00000012     coil_control.obj (.text:CoilControl_GetButtonPressCounts)
                  00083c89    00000012     coil_control.obj (.text:EPWM_setTimeBaseCounter)
                  00083c9b    00000012     rts2800_fpu64_eabi.lib : args_main.c.obj (.text)
                  00083cad    00000011     buzzer_control.obj (.text:BuzzerControl_Init)
                  00083cbe    00000011     coil_control.obj (.text:CPUTimer_setPeriod)
                  00083ccf    00000011     fan_control.obj (.text:EPWM_disablePhaseShiftLoad)
                  00083ce0    00000011     coil_control.obj (.text:EPWM_enablePhaseShiftLoad)
                  00083cf1    00000011     relay_control.obj (.text:RelayControl_SetState)
                  00083d02    00000010     current_protect.obj (.text:CMPSS_getStatus)
                  00083d12    00000010     driverlib.lib : flash.obj (.text:Flash_isCtrlBaseValid)
                  00083d22    00000010                   : flash.obj (.text:Flash_isECCBaseValid)
                  00083d32    00000010     coil_control.obj (.text:GPIO_setInterruptType)
                  00083d42    00000010     rts2800_fpu64_eabi.lib : memccpy.c.obj (.text)
                  00083d52    0000000f     coil_control.obj (.text:Interrupt_register)
                  00083d61    0000000f     driverlib.lib : ipc.obj (.text:Interrupt_unregister)
                  00083d70    0000000f     coil_control.obj (.text:stopHeating)
                  00083d7f    0000000d     current_protect.obj (.text:CurrentProtect_IsTripped)
                  00083d8c    0000000d     driverlib.lib : interrupt.obj (.text:Interrupt_disableGlobal)
                  00083d99    0000000d                   : interrupt.obj (.text:Interrupt_enableGlobal)
                  00083da6    0000000d     device.obj (.text:SysCtl_setLowSpeedClock)
                  00083db3    0000000c     current_protect.obj (.text:CurrentProtect_IsCalibrationValid)
                  00083dbf    0000000c     rts2800_fpu64_eabi.lib : strchr.c.obj (.text)
                  00083dcb    0000000b     device.obj (.text:SysCtl_disableWatchdog)
                  00083dd6    0000000b     driverlib.lib : sysctl.obj (.text:SysCtl_isMCDClockFailureDetected)
                  00083de1    0000000b     rts2800_fpu64_eabi.lib : wcslen.c.obj (.text)
                  00083dec    0000000a     driverlib.lib : interrupt.obj (.text:Interrupt_illegalOperationHandler)
                  00083df6    0000000a                   : interrupt.obj (.text:Interrupt_nmiHandler)
                  00083e00    0000000a     rts2800_fpu64_eabi.lib : strcmp.c.obj (.text)
                  00083e0a    00000009     coil_control.obj (.text:GPIO_enableInterrupt)
                  00083e13    00000009     rts2800_fpu64_eabi.lib : _lock.c.obj (.text)
                  00083e1c    00000008     driverlib.lib : adc.obj (.text:ADC_setOffsetTrim)
                  00083e24    00000008     rts2800_fpu64_eabi.lib : copy_decompress_none.c.obj (.text:decompress:none)
                  00083e2c    00000008     f28p65x_codestartbranch.obj (.text)
                  00083e34    00000008     rts2800_fpu64_eabi.lib : strlen.c.obj (.text)
                  00083e3c    00000007     driverlib.lib : sysctl.obj (.text:SysCtl_resetMCD)
                  00083e43    00000007     device.obj (.text:__error__)
                  00083e4a    00000007     rts2800_fpu64_eabi.lib : memset.c.obj (.text)
                  00083e51    00000006     coil_control.obj (.text:Interrupt_clearACKGroup)
                  00083e57    00000005     current_protect.obj (.text:CurrentProtect_ClearTrip)
                  00083e5c    00000005     uart_comm.obj (.text:UART_sendPong)
                  00083e61    00000005     uart_comm.obj (.text:UART_sendReady)
                  00083e66    00000005     rts2800_fpu64_eabi.lib : strcpy.c.obj (.text)
                  00083e6b    00000004     coil_control.obj (.text:CoilControl_GetHeatMode)
                  00083e6f    00000004     coil_control.obj (.text:CoilControl_GetState)
                  00083e73    00000004     current_protect.obj (.text:CurrentProtect_GetCalibratedValue)
                  00083e77    00000004     relay_control.obj (.text:RelayControl_GetState)
                  00083e7b    00000002     rts2800_fpu64_eabi.lib : pre_init.c.obj (.text)
                  00083e7d    00000001                            : startup.c.obj (.text)

MODULE SUMMARY

       Module                        code    ro data   rw data
       ------                        ----    -------   -------
    ./
       coil_control.obj              1770    249       12     
       uart_comm.obj                 465     255       0      
       self_test.obj                 132     564       0      
       current_protect.obj           439     166       1      
       adc_test.obj                  471     92        0      
       fan_control.obj               398     81        0      
       main.obj                      226     104       0      
       buzzer_control.obj            159     81        0      
       gpio_test.obj                 158     81        0      
       led_test.obj                  128     81        0      
       relay_control.obj             98      81        1      
    +--+-----------------------------+-------+---------+---------+
       Total:                        4444    1835      14     
                                                              
    ./device/
       device.obj                    598     183       0      
       f28p65x_codestartbranch.obj   10      0         0      
    +--+-----------------------------+-------+---------+---------+
       Total:                        608     183       0      
                                                              
    /Applications/ti/ccs2100/ccs/tools/compiler/ti-cgt-c2000_25.11.1.LTS/lib/rts2800_fpu64_eabi.lib
       _printfi.c.obj                3038    38        0      
       ll_div28.asm.obj              263     0         0      
       ctype.c.obj                   0       257       0      
       s_scalbn.c.obj                160     0         0      
       fs_div28.asm.obj              136     0         0      
       snprintf.c.obj                90      0         0      
       s_frexp.c.obj                 89      0         0      
       atoi.c.obj                    49      0         0      
       _ltoa.c.obj                   48      0         0      
       exit.c.obj                    41      0         6      
       copy_decompress_lzss.c.obj    46      0         0      
       autoinit.c.obj                43      0         0      
       l_div28.asm.obj               42      0         0      
       s_copysign.c.obj              40      0         0      
       memcpy.c.obj                  32      0         0      
       ll_cmp28.asm.obj              30      0         0      
       boot28.asm.obj                25      0         0      
       ll_aox28.asm.obj              24      0         0      
       strncmp.c.obj                 22      0         0      
       args_main.c.obj               18      0         0      
       memccpy.c.obj                 16      0         0      
       _lock.c.obj                   9       0         4      
       strchr.c.obj                  12      0         0      
       wcslen.c.obj                  11      0         0      
       strcmp.c.obj                  10      0         0      
       copy_decompress_none.c.obj    8       0         0      
       strlen.c.obj                  8       0         0      
       memset.c.obj                  7       0         0      
       strcpy.c.obj                  5       0         0      
       pre_init.c.obj                2       0         0      
       errno.c.obj                   0       0         1      
       startup.c.obj                 1       0         0      
    +--+-----------------------------+-------+---------+---------+
       Total:                        4325    295       11     
                                                              
    /Users/vaibhavchavan/ti/C2000Ware_26_01_00_00/driverlib/f28p65x/driverlib/ccs/Debug/driverlib.lib
       sysctl.obj                    1387    154       0      
       flash.obj                     525     155       0      
       gpio.obj                      506     152       0      
       adc.obj                       255     151       0      
       uart.obj                      181     152       0      
       cmpss.obj                     135     155       0      
       epwm.obj                      105     152       0      
       interrupt.obj                 214     0         0      
       cputimer.obj                  42      80        0      
       ipc.obj                       15      0         0      
    +--+-----------------------------+-------+---------+---------+
       Total:                        3365    1151      0      
                                                              
       Stack:                        0       0         1016   
       Linker Generated:             0       20        0      
    +--+-----------------------------+-------+---------+---------+
       Grand Total:                  12742   3484      1041   


LINKER GENERATED COPY TABLES

__TI_cinit_table @ 00083e90 records: 1, size/record: 4, table size: 4
	.data: load addr=00083e80, load size=0000000c bytes, run addr=0000a800, run size=00000019 bytes, compression=lzss


LINKER GENERATED HANDLER TABLE

__TI_handler_table @ 00083e8c records: 2, size/record: 2, table size: 4
	index: 0, handler: __TI_decompress_lzss
	index: 1, handler: __TI_decompress_none


GLOBAL DATA SYMBOLS: SORTED BY DATA PAGE

address     data page           name
--------    ----------------    ----
00000400      10 (00000400)     __stack

0000a80c     2a0 (0000a800)     __TI_enable_exit_profile_output
0000a80e     2a0 (0000a800)     __TI_cleanup_ptr
0000a810     2a0 (0000a800)     __TI_dtors_ptr
0000a812     2a0 (0000a800)     _lock
0000a814     2a0 (0000a800)     _unlock
0000a818     2a0 (0000a800)     errno

0008023c    2008 (00080200)     _ctypes_


GLOBAL SYMBOLS: SORTED ALPHABETICALLY BY Name 

page  address   name                             
----  -------   ----                             
0     00082af5  ADCTest_Init                     
0     00082994  ADCTest_Run                      
0     000823d2  ADC_setINLTrim                   
0     00083591  ADC_setMode                      
0     00083e1c  ADC_setOffsetTrim                
0     0008294b  ADC_setVREF                      
0     00083cad  BuzzerControl_Init               
0     00082660  BuzzerControl_Pulse              
0     000830c2  C$$EXIT                          
0     000828fb  CMPSS_configFilterHigh           
0     00083c64  CPUTimer_setEmulationMode        
0     000826b5  CoilControl_ButtonHighISR        
0     0008275d  CoilControl_ButtonLowISR         
0     00082709  CoilControl_ButtonMediumISR      
0     00082553  CoilControl_ButtonOnISR          
0     00083c77  CoilControl_GetButtonPressCounts 
0     00083e6b  CoilControl_GetHeatMode          
0     00083e6f  CoilControl_GetState             
0     00081f5b  CoilControl_Init                 
0     00082499  CoilControl_TimerISR             
0     00083e57  CurrentProtect_ClearTrip         
0     00083e73  CurrentProtect_GetCalibratedValue
0     000830eb  CurrentProtect_Init              
0     00083db3  CurrentProtect_IsCalibrationValid
0     00083d7f  CurrentProtect_IsTripped         
0     00081a6e  Device_enableAllPeripherals      
0     000829db  Device_init                      
0     000832b2  Device_initGPIO                  
0     000839d4  EPWM_setEmulationMode            
0     00082bb8  Fan_Init                         
0     000837aa  Fan_SetDutyPercent               
0     00008000  Flash_initModule                 
0     00083484  GPIOTest_RunInput                
0     00083047  GPIOTest_RunOutput               
0     00082295  GPIO_setAnalogMode               
0     00082e26  GPIO_setDirectionMode            
0     00082d4a  GPIO_setInterruptPin             
0     000828a9  GPIO_setPadConfig                
0     00082d81  GPIO_setPinConfig                
0     00082db8  GPIO_setQualificationMode        
0     000839ea  Interrupt_defaultHandler         
0     00082def  Interrupt_enable                 
0     00083dec  Interrupt_illegalOperationHandler
0     00082bf5  Interrupt_initModule             
0     000834fc  Interrupt_initVectorTable        
0     00083df6  Interrupt_nmiHandler             
0     00083070  LEDTest_Run                      
0     00080e8b  RamfuncsLoadEnd                  
abs   000000eb  RamfuncsLoadSize                 
0     00080da0  RamfuncsLoadStart                
0     000080eb  RamfuncsRunEnd                   
abs   000000eb  RamfuncsRunSize                  
0     00008000  RamfuncsRunStart                 
0     00083e77  RelayControl_GetState            
0     00083c16  RelayControl_Init                
0     00083cf1  RelayControl_SetState            
0     00082306  SelfTest_RunAll                  
0     000080e7  SysCtl_delay                     
0     0008236d  SysCtl_getClock                  
0     00083714  SysCtl_getLowSpeedClock          
0     00081d34  SysCtl_isPLLValid                
0     00082a22  SysCtl_selectOscSource           
0     00082aaf  SysCtl_selectXTAL                
0     00083269  SysCtl_selectXTALSingleEnded     
0     00081c0e  SysCtl_setClock                  
0     00082c32  UART_init                        
0     00082fc9  UART_readLine                    
0     000837da  UART_sendBegin                   
0     0008351a  UART_sendButtonStatus            
0     00083099  UART_sendCoilStatus              
0     000837f2  UART_sendFanAck                  
0     00083538  UART_sendOverallResult           
0     00083e5c  UART_sendPong                    
0     00083e61  UART_sendReady                   
0     0008380a  UART_sendRelayAck                
0     00083a00  UART_sendString                  
0     0008318a  UART_sendTestResult              
0     000824f6  UART_setConfig                   
0     00083e90  __TI_CINIT_Base                  
0     00083e94  __TI_CINIT_Limit                 
0     00083e94  __TI_CINIT_Warm                  
0     00083e8c  __TI_Handler_Table_Base          
0     00083e90  __TI_Handler_Table_Limit         
0     000007f8  __TI_STACK_END                   
abs   000003f8  __TI_STACK_SIZE                  
0     00082f9e  __TI_auto_init_nobinit_nopinit   
0     0000a80e  __TI_cleanup_ptr                 
0     00082f18  __TI_decompress_lzss             
0     00083e24  __TI_decompress_none             
0     0000a810  __TI_dtors_ptr                   
0     0000a80c  __TI_enable_exit_profile_output  
0     00082eb9  __TI_ltoa                        
abs   ffffffff  __TI_pprof_out_hndl              
0     00081319  __TI_printfi                     
abs   ffffffff  __TI_prof_data_size              
abs   ffffffff  __TI_prof_data_start             
0     00083852  __c28xabi_andll                  
0     00083556  __c28xabi_cmpll                  
0     00083568  __c28xabi_cmpull                 
0     0008219a  __c28xabi_divf                   
0     0008301d  __c28xabi_divl                   
0     00081e54  __c28xabi_divll                  
0     0008303a  __c28xabi_divul                  
0     00081eca  __c28xabi_divull                 
0     0008302c  __c28xabi_modl                   
0     00081e90  __c28xabi_modll                  
0     00083041  __c28xabi_modul                  
0     00081ef9  __c28xabi_modull                 
0     0008385a  __c28xabi_orll                   
0     00083862  __c28xabi_xorll                  
abs   ffffffff  __c_args__                       
0     00083e43  __error__                        
0     00000400  __stack                          
0     00083c9b  _args_main                       
0     00083779  _c_int00                         
0     0008023c  _ctypes_                         
0     0000a812  _lock                            
0     00083e1b  _nop                             
0     00083e17  _register_lock                   
0     00083e13  _register_unlock                 
0     00083e7d  _system_post_cinit               
0     00083e7b  _system_pre_init                 
0     0000a814  _unlock                          
0     000830c2  abort                            
0     00082e88  atoi                             
0     00080000  code_start                       
0     0008313b  copysign                         
0     0008313b  copysignl                        
0     0000a818  errno                            
0     000830c4  exit                             
0     00082607  frexp                            
0     00082607  frexpl                           
0     000820fa  ldexp                            
0     000820fa  ldexpl                           
0     00082048  main                             
0     00083d42  memccpy                          
0     000833eb  memcpy                           
0     00083e4a  memset                           
0     000820fa  scalbn                           
0     000820fa  scalbnl                          
0     000825ad  snprintf                         
0     00083dbf  strchr                           
0     00083e00  strcmp                           
0     00083e66  strcpy                           
0     00083e34  strlen                           
0     00083a16  strncmp                          
0     00083de1  wcslen                           


GLOBAL SYMBOLS: SORTED BY Symbol Address 

page  address   name                             
----  -------   ----                             
0     00000400  __stack                          
0     000007f8  __TI_STACK_END                   
0     00008000  Flash_initModule                 
0     00008000  RamfuncsRunStart                 
0     000080e7  SysCtl_delay                     
0     000080eb  RamfuncsRunEnd                   
0     0000a80c  __TI_enable_exit_profile_output  
0     0000a80e  __TI_cleanup_ptr                 
0     0000a810  __TI_dtors_ptr                   
0     0000a812  _lock                            
0     0000a814  _unlock                          
0     0000a818  errno                            
0     00080000  code_start                       
0     0008023c  _ctypes_                         
0     00080da0  RamfuncsLoadStart                
0     00080e8b  RamfuncsLoadEnd                  
0     00081319  __TI_printfi                     
0     00081a6e  Device_enableAllPeripherals      
0     00081c0e  SysCtl_setClock                  
0     00081d34  SysCtl_isPLLValid                
0     00081e54  __c28xabi_divll                  
0     00081e90  __c28xabi_modll                  
0     00081eca  __c28xabi_divull                 
0     00081ef9  __c28xabi_modull                 
0     00081f5b  CoilControl_Init                 
0     00082048  main                             
0     000820fa  ldexp                            
0     000820fa  ldexpl                           
0     000820fa  scalbn                           
0     000820fa  scalbnl                          
0     0008219a  __c28xabi_divf                   
0     00082295  GPIO_setAnalogMode               
0     00082306  SelfTest_RunAll                  
0     0008236d  SysCtl_getClock                  
0     000823d2  ADC_setINLTrim                   
0     00082499  CoilControl_TimerISR             
0     000824f6  UART_setConfig                   
0     00082553  CoilControl_ButtonOnISR          
0     000825ad  snprintf                         
0     00082607  frexp                            
0     00082607  frexpl                           
0     00082660  BuzzerControl_Pulse              
0     000826b5  CoilControl_ButtonHighISR        
0     00082709  CoilControl_ButtonMediumISR      
0     0008275d  CoilControl_ButtonLowISR         
0     000828a9  GPIO_setPadConfig                
0     000828fb  CMPSS_configFilterHigh           
0     0008294b  ADC_setVREF                      
0     00082994  ADCTest_Run                      
0     000829db  Device_init                      
0     00082a22  SysCtl_selectOscSource           
0     00082aaf  SysCtl_selectXTAL                
0     00082af5  ADCTest_Init                     
0     00082bb8  Fan_Init                         
0     00082bf5  Interrupt_initModule             
0     00082c32  UART_init                        
0     00082d4a  GPIO_setInterruptPin             
0     00082d81  GPIO_setPinConfig                
0     00082db8  GPIO_setQualificationMode        
0     00082def  Interrupt_enable                 
0     00082e26  GPIO_setDirectionMode            
0     00082e88  atoi                             
0     00082eb9  __TI_ltoa                        
0     00082f18  __TI_decompress_lzss             
0     00082f9e  __TI_auto_init_nobinit_nopinit   
0     00082fc9  UART_readLine                    
0     0008301d  __c28xabi_divl                   
0     0008302c  __c28xabi_modl                   
0     0008303a  __c28xabi_divul                  
0     00083041  __c28xabi_modul                  
0     00083047  GPIOTest_RunOutput               
0     00083070  LEDTest_Run                      
0     00083099  UART_sendCoilStatus              
0     000830c2  C$$EXIT                          
0     000830c2  abort                            
0     000830c4  exit                             
0     000830eb  CurrentProtect_Init              
0     0008313b  copysign                         
0     0008313b  copysignl                        
0     0008318a  UART_sendTestResult              
0     00083269  SysCtl_selectXTALSingleEnded     
0     000832b2  Device_initGPIO                  
0     000833eb  memcpy                           
0     00083484  GPIOTest_RunInput                
0     000834fc  Interrupt_initVectorTable        
0     0008351a  UART_sendButtonStatus            
0     00083538  UART_sendOverallResult           
0     00083556  __c28xabi_cmpll                  
0     00083568  __c28xabi_cmpull                 
0     00083591  ADC_setMode                      
0     00083714  SysCtl_getLowSpeedClock          
0     00083779  _c_int00                         
0     000837aa  Fan_SetDutyPercent               
0     000837da  UART_sendBegin                   
0     000837f2  UART_sendFanAck                  
0     0008380a  UART_sendRelayAck                
0     00083852  __c28xabi_andll                  
0     0008385a  __c28xabi_orll                   
0     00083862  __c28xabi_xorll                  
0     000839d4  EPWM_setEmulationMode            
0     000839ea  Interrupt_defaultHandler         
0     00083a00  UART_sendString                  
0     00083a16  strncmp                          
0     00083c16  RelayControl_Init                
0     00083c64  CPUTimer_setEmulationMode        
0     00083c77  CoilControl_GetButtonPressCounts 
0     00083c9b  _args_main                       
0     00083cad  BuzzerControl_Init               
0     00083cf1  RelayControl_SetState            
0     00083d42  memccpy                          
0     00083d7f  CurrentProtect_IsTripped         
0     00083db3  CurrentProtect_IsCalibrationValid
0     00083dbf  strchr                           
0     00083de1  wcslen                           
0     00083dec  Interrupt_illegalOperationHandler
0     00083df6  Interrupt_nmiHandler             
0     00083e00  strcmp                           
0     00083e13  _register_unlock                 
0     00083e17  _register_lock                   
0     00083e1b  _nop                             
0     00083e1c  ADC_setOffsetTrim                
0     00083e24  __TI_decompress_none             
0     00083e34  strlen                           
0     00083e43  __error__                        
0     00083e4a  memset                           
0     00083e57  CurrentProtect_ClearTrip         
0     00083e5c  UART_sendPong                    
0     00083e61  UART_sendReady                   
0     00083e66  strcpy                           
0     00083e6b  CoilControl_GetHeatMode          
0     00083e6f  CoilControl_GetState             
0     00083e73  CurrentProtect_GetCalibratedValue
0     00083e77  RelayControl_GetState            
0     00083e7b  _system_pre_init                 
0     00083e7d  _system_post_cinit               
0     00083e8c  __TI_Handler_Table_Base          
0     00083e90  __TI_CINIT_Base                  
0     00083e90  __TI_Handler_Table_Limit         
0     00083e94  __TI_CINIT_Limit                 
0     00083e94  __TI_CINIT_Warm                  
abs   000000eb  RamfuncsLoadSize                 
abs   000000eb  RamfuncsRunSize                  
abs   000003f8  __TI_STACK_SIZE                  
abs   ffffffff  __TI_pprof_out_hndl              
abs   ffffffff  __TI_prof_data_size              
abs   ffffffff  __TI_prof_data_start             
abs   ffffffff  __c_args__                       

[147 symbols]
