<?xml version="1.0" encoding="ISO-8859-1" ?>
<link_info>
   <banner>TMS320C2000 Linker Unix v25.11.1.LTS</banner>
   <copyright>Copyright (c) 1996-2018 Texas Instruments Incorporated</copyright>
   <command_line>/Applications/ti/ccs2100/ccs/tools/compiler/ti-cgt-c2000_25.11.1.LTS/bin/lnk2000 -l/var/tmp/TI202jnAE8r</command_line>
   <link_time>0x6a7dc6ba</link_time>
   <link_errors>0x0</link_errors>
   <output_file>/Users/vaibhavchavan/Documents/self-test firmware/Driverlib Empty CPU1 Example CCS Project/CPU1_FLASH/Driverlib Empty CPU1 Example CCS Project.out</output_file>
   <entry_point>
      <name>code_start</name>
      <address>0x80000</address>
   </entry_point>
   <input_file_list>
      <input_file id="fl-2">
         <path>/Users/vaibhavchavan/Documents/self-test firmware/Driverlib Empty CPU1 Example CCS Project/CPU1_FLASH/./</path>
         <kind>object</kind>
         <file>adc_test.obj</file>
         <name>adc_test.obj</name>
      </input_file>
      <input_file id="fl-3">
         <path>/Users/vaibhavchavan/Documents/self-test firmware/Driverlib Empty CPU1 Example CCS Project/CPU1_FLASH/./syscfg/</path>
         <kind>object</kind>
         <file>board.obj</file>
         <name>board.obj</name>
      </input_file>
      <input_file id="fl-4">
         <path>/Users/vaibhavchavan/Documents/self-test firmware/Driverlib Empty CPU1 Example CCS Project/CPU1_FLASH/./syscfg/</path>
         <kind>object</kind>
         <file>c2000ware_libraries.obj</file>
         <name>c2000ware_libraries.obj</name>
      </input_file>
      <input_file id="fl-5">
         <path>/Users/vaibhavchavan/Documents/self-test firmware/Driverlib Empty CPU1 Example CCS Project/CPU1_FLASH/./</path>
         <kind>object</kind>
         <file>coil_control.obj</file>
         <name>coil_control.obj</name>
      </input_file>
      <input_file id="fl-6">
         <path>/Users/vaibhavchavan/Documents/self-test firmware/Driverlib Empty CPU1 Example CCS Project/CPU1_FLASH/./</path>
         <kind>object</kind>
         <file>current_protect.obj</file>
         <name>current_protect.obj</name>
      </input_file>
      <input_file id="fl-7">
         <path>/Users/vaibhavchavan/Documents/self-test firmware/Driverlib Empty CPU1 Example CCS Project/CPU1_FLASH/./</path>
         <kind>object</kind>
         <file>fan_control.obj</file>
         <name>fan_control.obj</name>
      </input_file>
      <input_file id="fl-8">
         <path>/Users/vaibhavchavan/Documents/self-test firmware/Driverlib Empty CPU1 Example CCS Project/CPU1_FLASH/./</path>
         <kind>object</kind>
         <file>gpio_test.obj</file>
         <name>gpio_test.obj</name>
      </input_file>
      <input_file id="fl-9">
         <path>/Users/vaibhavchavan/Documents/self-test firmware/Driverlib Empty CPU1 Example CCS Project/CPU1_FLASH/./</path>
         <kind>object</kind>
         <file>led_test.obj</file>
         <name>led_test.obj</name>
      </input_file>
      <input_file id="fl-a">
         <path>/Users/vaibhavchavan/Documents/self-test firmware/Driverlib Empty CPU1 Example CCS Project/CPU1_FLASH/./</path>
         <kind>object</kind>
         <file>main.obj</file>
         <name>main.obj</name>
      </input_file>
      <input_file id="fl-b">
         <path>/Users/vaibhavchavan/Documents/self-test firmware/Driverlib Empty CPU1 Example CCS Project/CPU1_FLASH/./</path>
         <kind>object</kind>
         <file>self_test.obj</file>
         <name>self_test.obj</name>
      </input_file>
      <input_file id="fl-c">
         <path>/Users/vaibhavchavan/Documents/self-test firmware/Driverlib Empty CPU1 Example CCS Project/CPU1_FLASH/./</path>
         <kind>object</kind>
         <file>uart_comm.obj</file>
         <name>uart_comm.obj</name>
      </input_file>
      <input_file id="fl-d">
         <path>/Users/vaibhavchavan/Documents/self-test firmware/Driverlib Empty CPU1 Example CCS Project/CPU1_FLASH/./device/</path>
         <kind>object</kind>
         <file>device.obj</file>
         <name>device.obj</name>
      </input_file>
      <input_file id="fl-e">
         <path>/Users/vaibhavchavan/Documents/self-test firmware/Driverlib Empty CPU1 Example CCS Project/CPU1_FLASH/./device/</path>
         <kind>object</kind>
         <file>f28p65x_codestartbranch.obj</file>
         <name>f28p65x_codestartbranch.obj</name>
      </input_file>
      <input_file id="fl-14">
         <path>/Users/vaibhavchavan/Documents/self-test firmware/Driverlib Empty CPU1 Example CCS Project/CPU1_FLASH/</path>
         <kind>object</kind>
         <file>&lt;internal&gt;</file>
         <name>&lt;internal&gt;</name>
      </input_file>
      <input_file id="fl-15">
         <path>/Users/vaibhavchavan/ti/C2000Ware_26_01_00_00/driverlib/f28p65x/driverlib/ccs/Debug/</path>
         <kind>archive</kind>
         <file>driverlib.lib</file>
         <name>adc.obj</name>
      </input_file>
      <input_file id="fl-16">
         <path>/Users/vaibhavchavan/ti/C2000Ware_26_01_00_00/driverlib/f28p65x/driverlib/ccs/Debug/</path>
         <kind>archive</kind>
         <file>driverlib.lib</file>
         <name>cmpss.obj</name>
      </input_file>
      <input_file id="fl-17">
         <path>/Users/vaibhavchavan/ti/C2000Ware_26_01_00_00/driverlib/f28p65x/driverlib/ccs/Debug/</path>
         <kind>archive</kind>
         <file>driverlib.lib</file>
         <name>dcc.obj</name>
      </input_file>
      <input_file id="fl-18">
         <path>/Users/vaibhavchavan/ti/C2000Ware_26_01_00_00/driverlib/f28p65x/driverlib/ccs/Debug/</path>
         <kind>archive</kind>
         <file>driverlib.lib</file>
         <name>flash.obj</name>
      </input_file>
      <input_file id="fl-19">
         <path>/Users/vaibhavchavan/ti/C2000Ware_26_01_00_00/driverlib/f28p65x/driverlib/ccs/Debug/</path>
         <kind>archive</kind>
         <file>driverlib.lib</file>
         <name>gpio.obj</name>
      </input_file>
      <input_file id="fl-1a">
         <path>/Users/vaibhavchavan/ti/C2000Ware_26_01_00_00/driverlib/f28p65x/driverlib/ccs/Debug/</path>
         <kind>archive</kind>
         <file>driverlib.lib</file>
         <name>interrupt.obj</name>
      </input_file>
      <input_file id="fl-1b">
         <path>/Users/vaibhavchavan/ti/C2000Ware_26_01_00_00/driverlib/f28p65x/driverlib/ccs/Debug/</path>
         <kind>archive</kind>
         <file>driverlib.lib</file>
         <name>ipc.obj</name>
      </input_file>
      <input_file id="fl-1c">
         <path>/Users/vaibhavchavan/ti/C2000Ware_26_01_00_00/driverlib/f28p65x/driverlib/ccs/Debug/</path>
         <kind>archive</kind>
         <file>driverlib.lib</file>
         <name>sysctl.obj</name>
      </input_file>
      <input_file id="fl-1d">
         <path>/Users/vaibhavchavan/ti/C2000Ware_26_01_00_00/driverlib/f28p65x/driverlib/ccs/Debug/</path>
         <kind>archive</kind>
         <file>driverlib.lib</file>
         <name>uart.obj</name>
      </input_file>
      <input_file id="fl-29">
         <path>/Applications/ti/ccs2100/ccs/tools/compiler/ti-cgt-c2000_25.11.1.LTS/lib/</path>
         <kind>archive</kind>
         <file>rts2800_fpu64_eabi.lib</file>
         <name>snprintf.c.obj</name>
      </input_file>
      <input_file id="fl-2a">
         <path>/Applications/ti/ccs2100/ccs/tools/compiler/ti-cgt-c2000_25.11.1.LTS/lib/</path>
         <kind>archive</kind>
         <file>rts2800_fpu64_eabi.lib</file>
         <name>boot28.asm.obj</name>
      </input_file>
      <input_file id="fl-2b">
         <path>/Applications/ti/ccs2100/ccs/tools/compiler/ti-cgt-c2000_25.11.1.LTS/lib/</path>
         <kind>archive</kind>
         <file>rts2800_fpu64_eabi.lib</file>
         <name>fs_div28.asm.obj</name>
      </input_file>
      <input_file id="fl-2c">
         <path>/Applications/ti/ccs2100/ccs/tools/compiler/ti-cgt-c2000_25.11.1.LTS/lib/</path>
         <kind>archive</kind>
         <file>rts2800_fpu64_eabi.lib</file>
         <name>memcpy.c.obj</name>
      </input_file>
      <input_file id="fl-2d">
         <path>/Applications/ti/ccs2100/ccs/tools/compiler/ti-cgt-c2000_25.11.1.LTS/lib/</path>
         <kind>archive</kind>
         <file>rts2800_fpu64_eabi.lib</file>
         <name>pre_init.c.obj</name>
      </input_file>
      <input_file id="fl-2e">
         <path>/Applications/ti/ccs2100/ccs/tools/compiler/ti-cgt-c2000_25.11.1.LTS/lib/</path>
         <kind>archive</kind>
         <file>rts2800_fpu64_eabi.lib</file>
         <name>autoinit.c.obj</name>
      </input_file>
      <input_file id="fl-2f">
         <path>/Applications/ti/ccs2100/ccs/tools/compiler/ti-cgt-c2000_25.11.1.LTS/lib/</path>
         <kind>archive</kind>
         <file>rts2800_fpu64_eabi.lib</file>
         <name>copy_zero_init.c.obj</name>
      </input_file>
      <input_file id="fl-30">
         <path>/Applications/ti/ccs2100/ccs/tools/compiler/ti-cgt-c2000_25.11.1.LTS/lib/</path>
         <kind>archive</kind>
         <file>rts2800_fpu64_eabi.lib</file>
         <name>copy_decompress_none.c.obj</name>
      </input_file>
      <input_file id="fl-31">
         <path>/Applications/ti/ccs2100/ccs/tools/compiler/ti-cgt-c2000_25.11.1.LTS/lib/</path>
         <kind>archive</kind>
         <file>rts2800_fpu64_eabi.lib</file>
         <name>copy_decompress_lzss.c.obj</name>
      </input_file>
      <input_file id="fl-32">
         <path>/Applications/ti/ccs2100/ccs/tools/compiler/ti-cgt-c2000_25.11.1.LTS/lib/</path>
         <kind>archive</kind>
         <file>rts2800_fpu64_eabi.lib</file>
         <name>exit.c.obj</name>
      </input_file>
      <input_file id="fl-33">
         <path>/Applications/ti/ccs2100/ccs/tools/compiler/ti-cgt-c2000_25.11.1.LTS/lib/</path>
         <kind>archive</kind>
         <file>rts2800_fpu64_eabi.lib</file>
         <name>_lock.c.obj</name>
      </input_file>
      <input_file id="fl-34">
         <path>/Applications/ti/ccs2100/ccs/tools/compiler/ti-cgt-c2000_25.11.1.LTS/lib/</path>
         <kind>archive</kind>
         <file>rts2800_fpu64_eabi.lib</file>
         <name>args_main.c.obj</name>
      </input_file>
      <input_file id="fl-35">
         <path>/Applications/ti/ccs2100/ccs/tools/compiler/ti-cgt-c2000_25.11.1.LTS/lib/</path>
         <kind>archive</kind>
         <file>rts2800_fpu64_eabi.lib</file>
         <name>atoi.c.obj</name>
      </input_file>
      <input_file id="fl-36">
         <path>/Applications/ti/ccs2100/ccs/tools/compiler/ti-cgt-c2000_25.11.1.LTS/lib/</path>
         <kind>archive</kind>
         <file>rts2800_fpu64_eabi.lib</file>
         <name>ctype.c.obj</name>
      </input_file>
      <input_file id="fl-37">
         <path>/Applications/ti/ccs2100/ccs/tools/compiler/ti-cgt-c2000_25.11.1.LTS/lib/</path>
         <kind>archive</kind>
         <file>rts2800_fpu64_eabi.lib</file>
         <name>memset.c.obj</name>
      </input_file>
      <input_file id="fl-38">
         <path>/Applications/ti/ccs2100/ccs/tools/compiler/ti-cgt-c2000_25.11.1.LTS/lib/</path>
         <kind>archive</kind>
         <file>rts2800_fpu64_eabi.lib</file>
         <name>strcmp.c.obj</name>
      </input_file>
      <input_file id="fl-39">
         <path>/Applications/ti/ccs2100/ccs/tools/compiler/ti-cgt-c2000_25.11.1.LTS/lib/</path>
         <kind>archive</kind>
         <file>rts2800_fpu64_eabi.lib</file>
         <name>strlen.c.obj</name>
      </input_file>
      <input_file id="fl-3a">
         <path>/Applications/ti/ccs2100/ccs/tools/compiler/ti-cgt-c2000_25.11.1.LTS/lib/</path>
         <kind>archive</kind>
         <file>rts2800_fpu64_eabi.lib</file>
         <name>strncmp.c.obj</name>
      </input_file>
      <input_file id="fl-3b">
         <path>/Applications/ti/ccs2100/ccs/tools/compiler/ti-cgt-c2000_25.11.1.LTS/lib/</path>
         <kind>archive</kind>
         <file>rts2800_fpu64_eabi.lib</file>
         <name>_printfi.c.obj</name>
      </input_file>
      <input_file id="fl-3c">
         <path>/Applications/ti/ccs2100/ccs/tools/compiler/ti-cgt-c2000_25.11.1.LTS/lib/</path>
         <kind>archive</kind>
         <file>rts2800_fpu64_eabi.lib</file>
         <name>ll_aox28.asm.obj</name>
      </input_file>
      <input_file id="fl-3d">
         <path>/Applications/ti/ccs2100/ccs/tools/compiler/ti-cgt-c2000_25.11.1.LTS/lib/</path>
         <kind>archive</kind>
         <file>rts2800_fpu64_eabi.lib</file>
         <name>ll_cmp28.asm.obj</name>
      </input_file>
      <input_file id="fl-3e">
         <path>/Applications/ti/ccs2100/ccs/tools/compiler/ti-cgt-c2000_25.11.1.LTS/lib/</path>
         <kind>archive</kind>
         <file>rts2800_fpu64_eabi.lib</file>
         <name>ll_div28.asm.obj</name>
      </input_file>
      <input_file id="fl-3f">
         <path>/Applications/ti/ccs2100/ccs/tools/compiler/ti-cgt-c2000_25.11.1.LTS/lib/</path>
         <kind>archive</kind>
         <file>rts2800_fpu64_eabi.lib</file>
         <name>cpy_tbl.c.obj</name>
      </input_file>
      <input_file id="fl-40">
         <path>/Applications/ti/ccs2100/ccs/tools/compiler/ti-cgt-c2000_25.11.1.LTS/lib/</path>
         <kind>archive</kind>
         <file>rts2800_fpu64_eabi.lib</file>
         <name>startup.c.obj</name>
      </input_file>
      <input_file id="fl-41">
         <path>/Applications/ti/ccs2100/ccs/tools/compiler/ti-cgt-c2000_25.11.1.LTS/lib/</path>
         <kind>archive</kind>
         <file>rts2800_fpu64_eabi.lib</file>
         <name>_ltoa.c.obj</name>
      </input_file>
      <input_file id="fl-42">
         <path>/Applications/ti/ccs2100/ccs/tools/compiler/ti-cgt-c2000_25.11.1.LTS/lib/</path>
         <kind>archive</kind>
         <file>rts2800_fpu64_eabi.lib</file>
         <name>memccpy.c.obj</name>
      </input_file>
      <input_file id="fl-43">
         <path>/Applications/ti/ccs2100/ccs/tools/compiler/ti-cgt-c2000_25.11.1.LTS/lib/</path>
         <kind>archive</kind>
         <file>rts2800_fpu64_eabi.lib</file>
         <name>strchr.c.obj</name>
      </input_file>
      <input_file id="fl-44">
         <path>/Applications/ti/ccs2100/ccs/tools/compiler/ti-cgt-c2000_25.11.1.LTS/lib/</path>
         <kind>archive</kind>
         <file>rts2800_fpu64_eabi.lib</file>
         <name>strcpy.c.obj</name>
      </input_file>
      <input_file id="fl-45">
         <path>/Applications/ti/ccs2100/ccs/tools/compiler/ti-cgt-c2000_25.11.1.LTS/lib/</path>
         <kind>archive</kind>
         <file>rts2800_fpu64_eabi.lib</file>
         <name>errno.c.obj</name>
      </input_file>
      <input_file id="fl-46">
         <path>/Applications/ti/ccs2100/ccs/tools/compiler/ti-cgt-c2000_25.11.1.LTS/lib/</path>
         <kind>archive</kind>
         <file>rts2800_fpu64_eabi.lib</file>
         <name>s_frexp.c.obj</name>
      </input_file>
      <input_file id="fl-47">
         <path>/Applications/ti/ccs2100/ccs/tools/compiler/ti-cgt-c2000_25.11.1.LTS/lib/</path>
         <kind>archive</kind>
         <file>rts2800_fpu64_eabi.lib</file>
         <name>s_scalbn.c.obj</name>
      </input_file>
      <input_file id="fl-48">
         <path>/Applications/ti/ccs2100/ccs/tools/compiler/ti-cgt-c2000_25.11.1.LTS/lib/</path>
         <kind>archive</kind>
         <file>rts2800_fpu64_eabi.lib</file>
         <name>wcslen.c.obj</name>
      </input_file>
      <input_file id="fl-49">
         <path>/Applications/ti/ccs2100/ccs/tools/compiler/ti-cgt-c2000_25.11.1.LTS/lib/</path>
         <kind>archive</kind>
         <file>rts2800_fpu64_eabi.lib</file>
         <name>l_div28.asm.obj</name>
      </input_file>
      <input_file id="fl-4a">
         <path>/Applications/ti/ccs2100/ccs/tools/compiler/ti-cgt-c2000_25.11.1.LTS/lib/</path>
         <kind>archive</kind>
         <file>rts2800_fpu64_eabi.lib</file>
         <name>s_copysign.c.obj</name>
      </input_file>
   </input_file_list>
   <object_component_list>
      <object_component id="oc-22">
         <name>codestart</name>
         <load_address>0x80000</load_address>
         <readonly>true</readonly>
         <executable>true</executable>
         <run_address>0x80000</run_address>
         <size>0x2</size>
         <alignment>0x1</alignment>
         <input_file_ref idref="fl-e"/>
      </object_component>
      <object_component id="oc-5b0">
         <name>.text:__TI_printfi</name>
         <load_address>0x80c08</load_address>
         <readonly>true</readonly>
         <executable>true</executable>
         <run_address>0x80c08</run_address>
         <size>0x60e</size>
         <alignment>0x1</alignment>
         <input_file_ref idref="fl-3b"/>
      </object_component>
      <object_component id="oc-607">
         <name>.text</name>
         <load_address>0x81216</load_address>
         <readonly>true</readonly>
         <executable>true</executable>
         <run_address>0x81216</run_address>
         <size>0x5d0</size>
         <alignment>0x2</alignment>
         <input_file_ref idref="fl-3b"/>
      </object_component>
      <object_component id="oc-29b">
         <name>.text:Device_enableAllPeripherals</name>
         <load_address>0x817e6</load_address>
         <readonly>true</readonly>
         <executable>true</executable>
         <run_address>0x817e6</run_address>
         <size>0x1a0</size>
         <alignment>0x1</alignment>
         <input_file_ref idref="fl-d"/>
      </object_component>
      <object_component id="oc-282">
         <name>.text:SysCtl_setClock</name>
         <load_address>0x81986</load_address>
         <readonly>true</readonly>
         <executable>true</executable>
         <run_address>0x81986</run_address>
         <size>0x126</size>
         <alignment>0x1</alignment>
         <input_file_ref idref="fl-1c"/>
      </object_component>
      <object_component id="oc-409">
         <name>.text:SysCtl_isPLLValid</name>
         <load_address>0x81aac</load_address>
         <readonly>true</readonly>
         <executable>true</executable>
         <run_address>0x81aac</run_address>
         <size>0x120</size>
         <alignment>0x1</alignment>
         <input_file_ref idref="fl-1c"/>
      </object_component>
      <object_component id="oc-5f3">
         <name>.text</name>
         <load_address>0x81bcc</load_address>
         <readonly>true</readonly>
         <executable>true</executable>
         <run_address>0x81bcc</run_address>
         <size>0x107</size>
         <alignment>0x1</alignment>
         <input_file_ref idref="fl-3e"/>
      </object_component>
      <object_component id="oc-62c">
         <name>.text</name>
         <load_address>0x81cd3</load_address>
         <readonly>true</readonly>
         <executable>true</executable>
         <run_address>0x81cd3</run_address>
         <size>0xa0</size>
         <alignment>0x1</alignment>
         <input_file_ref idref="fl-47"/>
      </object_component>
      <object_component id="oc-519">
         <name>.text</name>
         <load_address>0x81d73</load_address>
         <readonly>true</readonly>
         <executable>true</executable>
         <run_address>0x81d73</run_address>
         <size>0x88</size>
         <alignment>0x1</alignment>
         <input_file_ref idref="fl-2b"/>
      </object_component>
      <object_component id="oc-54e">
         <name>.text:DCC_setCounterSeeds</name>
         <load_address>0x81dfb</load_address>
         <readonly>true</readonly>
         <executable>true</executable>
         <run_address>0x81dfb</run_address>
         <size>0x73</size>
         <alignment>0x1</alignment>
         <input_file_ref idref="fl-1c"/>
      </object_component>
      <object_component id="oc-2c4">
         <name>.text:GPIO_setAnalogMode</name>
         <load_address>0x81e6e</load_address>
         <readonly>true</readonly>
         <executable>true</executable>
         <run_address>0x81e6e</run_address>
         <size>0x71</size>
         <alignment>0x1</alignment>
         <input_file_ref idref="fl-19"/>
      </object_component>
      <object_component id="oc-2e">
         <name>.text:CoilControl_Init</name>
         <load_address>0x81edf</load_address>
         <readonly>true</readonly>
         <executable>true</executable>
         <run_address>0x81edf</run_address>
         <size>0x70</size>
         <alignment>0x1</alignment>
         <input_file_ref idref="fl-5"/>
      </object_component>
      <object_component id="oc-28e">
         <name>.text:SysCtl_getClock</name>
         <load_address>0x81f4f</load_address>
         <readonly>true</readonly>
         <executable>true</executable>
         <run_address>0x81f4f</run_address>
         <size>0x65</size>
         <alignment>0x1</alignment>
         <input_file_ref idref="fl-1c"/>
      </object_component>
      <object_component id="oc-450">
         <name>.text:ADC_setINLTrim</name>
         <load_address>0x81fb4</load_address>
         <readonly>true</readonly>
         <executable>true</executable>
         <run_address>0x81fb4</run_address>
         <size>0x64</size>
         <alignment>0x1</alignment>
         <input_file_ref idref="fl-15"/>
      </object_component>
      <object_component id="oc-33d">
         <name>.text:runCalibrationSweep</name>
         <load_address>0x82018</load_address>
         <readonly>true</readonly>
         <executable>true</executable>
         <run_address>0x82018</run_address>
         <size>0x63</size>
         <alignment>0x1</alignment>
         <input_file_ref idref="fl-6"/>
      </object_component>
      <object_component id="oc-2aa">
         <name>.text:UART_setConfig</name>
         <load_address>0x8207b</load_address>
         <readonly>true</readonly>
         <executable>true</executable>
         <run_address>0x8207b</run_address>
         <size>0x5d</size>
         <alignment>0x1</alignment>
         <input_file_ref idref="fl-1d"/>
      </object_component>
      <object_component id="oc-3a5">
         <name>.text</name>
         <load_address>0x820d8</load_address>
         <readonly>true</readonly>
         <executable>true</executable>
         <run_address>0x820d8</run_address>
         <size>0x5a</size>
         <alignment>0x1</alignment>
         <input_file_ref idref="fl-29"/>
      </object_component>
      <object_component id="oc-626">
         <name>.text</name>
         <load_address>0x82132</load_address>
         <readonly>true</readonly>
         <executable>true</executable>
         <run_address>0x82132</run_address>
         <size>0x59</size>
         <alignment>0x1</alignment>
         <input_file_ref idref="fl-46"/>
      </object_component>
      <object_component id="oc-2d">
         <name>.text:CoilControl_ButtonISR</name>
         <load_address>0x8218b</load_address>
         <readonly>true</readonly>
         <executable>true</executable>
         <run_address>0x8218b</run_address>
         <size>0x58</size>
         <alignment>0x1</alignment>
         <input_file_ref idref="fl-5"/>
      </object_component>
      <object_component id="oc-238">
         <name>.text:SelfTest_RunAll</name>
         <load_address>0x821e3</load_address>
         <readonly>true</readonly>
         <executable>true</executable>
         <run_address>0x821e3</run_address>
         <size>0x55</size>
         <alignment>0x1</alignment>
         <input_file_ref idref="fl-b"/>
      </object_component>
      <object_component id="oc-130">
         <name>.text:EPWM_isBaseValid</name>
         <load_address>0x82238</load_address>
         <readonly>true</readonly>
         <executable>true</executable>
         <run_address>0x82238</run_address>
         <size>0x53</size>
         <alignment>0x1</alignment>
         <input_file_ref idref="fl-5"/>
      </object_component>
      <object_component id="oc-466">
         <name>.text:EPWM_isBaseValid</name>
         <load_address>0x8228b</load_address>
         <readonly>true</readonly>
         <executable>true</executable>
         <run_address>0x8228b</run_address>
         <size>0x53</size>
         <alignment>0x1</alignment>
         <input_file_ref idref="fl-7"/>
      </object_component>
      <object_component id="oc-c0">
         <name>.text:GPIO_setPadConfig</name>
         <load_address>0x822de</load_address>
         <readonly>true</readonly>
         <executable>true</executable>
         <run_address>0x822de</run_address>
         <size>0x52</size>
         <alignment>0x1</alignment>
         <input_file_ref idref="fl-19"/>
      </object_component>
      <object_component id="oc-343">
         <name>.text:CMPSS_configFilterHigh</name>
         <load_address>0x82330</load_address>
         <readonly>true</readonly>
         <executable>true</executable>
         <run_address>0x82330</run_address>
         <size>0x50</size>
         <alignment>0x1</alignment>
         <input_file_ref idref="fl-16"/>
      </object_component>
      <object_component id="oc-1cf">
         <name>.text:main</name>
         <load_address>0x82380</load_address>
         <readonly>true</readonly>
         <executable>true</executable>
         <run_address>0x82380</run_address>
         <size>0x4e</size>
         <alignment>0x1</alignment>
         <input_file_ref idref="fl-a"/>
      </object_component>
      <object_component id="oc-2be">
         <name>.text:ADC_setVREF</name>
         <load_address>0x823ce</load_address>
         <readonly>true</readonly>
         <executable>true</executable>
         <run_address>0x823ce</run_address>
         <size>0x49</size>
         <alignment>0x1</alignment>
         <input_file_ref idref="fl-15"/>
      </object_component>
      <object_component id="oc-37c">
         <name>.text:ADCTest_Run</name>
         <load_address>0x82417</load_address>
         <readonly>true</readonly>
         <executable>true</executable>
         <run_address>0x82417</run_address>
         <size>0x47</size>
         <alignment>0x1</alignment>
         <input_file_ref idref="fl-2"/>
      </object_component>
      <object_component id="oc-1fb">
         <name>.text:Device_init</name>
         <load_address>0x8245e</load_address>
         <readonly>true</readonly>
         <executable>true</executable>
         <run_address>0x8245e</run_address>
         <size>0x47</size>
         <alignment>0x1</alignment>
         <input_file_ref idref="fl-d"/>
      </object_component>
      <object_component id="oc-3fd">
         <name>.text:SysCtl_selectOscSource</name>
         <load_address>0x824a5</load_address>
         <readonly>true</readonly>
         <executable>true</executable>
         <run_address>0x824a5</run_address>
         <size>0x47</size>
         <alignment>0x1</alignment>
         <input_file_ref idref="fl-1c"/>
      </object_component>
      <object_component id="oc-4bd">
         <name>.text:ADC_setupSOC</name>
         <load_address>0x824ec</load_address>
         <readonly>true</readonly>
         <executable>true</executable>
         <run_address>0x824ec</run_address>
         <size>0x46</size>
         <alignment>0x1</alignment>
         <input_file_ref idref="fl-2"/>
      </object_component>
      <object_component id="oc-50b">
         <name>.text:SysCtl_selectXTAL</name>
         <load_address>0x82532</load_address>
         <readonly>true</readonly>
         <executable>true</executable>
         <run_address>0x82532</run_address>
         <size>0x46</size>
         <alignment>0x1</alignment>
         <input_file_ref idref="fl-1c"/>
      </object_component>
      <object_component id="oc-31d">
         <name>.text:EPWM_setActionQualifierAction</name>
         <load_address>0x82578</load_address>
         <readonly>true</readonly>
         <executable>true</executable>
         <run_address>0x82578</run_address>
         <size>0x40</size>
         <alignment>0x1</alignment>
         <input_file_ref idref="fl-7"/>
      </object_component>
      <object_component id="oc-5b9">
         <name>.text:SysCtl_pollX1Counter</name>
         <load_address>0x825b8</load_address>
         <readonly>true</readonly>
         <executable>true</executable>
         <run_address>0x825b8</run_address>
         <size>0x40</size>
         <alignment>0x1</alignment>
         <input_file_ref idref="fl-1c"/>
      </object_component>
      <object_component id="oc-213">
         <name>.text:ADCTest_Init</name>
         <load_address>0x825f8</load_address>
         <readonly>true</readonly>
         <executable>true</executable>
         <run_address>0x825f8</run_address>
         <size>0x3f</size>
         <alignment>0x1</alignment>
         <input_file_ref idref="fl-2"/>
      </object_component>
      <object_component id="oc-219">
         <name>.text:Fan_Init</name>
         <load_address>0x82637</load_address>
         <readonly>true</readonly>
         <executable>true</executable>
         <run_address>0x82637</run_address>
         <size>0x3d</size>
         <alignment>0x1</alignment>
         <input_file_ref idref="fl-7"/>
      </object_component>
      <object_component id="oc-207">
         <name>.text:Interrupt_initModule</name>
         <load_address>0x82674</load_address>
         <readonly>true</readonly>
         <executable>true</executable>
         <run_address>0x82674</run_address>
         <size>0x3d</size>
         <alignment>0x1</alignment>
         <input_file_ref idref="fl-1a"/>
      </object_component>
      <object_component id="oc-20d">
         <name>.text:UART_init</name>
         <load_address>0x826b1</load_address>
         <readonly>true</readonly>
         <executable>true</executable>
         <run_address>0x826b1</run_address>
         <size>0x3c</size>
         <alignment>0x1</alignment>
         <input_file_ref idref="fl-c"/>
      </object_component>
      <object_component id="oc-325">
         <name>.text:ASysCtl_selectCMPHPMux</name>
         <load_address>0x826ed</load_address>
         <readonly>true</readonly>
         <executable>true</executable>
         <run_address>0x826ed</run_address>
         <size>0x37</size>
         <alignment>0x1</alignment>
         <input_file_ref idref="fl-6"/>
      </object_component>
      <object_component id="oc-478">
         <name>.text:CMPSS_isBaseValid</name>
         <load_address>0x82724</load_address>
         <readonly>true</readonly>
         <executable>true</executable>
         <run_address>0x82724</run_address>
         <size>0x37</size>
         <alignment>0x1</alignment>
         <input_file_ref idref="fl-6"/>
      </object_component>
      <object_component id="oc-48e">
         <name>.text:CMPSS_isBaseValid</name>
         <load_address>0x8275b</load_address>
         <readonly>true</readonly>
         <executable>true</executable>
         <run_address>0x8275b</run_address>
         <size>0x37</size>
         <alignment>0x1</alignment>
         <input_file_ref idref="fl-16"/>
      </object_component>
      <object_component id="oc-9c">
         <name>.text:EPWM_setFallingEdgeDeadBandDelayInput</name>
         <load_address>0x82792</load_address>
         <readonly>true</readonly>
         <executable>true</executable>
         <run_address>0x82792</run_address>
         <size>0x37</size>
         <alignment>0x1</alignment>
         <input_file_ref idref="fl-5"/>
      </object_component>
      <object_component id="oc-d2">
         <name>.text:GPIO_setInterruptPin</name>
         <load_address>0x827c9</load_address>
         <readonly>true</readonly>
         <executable>true</executable>
         <run_address>0x827c9</run_address>
         <size>0x37</size>
         <alignment>0x1</alignment>
         <input_file_ref idref="fl-19"/>
      </object_component>
      <object_component id="oc-90">
         <name>.text:GPIO_setPinConfig</name>
         <load_address>0x82800</load_address>
         <readonly>true</readonly>
         <executable>true</executable>
         <run_address>0x82800</run_address>
         <size>0x37</size>
         <alignment>0x1</alignment>
         <input_file_ref idref="fl-19"/>
      </object_component>
      <object_component id="oc-cc">
         <name>.text:GPIO_setQualificationMode</name>
         <load_address>0x82837</load_address>
         <readonly>true</readonly>
         <executable>true</executable>
         <run_address>0x82837</run_address>
         <size>0x37</size>
         <alignment>0x1</alignment>
         <input_file_ref idref="fl-19"/>
      </object_component>
      <object_component id="oc-e4">
         <name>.text:Interrupt_enable</name>
         <load_address>0x8286e</load_address>
         <readonly>true</readonly>
         <executable>true</executable>
         <run_address>0x8286e</run_address>
         <size>0x37</size>
         <alignment>0x1</alignment>
         <input_file_ref idref="fl-1a"/>
      </object_component>
      <object_component id="oc-ba">
         <name>.text:GPIO_setDirectionMode</name>
         <load_address>0x828a5</load_address>
         <readonly>true</readonly>
         <executable>true</executable>
         <run_address>0x828a5</run_address>
         <size>0x31</size>
         <alignment>0x1</alignment>
         <input_file_ref idref="fl-19"/>
      </object_component>
      <object_component id="oc-24a">
         <name>.text</name>
         <load_address>0x828d6</load_address>
         <readonly>true</readonly>
         <executable>true</executable>
         <run_address>0x828d6</run_address>
         <size>0x31</size>
         <alignment>0x1</alignment>
         <input_file_ref idref="fl-35"/>
      </object_component>
      <object_component id="oc-620">
         <name>.text</name>
         <load_address>0x82907</load_address>
         <readonly>true</readonly>
         <executable>true</executable>
         <run_address>0x82907</run_address>
         <size>0x30</size>
         <alignment>0x1</alignment>
         <input_file_ref idref="fl-41"/>
      </object_component>
      <object_component id="oc-2e5">
         <name>.text:ADC_setInterruptSource</name>
         <load_address>0x82937</load_address>
         <readonly>true</readonly>
         <executable>true</executable>
         <run_address>0x82937</run_address>
         <size>0x2f</size>
         <alignment>0x1</alignment>
         <input_file_ref idref="fl-2"/>
      </object_component>
      <object_component id="oc-15">
         <name>.text:decompress:lzss</name>
         <load_address>0x82966</load_address>
         <readonly>true</readonly>
         <executable>true</executable>
         <run_address>0x82966</run_address>
         <size>0x2e</size>
         <alignment>0x1</alignment>
         <input_file_ref idref="fl-31"/>
      </object_component>
      <object_component id="oc-124">
         <name>.text:EPWM_setActionQualifierContSWForceAction</name>
         <load_address>0x82994</load_address>
         <readonly>true</readonly>
         <executable>true</executable>
         <run_address>0x82994</run_address>
         <size>0x2c</size>
         <alignment>0x1</alignment>
         <input_file_ref idref="fl-5"/>
      </object_component>
      <object_component id="oc-a2">
         <name>.text:EPWM_setDeadBandDelayMode</name>
         <load_address>0x829c0</load_address>
         <readonly>true</readonly>
         <executable>true</executable>
         <run_address>0x829c0</run_address>
         <size>0x2c</size>
         <alignment>0x1</alignment>
         <input_file_ref idref="fl-5"/>
      </object_component>
      <object_component id="oc-19f">
         <name>.text:__TI_auto_init_nobinit_nopinit</name>
         <load_address>0x829ec</load_address>
         <readonly>true</readonly>
         <executable>true</executable>
         <run_address>0x829ec</run_address>
         <size>0x2b</size>
         <alignment>0x1</alignment>
         <input_file_ref idref="fl-2e"/>
      </object_component>
      <object_component id="oc-22b">
         <name>.text:UART_readLine</name>
         <load_address>0x82a17</load_address>
         <readonly>true</readonly>
         <executable>true</executable>
         <run_address>0x82a17</run_address>
         <size>0x2a</size>
         <alignment>0x1</alignment>
         <input_file_ref idref="fl-c"/>
      </object_component>
      <object_component id="oc-147">
         <name>.text:XBAR_setInputPin</name>
         <load_address>0x82a41</load_address>
         <readonly>true</readonly>
         <executable>true</executable>
         <run_address>0x82a41</run_address>
         <size>0x2a</size>
         <alignment>0x1</alignment>
         <input_file_ref idref="fl-19"/>
      </object_component>
      <object_component id="oc-81">
         <name>.text:applyStateOutputs</name>
         <load_address>0x82a6b</load_address>
         <readonly>true</readonly>
         <executable>true</executable>
         <run_address>0x82a6b</run_address>
         <size>0x2a</size>
         <alignment>0x1</alignment>
         <input_file_ref idref="fl-5"/>
      </object_component>
      <object_component id="oc-645">
         <name>.text</name>
         <load_address>0x82a95</load_address>
         <readonly>true</readonly>
         <executable>true</executable>
         <run_address>0x82a95</run_address>
         <size>0x2a</size>
         <alignment>0x1</alignment>
         <input_file_ref idref="fl-49"/>
      </object_component>
      <object_component id="oc-376">
         <name>.text:GPIOTest_RunOutput</name>
         <load_address>0x82abf</load_address>
         <readonly>true</readonly>
         <executable>true</executable>
         <run_address>0x82abf</run_address>
         <size>0x29</size>
         <alignment>0x1</alignment>
         <input_file_ref idref="fl-8"/>
      </object_component>
      <object_component id="oc-382">
         <name>.text:LEDTest_Run</name>
         <load_address>0x82ae8</load_address>
         <readonly>true</readonly>
         <executable>true</executable>
         <run_address>0x82ae8</run_address>
         <size>0x29</size>
         <alignment>0x1</alignment>
         <input_file_ref idref="fl-9"/>
      </object_component>
      <object_component id="oc-17c">
         <name>.text</name>
         <load_address>0x82b11</load_address>
         <readonly>true</readonly>
         <executable>true</executable>
         <run_address>0x82b11</run_address>
         <size>0x29</size>
         <alignment>0x1</alignment>
         <input_file_ref idref="fl-32"/>
      </object_component>
      <object_component id="oc-21f">
         <name>.text:CurrentProtect_Init</name>
         <load_address>0x82b3a</load_address>
         <readonly>true</readonly>
         <executable>true</executable>
         <run_address>0x82b3a</run_address>
         <size>0x28</size>
         <alignment>0x1</alignment>
         <input_file_ref idref="fl-6"/>
      </object_component>
      <object_component id="oc-423">
         <name>.text:UART_disableModule</name>
         <load_address>0x82b62</load_address>
         <readonly>true</readonly>
         <executable>true</executable>
         <run_address>0x82b62</run_address>
         <size>0x28</size>
         <alignment>0x1</alignment>
         <input_file_ref idref="fl-1d"/>
      </object_component>
      <object_component id="oc-64e">
         <name>.text</name>
         <load_address>0x82b8a</load_address>
         <readonly>true</readonly>
         <executable>true</executable>
         <run_address>0x82b8a</run_address>
         <size>0x28</size>
         <alignment>0x1</alignment>
         <input_file_ref idref="fl-4a"/>
      </object_component>
      <object_component id="oc-96">
         <name>.text:EPWM_setRisingEdgeDeadBandDelayInput</name>
         <load_address>0x82bb2</load_address>
         <readonly>true</readonly>
         <executable>true</executable>
         <run_address>0x82bb2</run_address>
         <size>0x27</size>
         <alignment>0x1</alignment>
         <input_file_ref idref="fl-5"/>
      </object_component>
      <object_component id="oc-38e">
         <name>.text:UART_sendTestResult</name>
         <load_address>0x82bd9</load_address>
         <readonly>true</readonly>
         <executable>true</executable>
         <run_address>0x82bd9</run_address>
         <size>0x26</size>
         <alignment>0x1</alignment>
         <input_file_ref idref="fl-c"/>
      </object_component>
      <object_component id="oc-c6">
         <name>.text:GPIO_writePin</name>
         <load_address>0x82bff</load_address>
         <readonly>true</readonly>
         <executable>true</executable>
         <run_address>0x82bff</run_address>
         <size>0x25</size>
         <alignment>0x1</alignment>
         <input_file_ref idref="fl-5"/>
      </object_component>
      <object_component id="oc-4b6">
         <name>.text:GPIO_writePin</name>
         <load_address>0x82c24</load_address>
         <readonly>true</readonly>
         <executable>true</executable>
         <run_address>0x82c24</run_address>
         <size>0x25</size>
         <alignment>0x1</alignment>
         <input_file_ref idref="fl-8"/>
      </object_component>
      <object_component id="oc-4dc">
         <name>.text:GPIO_writePin</name>
         <load_address>0x82c49</load_address>
         <readonly>true</readonly>
         <executable>true</executable>
         <run_address>0x82c49</run_address>
         <size>0x25</size>
         <alignment>0x1</alignment>
         <input_file_ref idref="fl-9"/>
      </object_component>
      <object_component id="oc-511">
         <name>.text:SysCtl_selectXTALSingleEnded</name>
         <load_address>0x82c6e</load_address>
         <readonly>true</readonly>
         <executable>true</executable>
         <run_address>0x82c6e</run_address>
         <size>0x25</size>
         <alignment>0x1</alignment>
         <input_file_ref idref="fl-1c"/>
      </object_component>
      <object_component id="oc-554">
         <name>.text:DCC_enableSingleShotMode</name>
         <load_address>0x82c93</load_address>
         <readonly>true</readonly>
         <executable>true</executable>
         <run_address>0x82c93</run_address>
         <size>0x24</size>
         <alignment>0x1</alignment>
         <input_file_ref idref="fl-1c"/>
      </object_component>
      <object_component id="oc-201">
         <name>.text:Device_initGPIO</name>
         <load_address>0x82cb7</load_address>
         <readonly>true</readonly>
         <executable>true</executable>
         <run_address>0x82cb7</run_address>
         <size>0x24</size>
         <alignment>0x1</alignment>
         <input_file_ref idref="fl-d"/>
      </object_component>
      <object_component id="oc-a8">
         <name>.text:EPWM_setDeadBandDelayPolarity</name>
         <load_address>0x82cdb</load_address>
         <readonly>true</readonly>
         <executable>true</executable>
         <run_address>0x82cdb</run_address>
         <size>0x24</size>
         <alignment>0x1</alignment>
         <input_file_ref idref="fl-5"/>
      </object_component>
      <object_component id="oc-191">
         <name>.text:XBAR_isBaseValid</name>
         <load_address>0x82cff</load_address>
         <readonly>true</readonly>
         <executable>true</executable>
         <run_address>0x82cff</run_address>
         <size>0x23</size>
         <alignment>0x1</alignment>
         <input_file_ref idref="fl-19"/>
      </object_component>
      <object_component id="oc-317">
         <name>.text:EPWM_setCounterCompareValue</name>
         <load_address>0x82d22</load_address>
         <readonly>true</readonly>
         <executable>true</executable>
         <run_address>0x82d22</run_address>
         <size>0x22</size>
         <alignment>0x1</alignment>
         <input_file_ref idref="fl-7"/>
      </object_component>
      <object_component id="oc-2eb">
         <name>.text:ADC_enableInterrupt</name>
         <load_address>0x82d44</load_address>
         <readonly>true</readonly>
         <executable>true</executable>
         <run_address>0x82d44</run_address>
         <size>0x20</size>
         <alignment>0x1</alignment>
         <input_file_ref idref="fl-2"/>
      </object_component>
      <object_component id="oc-5a">
         <name>.text</name>
         <load_address>0x82d64</load_address>
         <readonly>true</readonly>
         <executable>true</executable>
         <run_address>0x82d64</run_address>
         <size>0x20</size>
         <alignment>0x1</alignment>
         <input_file_ref idref="fl-2c"/>
      </object_component>
      <object_component id="oc-3dc">
         <name>.text:Flash_writeTrims</name>
         <load_address>0x82d84</load_address>
         <readonly>true</readonly>
         <executable>true</executable>
         <run_address>0x82d84</run_address>
         <size>0x1f</size>
         <alignment>0x1</alignment>
         <input_file_ref idref="fl-18"/>
      </object_component>
      <object_component id="oc-542">
         <name>.text:DCC_setCounter0ClkSource</name>
         <load_address>0x82da3</load_address>
         <readonly>true</readonly>
         <executable>true</executable>
         <run_address>0x82da3</run_address>
         <size>0x1e</size>
         <alignment>0x1</alignment>
         <input_file_ref idref="fl-1c"/>
      </object_component>
      <object_component id="oc-548">
         <name>.text:DCC_setCounter1ClkSource</name>
         <load_address>0x82dc1</load_address>
         <readonly>true</readonly>
         <executable>true</executable>
         <run_address>0x82dc1</run_address>
         <size>0x1e</size>
         <alignment>0x1</alignment>
         <input_file_ref idref="fl-1c"/>
      </object_component>
      <object_component id="oc-370">
         <name>.text:GPIOTest_RunInput</name>
         <load_address>0x82ddf</load_address>
         <readonly>true</readonly>
         <executable>true</executable>
         <run_address>0x82ddf</run_address>
         <size>0x1e</size>
         <alignment>0x1</alignment>
         <input_file_ref idref="fl-8"/>
      </object_component>
      <object_component id="oc-75">
         <name>.text:GPIO_readPin</name>
         <load_address>0x82dfd</load_address>
         <readonly>true</readonly>
         <executable>true</executable>
         <run_address>0x82dfd</run_address>
         <size>0x1e</size>
         <alignment>0x1</alignment>
         <input_file_ref idref="fl-5"/>
      </object_component>
      <object_component id="oc-4ae">
         <name>.text:GPIO_readPin</name>
         <load_address>0x82e1b</load_address>
         <readonly>true</readonly>
         <executable>true</executable>
         <run_address>0x82e1b</run_address>
         <size>0x1e</size>
         <alignment>0x1</alignment>
         <input_file_ref idref="fl-8"/>
      </object_component>
      <object_component id="oc-4e2">
         <name>.text:GPIO_readPin</name>
         <load_address>0x82e39</load_address>
         <readonly>true</readonly>
         <executable>true</executable>
         <run_address>0x82e39</run_address>
         <size>0x1e</size>
         <alignment>0x1</alignment>
         <input_file_ref idref="fl-9"/>
      </object_component>
      <object_component id="oc-3a">
         <name>.text:Interrupt_initVectorTable</name>
         <load_address>0x82e57</load_address>
         <readonly>true</readonly>
         <executable>true</executable>
         <run_address>0x82e57</run_address>
         <size>0x1e</size>
         <alignment>0x1</alignment>
         <input_file_ref idref="fl-1a"/>
      </object_component>
      <object_component id="oc-394">
         <name>.text:UART_sendOverallResult</name>
         <load_address>0x82e75</load_address>
         <readonly>true</readonly>
         <executable>true</executable>
         <run_address>0x82e75</run_address>
         <size>0x1e</size>
         <alignment>0x1</alignment>
         <input_file_ref idref="fl-c"/>
      </object_component>
      <object_component id="oc-5ee">
         <name>.text</name>
         <load_address>0x82e93</load_address>
         <readonly>true</readonly>
         <executable>true</executable>
         <run_address>0x82e93</run_address>
         <size>0x1e</size>
         <alignment>0x1</alignment>
         <input_file_ref idref="fl-3d"/>
      </object_component>
      <object_component id="oc-4c9">
         <name>.text:ADC_getInterruptStatus</name>
         <load_address>0x82eb1</load_address>
         <readonly>true</readonly>
         <executable>true</executable>
         <run_address>0x82eb1</run_address>
         <size>0x1d</size>
         <alignment>0x1</alignment>
         <input_file_ref idref="fl-2"/>
      </object_component>
      <object_component id="oc-2d3">
         <name>.text:ADC_setMode</name>
         <load_address>0x82ece</load_address>
         <readonly>true</readonly>
         <executable>true</executable>
         <run_address>0x82ece</run_address>
         <size>0x1d</size>
         <alignment>0x1</alignment>
         <input_file_ref idref="fl-15"/>
      </object_component>
      <object_component id="oc-349">
         <name>.text:CMPSS_setHysteresis</name>
         <load_address>0x82eeb</load_address>
         <readonly>true</readonly>
         <executable>true</executable>
         <run_address>0x82eeb</run_address>
         <size>0x1d</size>
         <alignment>0x1</alignment>
         <input_file_ref idref="fl-6"/>
      </object_component>
      <object_component id="oc-b4">
         <name>.text:EPWM_setFallingEdgeDelayCount</name>
         <load_address>0x82f08</load_address>
         <readonly>true</readonly>
         <executable>true</executable>
         <run_address>0x82f08</run_address>
         <size>0x1d</size>
         <alignment>0x1</alignment>
         <input_file_ref idref="fl-5"/>
      </object_component>
      <object_component id="oc-ae">
         <name>.text:EPWM_setRisingEdgeDelayCount</name>
         <load_address>0x82f25</load_address>
         <readonly>true</readonly>
         <executable>true</executable>
         <run_address>0x82f25</run_address>
         <size>0x1d</size>
         <alignment>0x1</alignment>
         <input_file_ref idref="fl-5"/>
      </object_component>
      <object_component id="oc-388">
         <name>.text:TypeToString</name>
         <load_address>0x82f42</load_address>
         <readonly>true</readonly>
         <executable>true</executable>
         <run_address>0x82f42</run_address>
         <size>0x1d</size>
         <alignment>0x1</alignment>
         <input_file_ref idref="fl-b"/>
      </object_component>
      <object_component id="oc-2ff">
         <name>.text:EPWM_setClockPrescaler</name>
         <load_address>0x82f5f</load_address>
         <readonly>true</readonly>
         <executable>true</executable>
         <run_address>0x82f5f</run_address>
         <size>0x1c</size>
         <alignment>0x1</alignment>
         <input_file_ref idref="fl-7"/>
      </object_component>
      <object_component id="oc-481">
         <name>.text:CMPSS_setDACValueHigh</name>
         <load_address>0x82f7b</load_address>
         <readonly>true</readonly>
         <executable>true</executable>
         <run_address>0x82f7b</run_address>
         <size>0x1b</size>
         <alignment>0x1</alignment>
         <input_file_ref idref="fl-6"/>
      </object_component>
      <object_component id="oc-429">
         <name>.text:UART_enableModule</name>
         <load_address>0x82f96</load_address>
         <readonly>true</readonly>
         <executable>true</executable>
         <run_address>0x82f96</run_address>
         <size>0x1b</size>
         <alignment>0x1</alignment>
         <input_file_ref idref="fl-1d"/>
      </object_component>
      <object_component id="oc-2b6">
         <name>.text:UART_enableModule</name>
         <load_address>0x82fb1</load_address>
         <readonly>true</readonly>
         <executable>true</executable>
         <run_address>0x82fb1</run_address>
         <size>0x1b</size>
         <alignment>0x1</alignment>
         <input_file_ref idref="fl-c"/>
      </object_component>
      <object_component id="oc-49f">
         <name>.text:UART_writeChar</name>
         <load_address>0x82fcc</load_address>
         <readonly>true</readonly>
         <executable>true</executable>
         <run_address>0x82fcc</run_address>
         <size>0x1b</size>
         <alignment>0x1</alignment>
         <input_file_ref idref="fl-c"/>
      </object_component>
      <object_component id="oc-4d5">
         <name>.text:ADC_readResult</name>
         <load_address>0x82fe7</load_address>
         <readonly>true</readonly>
         <executable>true</executable>
         <run_address>0x82fe7</run_address>
         <size>0x1a</size>
         <alignment>0x1</alignment>
         <input_file_ref idref="fl-2"/>
      </object_component>
      <object_component id="oc-5c9">
         <name>.text:DCC_isBaseValid</name>
         <load_address>0x83001</load_address>
         <readonly>true</readonly>
         <executable>true</executable>
         <run_address>0x83001</run_address>
         <size>0x1a</size>
         <alignment>0x1</alignment>
         <input_file_ref idref="fl-1c"/>
      </object_component>
      <object_component id="oc-295">
         <name>.text:SysCtl_getLowSpeedClock</name>
         <load_address>0x8301b</load_address>
         <readonly>true</readonly>
         <executable>true</executable>
         <run_address>0x8301b</run_address>
         <size>0x1a</size>
         <alignment>0x1</alignment>
         <input_file_ref idref="fl-1c"/>
      </object_component>
      <object_component id="oc-403">
         <name>.text:SysCtl_setPLLSysClk</name>
         <load_address>0x83035</load_address>
         <readonly>true</readonly>
         <executable>true</executable>
         <run_address>0x83035</run_address>
         <size>0x19</size>
         <alignment>0x1</alignment>
         <input_file_ref idref="fl-1c"/>
      </object_component>
      <object_component id="oc-35e">
         <name>.text:UART_readChar</name>
         <load_address>0x8304e</load_address>
         <readonly>true</readonly>
         <executable>true</executable>
         <run_address>0x8304e</run_address>
         <size>0x19</size>
         <alignment>0x1</alignment>
         <input_file_ref idref="fl-c"/>
      </object_component>
      <object_component id="oc-10b">
         <name>.text</name>
         <load_address>0x83067</load_address>
         <readonly>true</readonly>
         <executable>true</executable>
         <run_address>0x83067</run_address>
         <size>0x19</size>
         <alignment>0x1</alignment>
         <input_file_ref idref="fl-2a"/>
      </object_component>
      <object_component id="oc-250">
         <name>.text:Fan_SetDutyPercent</name>
         <load_address>0x83080</load_address>
         <readonly>true</readonly>
         <executable>true</executable>
         <run_address>0x83080</run_address>
         <size>0x18</size>
         <alignment>0x1</alignment>
         <input_file_ref idref="fl-7"/>
      </object_component>
      <object_component id="oc-2f9">
         <name>.text:SysCtl_disablePeripheral</name>
         <load_address>0x83098</load_address>
         <readonly>true</readonly>
         <executable>true</executable>
         <run_address>0x83098</run_address>
         <size>0x18</size>
         <alignment>0x1</alignment>
         <input_file_ref idref="fl-7"/>
      </object_component>
      <object_component id="oc-367">
         <name>.text:UART_sendBegin</name>
         <load_address>0x830b0</load_address>
         <readonly>true</readonly>
         <executable>true</executable>
         <run_address>0x830b0</run_address>
         <size>0x18</size>
         <alignment>0x1</alignment>
         <input_file_ref idref="fl-c"/>
      </object_component>
      <object_component id="oc-256">
         <name>.text:UART_sendFanAck</name>
         <load_address>0x830c8</load_address>
         <readonly>true</readonly>
         <executable>true</executable>
         <run_address>0x830c8</run_address>
         <size>0x18</size>
         <alignment>0x1</alignment>
         <input_file_ref idref="fl-c"/>
      </object_component>
      <object_component id="oc-5f8">
         <name>.text</name>
         <load_address>0x830e0</load_address>
         <readonly>true</readonly>
         <executable>true</executable>
         <run_address>0x830e0</run_address>
         <size>0x18</size>
         <alignment>0x1</alignment>
         <input_file_ref idref="fl-3c"/>
      </object_component>
      <object_component id="oc-4c3">
         <name>.text:ADC_forceSOC</name>
         <load_address>0x830f8</load_address>
         <readonly>true</readonly>
         <executable>true</executable>
         <run_address>0x830f8</run_address>
         <size>0x17</size>
         <alignment>0x1</alignment>
         <input_file_ref idref="fl-2"/>
      </object_component>
      <object_component id="oc-448">
         <name>.text:ADC_isBaseValid</name>
         <load_address>0x8310f</load_address>
         <readonly>true</readonly>
         <executable>true</executable>
         <run_address>0x8310f</run_address>
         <size>0x17</size>
         <alignment>0x1</alignment>
         <input_file_ref idref="fl-2"/>
      </object_component>
      <object_component id="oc-43c">
         <name>.text:ADC_isBaseValid</name>
         <load_address>0x83126</load_address>
         <readonly>true</readonly>
         <executable>true</executable>
         <run_address>0x83126</run_address>
         <size>0x17</size>
         <alignment>0x1</alignment>
         <input_file_ref idref="fl-15"/>
      </object_component>
      <object_component id="oc-414">
         <name>.text:SysCtl_enablePeripheral</name>
         <load_address>0x8313d</load_address>
         <readonly>true</readonly>
         <executable>true</executable>
         <run_address>0x8313d</run_address>
         <size>0x17</size>
         <alignment>0x1</alignment>
         <input_file_ref idref="fl-d"/>
      </object_component>
      <object_component id="oc-51e">
         <name>.text:SysCtl_enablePeripheral</name>
         <load_address>0x83154</load_address>
         <readonly>true</readonly>
         <executable>true</executable>
         <run_address>0x83154</run_address>
         <size>0x17</size>
         <alignment>0x1</alignment>
         <input_file_ref idref="fl-1c"/>
      </object_component>
      <object_component id="oc-2f3">
         <name>.text:SysCtl_enablePeripheral</name>
         <load_address>0x8316b</load_address>
         <readonly>true</readonly>
         <executable>true</executable>
         <run_address>0x8316b</run_address>
         <size>0x17</size>
         <alignment>0x1</alignment>
         <input_file_ref idref="fl-7"/>
      </object_component>
      <object_component id="oc-572">
         <name>.text:ADC_selectOffsetTrimMode</name>
         <load_address>0x83182</load_address>
         <readonly>true</readonly>
         <executable>true</executable>
         <run_address>0x83182</run_address>
         <size>0x16</size>
         <alignment>0x1</alignment>
         <input_file_ref idref="fl-15"/>
      </object_component>
      <object_component id="oc-2d9">
         <name>.text:ADC_setInterruptPulseMode</name>
         <load_address>0x83198</load_address>
         <readonly>true</readonly>
         <executable>true</executable>
         <run_address>0x83198</run_address>
         <size>0x16</size>
         <alignment>0x1</alignment>
         <input_file_ref idref="fl-2"/>
      </object_component>
      <object_component id="oc-2cd">
         <name>.text:ADC_setPrescaler</name>
         <load_address>0x831ae</load_address>
         <readonly>true</readonly>
         <executable>true</executable>
         <run_address>0x831ae</run_address>
         <size>0x16</size>
         <alignment>0x1</alignment>
         <input_file_ref idref="fl-2"/>
      </object_component>
      <object_component id="oc-337">
         <name>.text:CMPSS_configDAC</name>
         <load_address>0x831c4</load_address>
         <readonly>true</readonly>
         <executable>true</executable>
         <run_address>0x831c4</run_address>
         <size>0x16</size>
         <alignment>0x1</alignment>
         <input_file_ref idref="fl-6"/>
      </object_component>
      <object_component id="oc-331">
         <name>.text:CMPSS_configHighComparator</name>
         <load_address>0x831da</load_address>
         <readonly>true</readonly>
         <executable>true</executable>
         <run_address>0x831da</run_address>
         <size>0x16</size>
         <alignment>0x1</alignment>
         <input_file_ref idref="fl-6"/>
      </object_component>
      <object_component id="oc-53c">
         <name>.text:DCC_disableDoneSignal</name>
         <load_address>0x831f0</load_address>
         <readonly>true</readonly>
         <executable>true</executable>
         <run_address>0x831f0</run_address>
         <size>0x16</size>
         <alignment>0x1</alignment>
         <input_file_ref idref="fl-1c"/>
      </object_component>
      <object_component id="oc-39">
         <name>.text:Interrupt_defaultHandler</name>
         <load_address>0x83206</load_address>
         <readonly>true</readonly>
         <executable>true</executable>
         <run_address>0x83206</run_address>
         <size>0x16</size>
         <alignment>0x1</alignment>
         <input_file_ref idref="fl-1a"/>
      </object_component>
      <object_component id="oc-357">
         <name>.text:UART_sendString</name>
         <load_address>0x8321c</load_address>
         <readonly>true</readonly>
         <executable>true</executable>
         <run_address>0x8321c</run_address>
         <size>0x16</size>
         <alignment>0x1</alignment>
         <input_file_ref idref="fl-c"/>
      </object_component>
      <object_component id="oc-244">
         <name>.text</name>
         <load_address>0x83232</load_address>
         <readonly>true</readonly>
         <executable>true</executable>
         <run_address>0x83232</run_address>
         <size>0x16</size>
         <alignment>0x1</alignment>
         <input_file_ref idref="fl-3a"/>
      </object_component>
      <object_component id="oc-34f">
         <name>.text:CMPSS_clearFilterLatchHigh</name>
         <load_address>0x83248</load_address>
         <readonly>true</readonly>
         <executable>true</executable>
         <run_address>0x83248</run_address>
         <size>0x15</size>
         <alignment>0x1</alignment>
         <input_file_ref idref="fl-6"/>
      </object_component>
      <object_component id="oc-52a">
         <name>.text:DCC_clearDoneFlag</name>
         <load_address>0x8325d</load_address>
         <readonly>true</readonly>
         <executable>true</executable>
         <run_address>0x8325d</run_address>
         <size>0x15</size>
         <alignment>0x1</alignment>
         <input_file_ref idref="fl-1c"/>
      </object_component>
      <object_component id="oc-524">
         <name>.text:DCC_clearErrorFlag</name>
         <load_address>0x83272</load_address>
         <readonly>true</readonly>
         <executable>true</executable>
         <run_address>0x83272</run_address>
         <size>0x15</size>
         <alignment>0x1</alignment>
         <input_file_ref idref="fl-1c"/>
      </object_component>
      <object_component id="oc-536">
         <name>.text:DCC_disableErrorSignal</name>
         <load_address>0x83287</load_address>
         <readonly>true</readonly>
         <executable>true</executable>
         <run_address>0x83287</run_address>
         <size>0x15</size>
         <alignment>0x1</alignment>
         <input_file_ref idref="fl-1c"/>
      </object_component>
      <object_component id="oc-2a2">
         <name>.text:GPIO_unlockPortConfig</name>
         <load_address>0x8329c</load_address>
         <readonly>true</readonly>
         <executable>true</executable>
         <run_address>0x8329c</run_address>
         <size>0x15</size>
         <alignment>0x1</alignment>
         <input_file_ref idref="fl-d"/>
      </object_component>
      <object_component id="oc-41c">
         <name>.text:UART_isBaseValid</name>
         <load_address>0x832b1</load_address>
         <readonly>true</readonly>
         <executable>true</executable>
         <run_address>0x832b1</run_address>
         <size>0x15</size>
         <alignment>0x1</alignment>
         <input_file_ref idref="fl-1d"/>
      </object_component>
      <object_component id="oc-431">
         <name>.text:UART_isBaseValid</name>
         <load_address>0x832c6</load_address>
         <readonly>true</readonly>
         <executable>true</executable>
         <run_address>0x832c6</run_address>
         <size>0x15</size>
         <alignment>0x1</alignment>
         <input_file_ref idref="fl-c"/>
      </object_component>
      <object_component id="oc-4cf">
         <name>.text:ADC_clearInterruptStatus</name>
         <load_address>0x832db</load_address>
         <readonly>true</readonly>
         <executable>true</executable>
         <run_address>0x832db</run_address>
         <size>0x14</size>
         <alignment>0x1</alignment>
         <input_file_ref idref="fl-2"/>
      </object_component>
      <object_component id="oc-530">
         <name>.text:DCC_disableModule</name>
         <load_address>0x832ef</load_address>
         <readonly>true</readonly>
         <executable>true</executable>
         <run_address>0x832ef</run_address>
         <size>0x14</size>
         <alignment>0x1</alignment>
         <input_file_ref idref="fl-1c"/>
      </object_component>
      <object_component id="oc-55a">
         <name>.text:DCC_enableModule</name>
         <load_address>0x83303</load_address>
         <readonly>true</readonly>
         <executable>true</executable>
         <run_address>0x83303</run_address>
         <size>0x14</size>
         <alignment>0x1</alignment>
         <input_file_ref idref="fl-1c"/>
      </object_component>
      <object_component id="oc-305">
         <name>.text:EPWM_setTimeBaseCounterMode</name>
         <load_address>0x83317</load_address>
         <readonly>true</readonly>
         <executable>true</executable>
         <run_address>0x83317</run_address>
         <size>0x14</size>
         <alignment>0x1</alignment>
         <input_file_ref idref="fl-7"/>
      </object_component>
      <object_component id="oc-30b">
         <name>.text:EPWM_setTimeBasePeriod</name>
         <load_address>0x8332b</load_address>
         <readonly>true</readonly>
         <executable>true</executable>
         <run_address>0x8332b</run_address>
         <size>0x14</size>
         <alignment>0x1</alignment>
         <input_file_ref idref="fl-7"/>
      </object_component>
      <object_component id="oc-111">
         <name>.text:GPIO_isPinValid</name>
         <load_address>0x8333f</load_address>
         <readonly>true</readonly>
         <executable>true</executable>
         <run_address>0x8333f</run_address>
         <size>0x14</size>
         <alignment>0x1</alignment>
         <input_file_ref idref="fl-5"/>
      </object_component>
      <object_component id="oc-13c">
         <name>.text:GPIO_isPinValid</name>
         <load_address>0x83353</load_address>
         <readonly>true</readonly>
         <executable>true</executable>
         <run_address>0x83353</run_address>
         <size>0x14</size>
         <alignment>0x1</alignment>
         <input_file_ref idref="fl-19"/>
      </object_component>
      <object_component id="oc-584">
         <name>.text:GPIO_isPinValid</name>
         <load_address>0x83367</load_address>
         <readonly>true</readonly>
         <executable>true</executable>
         <run_address>0x83367</run_address>
         <size>0x14</size>
         <alignment>0x1</alignment>
         <input_file_ref idref="fl-8"/>
      </object_component>
      <object_component id="oc-595">
         <name>.text:GPIO_isPinValid</name>
         <load_address>0x8337b</load_address>
         <readonly>true</readonly>
         <executable>true</executable>
         <run_address>0x8337b</run_address>
         <size>0x14</size>
         <alignment>0x1</alignment>
         <input_file_ref idref="fl-9"/>
      </object_component>
      <object_component id="oc-2b0">
         <name>.text:UART_enableFIFO</name>
         <load_address>0x8338f</load_address>
         <readonly>true</readonly>
         <executable>true</executable>
         <run_address>0x8338f</run_address>
         <size>0x14</size>
         <alignment>0x1</alignment>
         <input_file_ref idref="fl-c"/>
      </object_component>
      <object_component id="oc-2df">
         <name>.text:ADC_enableConverter</name>
         <load_address>0x833a3</load_address>
         <readonly>true</readonly>
         <executable>true</executable>
         <run_address>0x833a3</run_address>
         <size>0x13</size>
         <alignment>0x1</alignment>
         <input_file_ref idref="fl-2"/>
      </object_component>
      <object_component id="oc-32b">
         <name>.text:CMPSS_enableModule</name>
         <load_address>0x833b6</load_address>
         <readonly>true</readonly>
         <executable>true</executable>
         <run_address>0x833b6</run_address>
         <size>0x13</size>
         <alignment>0x1</alignment>
         <input_file_ref idref="fl-6"/>
      </object_component>
      <object_component id="oc-176">
         <name>.text</name>
         <load_address>0x833c9</load_address>
         <readonly>true</readonly>
         <executable>true</executable>
         <run_address>0x833c9</run_address>
         <size>0x12</size>
         <alignment>0x1</alignment>
         <input_file_ref idref="fl-34"/>
      </object_component>
      <object_component id="oc-311">
         <name>.text:EPWM_disablePhaseShiftLoad</name>
         <load_address>0x833db</load_address>
         <readonly>true</readonly>
         <executable>true</executable>
         <run_address>0x833db</run_address>
         <size>0x11</size>
         <alignment>0x1</alignment>
         <input_file_ref idref="fl-7"/>
      </object_component>
      <object_component id="oc-487">
         <name>.text:CMPSS_getStatus</name>
         <load_address>0x833ec</load_address>
         <readonly>true</readonly>
         <executable>true</executable>
         <run_address>0x833ec</run_address>
         <size>0x10</size>
         <alignment>0x1</alignment>
         <input_file_ref idref="fl-6"/>
      </object_component>
      <object_component id="oc-3bd">
         <name>.text:Flash_isCtrlBaseValid</name>
         <load_address>0x833fc</load_address>
         <readonly>true</readonly>
         <executable>true</executable>
         <run_address>0x833fc</run_address>
         <size>0x10</size>
         <alignment>0x1</alignment>
         <input_file_ref idref="fl-18"/>
      </object_component>
      <object_component id="oc-3c4">
         <name>.text:Flash_isECCBaseValid</name>
         <load_address>0x8340c</load_address>
         <readonly>true</readonly>
         <executable>true</executable>
         <run_address>0x8340c</run_address>
         <size>0x10</size>
         <alignment>0x1</alignment>
         <input_file_ref idref="fl-18"/>
      </object_component>
      <object_component id="oc-d8">
         <name>.text:GPIO_setInterruptType</name>
         <load_address>0x8341c</load_address>
         <readonly>true</readonly>
         <executable>true</executable>
         <run_address>0x8341c</run_address>
         <size>0x10</size>
         <alignment>0x1</alignment>
         <input_file_ref idref="fl-5"/>
      </object_component>
      <object_component id="oc-5e6">
         <name>.text</name>
         <load_address>0x8342c</load_address>
         <readonly>true</readonly>
         <executable>true</executable>
         <run_address>0x8342c</run_address>
         <size>0x10</size>
         <alignment>0x1</alignment>
         <input_file_ref idref="fl-42"/>
      </object_component>
      <object_component id="oc-de">
         <name>.text:Interrupt_register</name>
         <load_address>0x8343c</load_address>
         <readonly>true</readonly>
         <executable>true</executable>
         <run_address>0x8343c</run_address>
         <size>0xf</size>
         <alignment>0x1</alignment>
         <input_file_ref idref="fl-5"/>
      </object_component>
      <object_component id="oc-45">
         <name>.text:Interrupt_unregister</name>
         <load_address>0x8344b</load_address>
         <readonly>true</readonly>
         <executable>true</executable>
         <run_address>0x8344b</run_address>
         <size>0xf</size>
         <alignment>0x1</alignment>
         <input_file_ref idref="fl-1b"/>
      </object_component>
      <object_component id="oc-150">
         <name>.text:Interrupt_disableGlobal</name>
         <load_address>0x8345a</load_address>
         <readonly>true</readonly>
         <executable>true</executable>
         <run_address>0x8345a</run_address>
         <size>0xd</size>
         <alignment>0x1</alignment>
         <input_file_ref idref="fl-1a"/>
      </object_component>
      <object_component id="oc-156">
         <name>.text:Interrupt_enableGlobal</name>
         <load_address>0x83467</load_address>
         <readonly>true</readonly>
         <executable>true</executable>
         <run_address>0x83467</run_address>
         <size>0xd</size>
         <alignment>0x1</alignment>
         <input_file_ref idref="fl-1a"/>
      </object_component>
      <object_component id="oc-288">
         <name>.text:SysCtl_setLowSpeedClock</name>
         <load_address>0x83474</load_address>
         <readonly>true</readonly>
         <executable>true</executable>
         <run_address>0x83474</run_address>
         <size>0xd</size>
         <alignment>0x1</alignment>
         <input_file_ref idref="fl-d"/>
      </object_component>
      <object_component id="oc-7b">
         <name>.text:CurrentProtect_IsCalibrationValid</name>
         <load_address>0x83481</load_address>
         <readonly>true</readonly>
         <executable>true</executable>
         <run_address>0x83481</run_address>
         <size>0xc</size>
         <alignment>0x1</alignment>
         <input_file_ref idref="fl-6"/>
      </object_component>
      <object_component id="oc-632">
         <name>.text</name>
         <load_address>0x8348d</load_address>
         <readonly>true</readonly>
         <executable>true</executable>
         <run_address>0x8348d</run_address>
         <size>0xc</size>
         <alignment>0x1</alignment>
         <input_file_ref idref="fl-43"/>
      </object_component>
      <object_component id="oc-276">
         <name>.text:SysCtl_disableWatchdog</name>
         <load_address>0x83499</load_address>
         <readonly>true</readonly>
         <executable>true</executable>
         <run_address>0x83499</run_address>
         <size>0xb</size>
         <alignment>0x1</alignment>
         <input_file_ref idref="fl-d"/>
      </object_component>
      <object_component id="oc-3f7">
         <name>.text:SysCtl_isMCDClockFailureDetected</name>
         <load_address>0x834a4</load_address>
         <readonly>true</readonly>
         <executable>true</executable>
         <run_address>0x834a4</run_address>
         <size>0xb</size>
         <alignment>0x1</alignment>
         <input_file_ref idref="fl-1c"/>
      </object_component>
      <object_component id="oc-5fd">
         <name>.text</name>
         <load_address>0x834af</load_address>
         <readonly>true</readonly>
         <executable>true</executable>
         <run_address>0x834af</run_address>
         <size>0xb</size>
         <alignment>0x1</alignment>
         <input_file_ref idref="fl-48"/>
      </object_component>
      <object_component id="oc-4b">
         <name>.text:Interrupt_illegalOperationHandler</name>
         <load_address>0x834ba</load_address>
         <readonly>true</readonly>
         <executable>true</executable>
         <run_address>0x834ba</run_address>
         <size>0xa</size>
         <alignment>0x1</alignment>
         <input_file_ref idref="fl-1a"/>
      </object_component>
      <object_component id="oc-51">
         <name>.text:Interrupt_nmiHandler</name>
         <load_address>0x834c4</load_address>
         <readonly>true</readonly>
         <executable>true</executable>
         <run_address>0x834c4</run_address>
         <size>0xa</size>
         <alignment>0x1</alignment>
         <input_file_ref idref="fl-1a"/>
      </object_component>
      <object_component id="oc-232">
         <name>.text</name>
         <load_address>0x834ce</load_address>
         <readonly>true</readonly>
         <executable>true</executable>
         <run_address>0x834ce</run_address>
         <size>0xa</size>
         <alignment>0x1</alignment>
         <input_file_ref idref="fl-38"/>
      </object_component>
      <object_component id="oc-ea">
         <name>.text:GPIO_enableInterrupt</name>
         <load_address>0x834d8</load_address>
         <readonly>true</readonly>
         <executable>true</executable>
         <run_address>0x834d8</run_address>
         <size>0x9</size>
         <alignment>0x1</alignment>
         <input_file_ref idref="fl-5"/>
      </object_component>
      <object_component id="oc-263">
         <name>.text</name>
         <load_address>0x834e1</load_address>
         <readonly>true</readonly>
         <executable>true</executable>
         <run_address>0x834e1</run_address>
         <size>0x9</size>
         <alignment>0x1</alignment>
         <input_file_ref idref="fl-33"/>
      </object_component>
      <object_component id="oc-456">
         <name>.text:ADC_setOffsetTrim</name>
         <load_address>0x834ea</load_address>
         <readonly>true</readonly>
         <executable>true</executable>
         <run_address>0x834ea</run_address>
         <size>0x8</size>
         <alignment>0x1</alignment>
         <input_file_ref idref="fl-15"/>
      </object_component>
      <object_component id="oc-1b">
         <name>.text:decompress:none</name>
         <load_address>0x834f2</load_address>
         <readonly>true</readonly>
         <executable>true</executable>
         <run_address>0x834f2</run_address>
         <size>0x8</size>
         <alignment>0x1</alignment>
         <input_file_ref idref="fl-30"/>
      </object_component>
      <object_component id="oc-6e">
         <name>.text</name>
         <load_address>0x834fa</load_address>
         <readonly>true</readonly>
         <executable>true</executable>
         <run_address>0x834fa</run_address>
         <size>0x8</size>
         <alignment>0x1</alignment>
         <input_file_ref idref="fl-e"/>
      </object_component>
      <object_component id="oc-499">
         <name>.text</name>
         <load_address>0x83502</load_address>
         <readonly>true</readonly>
         <executable>true</executable>
         <run_address>0x83502</run_address>
         <size>0x8</size>
         <alignment>0x1</alignment>
         <input_file_ref idref="fl-39"/>
      </object_component>
      <object_component id="oc-5bf">
         <name>.text:SysCtl_resetMCD</name>
         <load_address>0x8350a</load_address>
         <readonly>true</readonly>
         <executable>true</executable>
         <run_address>0x8350a</run_address>
         <size>0x7</size>
         <alignment>0x1</alignment>
         <input_file_ref idref="fl-1c"/>
      </object_component>
      <object_component id="oc-118">
         <name>.text:__error__</name>
         <load_address>0x83511</load_address>
         <readonly>true</readonly>
         <executable>true</executable>
         <run_address>0x83511</run_address>
         <size>0x7</size>
         <alignment>0x1</alignment>
         <input_file_ref idref="fl-d"/>
      </object_component>
      <object_component id="oc-104">
         <name>.text</name>
         <load_address>0x83518</load_address>
         <readonly>true</readonly>
         <executable>true</executable>
         <run_address>0x83518</run_address>
         <size>0x7</size>
         <alignment>0x1</alignment>
         <input_file_ref idref="fl-37"/>
      </object_component>
      <object_component id="oc-87">
[...]
            <compression>lzss</compression>
         </cprec>
      </cptbl>
   </cptbl_list>
   <handler_table>
      <handler_table_name>__TI_handler_table</handler_table_name>
      <handler>
         <index>0x0</index>
         <name>__TI_decompress_lzss</name>
      </handler>
      <handler>
         <index>0x1</index>
         <name>__TI_decompress_none</name>
      </handler>
   </handler_table>
   <symbol_table>
      <symbol id="sm-1">
         <name>RamfuncsLoadStart</name>
         <value>0x80b18</value>
      </symbol>
      <symbol id="sm-2">
         <name>RamfuncsLoadSize</name>
         <value>0xeb</value>
      </symbol>
      <symbol id="sm-3">
         <name>RamfuncsLoadEnd</name>
         <value>0x80c03</value>
      </symbol>
      <symbol id="sm-4">
         <name>RamfuncsRunStart</name>
         <value>0x8000</value>
      </symbol>
      <symbol id="sm-5">
         <name>RamfuncsRunSize</name>
         <value>0xeb</value>
      </symbol>
      <symbol id="sm-6">
         <name>RamfuncsRunEnd</name>
         <value>0x80eb</value>
      </symbol>
      <symbol id="sm-7">
         <name>__TI_CINIT_Base</name>
         <value>0x83548</value>
      </symbol>
      <symbol id="sm-8">
         <name>__TI_CINIT_Limit</name>
         <value>0x8354c</value>
      </symbol>
      <symbol id="sm-9">
         <name>__TI_CINIT_Warm</name>
         <value>0x8354c</value>
      </symbol>
      <symbol id="sm-a">
         <name>__TI_Handler_Table_Base</name>
         <value>0x83544</value>
      </symbol>
      <symbol id="sm-b">
         <name>__TI_Handler_Table_Limit</name>
         <value>0x83548</value>
      </symbol>
      <symbol id="sm-c">
         <name>__TI_STACK_SIZE</name>
         <value>0x3f8</value>
      </symbol>
      <symbol id="sm-d">
         <name>__TI_STACK_END</name>
         <value>0x7f8</value>
      </symbol>
      <symbol id="sm-e">
         <name>__c_args__</name>
         <value>0xffffffff</value>
      </symbol>
      <symbol id="sm-f">
         <name>__TI_pprof_out_hndl</name>
         <value>0xffffffff</value>
      </symbol>
      <symbol id="sm-10">
         <name>__TI_prof_data_start</name>
         <value>0xffffffff</value>
      </symbol>
      <symbol id="sm-11">
         <name>__TI_prof_data_size</name>
         <value>0xffffffff</value>
      </symbol>
      <symbol id="sm-b6">
         <name>ADCTest_Init</name>
         <value>0x825f8</value>
         <object_component_ref idref="oc-213"/>
      </symbol>
      <symbol id="sm-b7">
         <name>ADCTest_Run</name>
         <value>0x82417</value>
         <object_component_ref idref="oc-37c"/>
      </symbol>
      <symbol id="sm-175">
         <name>CoilControl_ButtonISR</name>
         <value>0x8218b</value>
         <object_component_ref idref="oc-2d"/>
      </symbol>
      <symbol id="sm-176">
         <name>CoilControl_Init</name>
         <value>0x81edf</value>
         <object_component_ref idref="oc-2e"/>
      </symbol>
      <symbol id="sm-1fa">
         <name>CurrentProtect_Init</name>
         <value>0x82b3a</value>
         <object_component_ref idref="oc-21f"/>
      </symbol>
      <symbol id="sm-1fb">
         <name>CurrentProtect_IsCalibrationValid</name>
         <value>0x83481</value>
         <object_component_ref idref="oc-7b"/>
      </symbol>
      <symbol id="sm-267">
         <name>Fan_Init</name>
         <value>0x82637</value>
         <object_component_ref idref="oc-219"/>
      </symbol>
      <symbol id="sm-268">
         <name>Fan_SetDutyPercent</name>
         <value>0x83080</value>
         <object_component_ref idref="oc-250"/>
      </symbol>
      <symbol id="sm-2a1">
         <name>GPIOTest_RunOutput</name>
         <value>0x82abf</value>
         <object_component_ref idref="oc-376"/>
      </symbol>
      <symbol id="sm-2a2">
         <name>GPIOTest_RunInput</name>
         <value>0x82ddf</value>
         <object_component_ref idref="oc-370"/>
      </symbol>
      <symbol id="sm-2d2">
         <name>LEDTest_Run</name>
         <value>0x82ae8</value>
         <object_component_ref idref="oc-382"/>
      </symbol>
      <symbol id="sm-2e6">
         <name>main</name>
         <value>0x82380</value>
         <object_component_ref idref="oc-1cf"/>
      </symbol>
      <symbol id="sm-32e">
         <name>SelfTest_RunAll</name>
         <value>0x821e3</value>
         <object_component_ref idref="oc-238"/>
      </symbol>
      <symbol id="sm-3b8">
         <name>UART_sendBegin</name>
         <value>0x830b0</value>
         <object_component_ref idref="oc-367"/>
      </symbol>
      <symbol id="sm-3b9">
         <name>UART_sendOverallResult</name>
         <value>0x82e75</value>
         <object_component_ref idref="oc-394"/>
      </symbol>
      <symbol id="sm-3ba">
         <name>UART_sendReady</name>
         <value>0x8352a</value>
         <object_component_ref idref="oc-225"/>
      </symbol>
      <symbol id="sm-3bb">
         <name>UART_readLine</name>
         <value>0x82a17</value>
         <object_component_ref idref="oc-22b"/>
      </symbol>
      <symbol id="sm-3bc">
         <name>UART_sendTestResult</name>
         <value>0x82bd9</value>
         <object_component_ref idref="oc-38e"/>
      </symbol>
      <symbol id="sm-3bd">
         <name>UART_init</name>
         <value>0x826b1</value>
         <object_component_ref idref="oc-20d"/>
      </symbol>
      <symbol id="sm-3be">
         <name>UART_sendString</name>
         <value>0x8321c</value>
         <object_component_ref idref="oc-357"/>
      </symbol>
      <symbol id="sm-3bf">
         <name>UART_sendPong</name>
         <value>0x83525</value>
         <object_component_ref idref="oc-23e"/>
      </symbol>
      <symbol id="sm-3c0">
         <name>UART_sendFanAck</name>
         <value>0x830c8</value>
         <object_component_ref idref="oc-256"/>
      </symbol>
      <symbol id="sm-408">
         <name>Device_enableAllPeripherals</name>
         <value>0x817e6</value>
         <object_component_ref idref="oc-29b"/>
      </symbol>
      <symbol id="sm-409">
         <name>Device_initGPIO</name>
         <value>0x82cb7</value>
         <object_component_ref idref="oc-201"/>
      </symbol>
      <symbol id="sm-40a">
         <name>Device_init</name>
         <value>0x8245e</value>
         <object_component_ref idref="oc-1fb"/>
      </symbol>
      <symbol id="sm-40b">
         <name>__error__</name>
         <value>0x83511</value>
         <object_component_ref idref="oc-118"/>
      </symbol>
      <symbol id="sm-41a">
         <name>code_start</name>
         <value>0x80000</value>
         <object_component_ref idref="oc-22"/>
      </symbol>
      <symbol id="sm-468">
         <name>ADC_setOffsetTrim</name>
         <value>0x834ea</value>
         <object_component_ref idref="oc-456"/>
      </symbol>
      <symbol id="sm-469">
         <name>ADC_setMode</name>
         <value>0x82ece</value>
         <object_component_ref idref="oc-2d3"/>
      </symbol>
      <symbol id="sm-46a">
         <name>ADC_setVREF</name>
         <value>0x823ce</value>
         <object_component_ref idref="oc-2be"/>
      </symbol>
      <symbol id="sm-46b">
         <name>ADC_setINLTrim</name>
         <value>0x81fb4</value>
         <object_component_ref idref="oc-450"/>
      </symbol>
      <symbol id="sm-48a">
         <name>CMPSS_configFilterHigh</name>
         <value>0x82330</value>
         <object_component_ref idref="oc-343"/>
      </symbol>
      <symbol id="sm-4f2">
         <name>Flash_initModule</name>
         <value>0x8000</value>
         <object_component_ref idref="oc-27c"/>
      </symbol>
      <symbol id="sm-563">
         <name>GPIO_setQualificationMode</name>
         <value>0x82837</value>
         <object_component_ref idref="oc-cc"/>
      </symbol>
      <symbol id="sm-564">
         <name>GPIO_setPadConfig</name>
         <value>0x822de</value>
         <object_component_ref idref="oc-c0"/>
      </symbol>
      <symbol id="sm-565">
         <name>GPIO_setInterruptPin</name>
         <value>0x827c9</value>
         <object_component_ref idref="oc-d2"/>
      </symbol>
      <symbol id="sm-566">
         <name>GPIO_setAnalogMode</name>
         <value>0x81e6e</value>
         <object_component_ref idref="oc-2c4"/>
      </symbol>
      <symbol id="sm-567">
         <name>GPIO_setDirectionMode</name>
         <value>0x828a5</value>
         <object_component_ref idref="oc-ba"/>
      </symbol>
      <symbol id="sm-568">
         <name>GPIO_setPinConfig</name>
         <value>0x82800</value>
         <object_component_ref idref="oc-90"/>
      </symbol>
      <symbol id="sm-5b7">
         <name>Interrupt_defaultHandler</name>
         <value>0x83206</value>
         <object_component_ref idref="oc-39"/>
      </symbol>
      <symbol id="sm-5b8">
         <name>Interrupt_initModule</name>
         <value>0x82674</value>
         <object_component_ref idref="oc-207"/>
      </symbol>
      <symbol id="sm-5b9">
         <name>Interrupt_nmiHandler</name>
         <value>0x834c4</value>
         <object_component_ref idref="oc-51"/>
      </symbol>
      <symbol id="sm-5ba">
         <name>Interrupt_enable</name>
         <value>0x8286e</value>
         <object_component_ref idref="oc-e4"/>
      </symbol>
      <symbol id="sm-5bb">
         <name>Interrupt_initVectorTable</name>
         <value>0x82e57</value>
         <object_component_ref idref="oc-3a"/>
      </symbol>
      <symbol id="sm-5bc">
         <name>Interrupt_illegalOperationHandler</name>
         <value>0x834ba</value>
         <object_component_ref idref="oc-4b"/>
      </symbol>
      <symbol id="sm-6e0">
         <name>SysCtl_isPLLValid</name>
         <value>0x81aac</value>
         <object_component_ref idref="oc-409"/>
      </symbol>
      <symbol id="sm-6e1">
         <name>SysCtl_delay</name>
         <value>0x80e7</value>
         <object_component_ref idref="oc-74"/>
      </symbol>
      <symbol id="sm-6e2">
         <name>SysCtl_selectXTALSingleEnded</name>
         <value>0x82c6e</value>
         <object_component_ref idref="oc-511"/>
      </symbol>
      <symbol id="sm-6e3">
         <name>SysCtl_selectXTAL</name>
         <value>0x82532</value>
         <object_component_ref idref="oc-50b"/>
      </symbol>
      <symbol id="sm-6e4">
         <name>SysCtl_selectOscSource</name>
         <value>0x824a5</value>
         <object_component_ref idref="oc-3fd"/>
      </symbol>
      <symbol id="sm-6e5">
         <name>SysCtl_getLowSpeedClock</name>
         <value>0x8301b</value>
         <object_component_ref idref="oc-295"/>
      </symbol>
      <symbol id="sm-6e6">
         <name>SysCtl_setClock</name>
         <value>0x81986</value>
         <object_component_ref idref="oc-282"/>
      </symbol>
      <symbol id="sm-6e7">
         <name>SysCtl_getClock</name>
         <value>0x81f4f</value>
         <object_component_ref idref="oc-28e"/>
      </symbol>
      <symbol id="sm-719">
         <name>UART_setConfig</name>
         <value>0x8207b</value>
         <object_component_ref idref="oc-2aa"/>
      </symbol>
      <symbol id="sm-72e">
         <name>snprintf</name>
         <value>0x820d8</value>
         <object_component_ref idref="oc-3a5"/>
      </symbol>
      <symbol id="sm-738">
         <name>_c_int00</name>
         <value>0x83067</value>
         <object_component_ref idref="oc-10b"/>
      </symbol>
      <symbol id="sm-739">
         <name>__stack</name>
         <value>0x400</value>
         <object_component_ref idref="oc-57"/>
      </symbol>
      <symbol id="sm-746">
         <name>__c28xabi_divf</name>
         <value>0x81d73</value>
         <object_component_ref idref="oc-519"/>
      </symbol>
      <symbol id="sm-758">
         <name>memcpy</name>
         <value>0x82d64</value>
         <object_component_ref idref="oc-5a"/>
      </symbol>
      <symbol id="sm-765">
         <name>_system_pre_init</name>
         <value>0x83534</value>
         <object_component_ref idref="oc-16f"/>
      </symbol>
      <symbol id="sm-774">
         <name>__TI_auto_init_nobinit_nopinit</name>
         <value>0x829ec</value>
         <object_component_ref idref="oc-19f"/>
      </symbol>
      <symbol id="sm-782">
         <name>__TI_decompress_none</name>
         <value>0x834f2</value>
         <object_component_ref idref="oc-1b"/>
      </symbol>
      <symbol id="sm-796">
         <name>__TI_decompress_lzss</name>
         <value>0x82966</value>
         <object_component_ref idref="oc-15"/>
      </symbol>
      <symbol id="sm-7ac">
         <name>C$$EXIT</name>
         <value>0x82b11</value>
         <object_component_ref idref="oc-17c"/>
      </symbol>
      <symbol id="sm-7ad">
         <name>abort</name>
         <value>0x82b11</value>
         <object_component_ref idref="oc-17c"/>
      </symbol>
      <symbol id="sm-7ae">
         <name>exit</name>
         <value>0x82b13</value>
         <object_component_ref idref="oc-17c"/>
      </symbol>
      <symbol id="sm-7af">
         <name>__TI_dtors_ptr</name>
         <value>0xa804</value>
         <object_component_ref idref="oc-1d7"/>
      </symbol>
      <symbol id="sm-7b0">
         <name>__TI_cleanup_ptr</name>
         <value>0xa802</value>
         <object_component_ref idref="oc-1d7"/>
      </symbol>
      <symbol id="sm-7b1">
         <name>__TI_enable_exit_profile_output</name>
         <value>0xa800</value>
         <object_component_ref idref="oc-1d7"/>
      </symbol>
      <symbol id="sm-7c8">
         <name>_nop</name>
         <value>0x834e9</value>
         <object_component_ref idref="oc-263"/>
      </symbol>
      <symbol id="sm-7c9">
         <name>_lock</name>
         <value>0xa806</value>
         <object_component_ref idref="oc-1da"/>
      </symbol>
      <symbol id="sm-7ca">
         <name>_unlock</name>
         <value>0xa808</value>
         <object_component_ref idref="oc-3af"/>
      </symbol>
      <symbol id="sm-7cb">
         <name>_register_lock</name>
         <value>0x834e5</value>
         <object_component_ref idref="oc-263"/>
      </symbol>
      <symbol id="sm-7cc">
         <name>_register_unlock</name>
         <value>0x834e1</value>
         <object_component_ref idref="oc-263"/>
      </symbol>
      <symbol id="sm-7db">
         <name>_args_main</name>
         <value>0x833c9</value>
         <object_component_ref idref="oc-176"/>
      </symbol>
      <symbol id="sm-7f0">
         <name>atoi</name>
         <value>0x828d6</value>
         <object_component_ref idref="oc-24a"/>
      </symbol>
      <symbol id="sm-7fb">
         <name>_ctypes_</name>
         <value>0x8023c</value>
         <object_component_ref idref="oc-39f"/>
      </symbol>
      <symbol id="sm-80a">
         <name>memset</name>
         <value>0x83518</value>
         <object_component_ref idref="oc-104"/>
      </symbol>
      <symbol id="sm-819">
         <name>strcmp</name>
         <value>0x834ce</value>
         <object_component_ref idref="oc-232"/>
      </symbol>
      <symbol id="sm-827">
         <name>strlen</name>
         <value>0x83502</value>
         <object_component_ref idref="oc-499"/>
      </symbol>
      <symbol id="sm-837">
         <name>strncmp</name>
         <value>0x83232</value>
         <object_component_ref idref="oc-244"/>
      </symbol>
      <symbol id="sm-98d">
         <name>__TI_printfi</name>
         <value>0x81091</value>
         <object_component_ref idref="oc-5b0"/>
      </symbol>
      <symbol id="sm-995">
         <name>__c28xabi_orll</name>
         <value>0x830e8</value>
         <object_component_ref idref="oc-5f8"/>
      </symbol>
      <symbol id="sm-996">
         <name>__c28xabi_xorll</name>
         <value>0x830f0</value>
         <object_component_ref idref="oc-5f8"/>
      </symbol>
      <symbol id="sm-997">
         <name>__c28xabi_andll</name>
         <value>0x830e0</value>
         <object_component_ref idref="oc-5f8"/>
      </symbol>
      <symbol id="sm-9a1">
         <name>__c28xabi_cmpll</name>
         <value>0x82e93</value>
         <object_component_ref idref="oc-5ee"/>
      </symbol>
      <symbol id="sm-9a2">
         <name>__c28xabi_cmpull</name>
         <value>0x82ea5</value>
         <object_component_ref idref="oc-5ee"/>
      </symbol>
      <symbol id="sm-9c9">
         <name>__c28xabi_modull</name>
         <value>0x81c71</value>
         <object_component_ref idref="oc-5f3"/>
      </symbol>
      <symbol id="sm-9ca">
         <name>__c28xabi_divull</name>
         <value>0x81c42</value>
         <object_component_ref idref="oc-5f3"/>
      </symbol>
      <symbol id="sm-9cb">
         <name>__c28xabi_divll</name>
         <value>0x81bcc</value>
         <object_component_ref idref="oc-5f3"/>
      </symbol>
      <symbol id="sm-9cc">
         <name>__c28xabi_modll</name>
         <value>0x81c08</value>
         <object_component_ref idref="oc-5f3"/>
      </symbol>
      <symbol id="sm-9da">
         <name>_system_post_cinit</name>
         <value>0x83536</value>
         <object_component_ref idref="oc-1e6"/>
      </symbol>
      <symbol id="sm-9e9">
         <name>__TI_ltoa</name>
         <value>0x82907</value>
         <object_component_ref idref="oc-620"/>
      </symbol>
      <symbol id="sm-9f9">
         <name>memccpy</name>
         <value>0x8342c</value>
         <object_component_ref idref="oc-5e6"/>
      </symbol>
      <symbol id="sm-a09">
         <name>strchr</name>
         <value>0x8348d</value>
         <object_component_ref idref="oc-632"/>
      </symbol>
      <symbol id="sm-a17">
         <name>strcpy</name>
         <value>0x8352f</value>
         <object_component_ref idref="oc-5e0"/>
      </symbol>
      <symbol id="sm-a22">
         <name>errno</name>
         <value>0xa80c</value>
         <object_component_ref idref="oc-603"/>
      </symbol>
      <symbol id="sm-a31">
         <name>frexpl</name>
         <value>0x82132</value>
         <object_component_ref idref="oc-626"/>
      </symbol>
      <symbol id="sm-a32">
         <name>frexp</name>
         <value>0x82132</value>
         <object_component_ref idref="oc-626"/>
      </symbol>
      <symbol id="sm-a46">
         <name>scalbn</name>
         <value>0x81cd3</value>
         <object_component_ref idref="oc-62c"/>
      </symbol>
      <symbol id="sm-a47">
         <name>scalbnl</name>
         <value>0x81cd3</value>
         <object_component_ref idref="oc-62c"/>
      </symbol>
      <symbol id="sm-a48">
         <name>ldexpl</name>
         <value>0x81cd3</value>
         <object_component_ref idref="oc-62c"/>
      </symbol>
      <symbol id="sm-a49">
         <name>ldexp</name>
         <value>0x81cd3</value>
         <object_component_ref idref="oc-62c"/>
      </symbol>
      <symbol id="sm-a58">
         <name>wcslen</name>
         <value>0x834af</value>
         <object_component_ref idref="oc-5fd"/>
      </symbol>
      <symbol id="sm-a60">
         <name>__c28xabi_divul</name>
         <value>0x82ab2</value>
         <object_component_ref idref="oc-645"/>
      </symbol>
      <symbol id="sm-a61">
         <name>__c28xabi_modul</name>
         <value>0x82ab9</value>
         <object_component_ref idref="oc-645"/>
      </symbol>
      <symbol id="sm-a62">
         <name>__c28xabi_modl</name>
         <value>0x82aa4</value>
         <object_component_ref idref="oc-645"/>
      </symbol>
      <symbol id="sm-a63">
         <name>__c28xabi_divl</name>
         <value>0x82a95</value>
         <object_component_ref idref="oc-645"/>
      </symbol>
      <symbol id="sm-a70">
         <name>copysign</name>
         <value>0x82b8a</value>
         <object_component_ref idref="oc-64e"/>
      </symbol>
      <symbol id="sm-a71">
         <name>copysignl</name>
         <value>0x82b8a</value>
         <object_component_ref idref="oc-64e"/>
      </symbol>
   </symbol_table>
   <title>Link successful</title>
</link_info>
