******************************************************************************
             TMS320C2000 Linker Unix v25.11.1                  
******************************************************************************
>> Linked Thu Aug 13 09:29:30 2026

OUTPUT FILE NAME:   <Driverlib Empty CPU1 Example CCS Project.out>
ENTRY POINT SYMBOL: "code_start"  address: 00080000


MEMORY CONFIGURATION

         name            origin    length      used     unused   attr    fill
----------------------  --------  ---------  --------  --------  ----  --------
  BOOT_RSVD             00000002   000001af  00000000  000001af  RWIX
  RAMM0                 000001b1   0000024f  00000000  0000024f  RWIX
  RAMM1                 00000400   00000400  000003f8  00000008  RWIX
  CLATOCPURAM           00001480   00000080  00000000  00000080  RWIX
  CPUTOCLARAM           00001500   00000080  00000000  00000080  RWIX
  CLATODMARAM           00001680   00000080  00000000  00000080  RWIX
  DMATOCLARAM           00001700   00000080  00000000  00000080  RWIX
  RAMLS0                00008000   00000800  000000eb  00000715  RWIX
  RAMLS1                00008800   00000800  00000000  00000800  RWIX
  RAMLS2                00009000   00000800  00000000  00000800  RWIX
  RAMLS3                00009800   00000800  00000000  00000800  RWIX
  RAMLS4                0000a000   00000800  00000000  00000800  RWIX
  RAMLS5                0000a800   00000800  0000000d  000007f3  RWIX
  RAMLS6                0000b000   00000800  00000000  00000800  RWIX
  RAMLS7                0000b800   00000800  00000000  00000800  RWIX
  RAMD0                 0000c000   00002000  00000000  00002000  RWIX
  RAMD1                 0000e000   00002000  00000000  00002000  RWIX
  RAMGS0                00010000   00002000  00000000  00002000  RWIX
  RAMGS1                00012000   00002000  00000000  00002000  RWIX
  RAMGS2                00014000   00002000  00000000  00002000  RWIX
  RAMGS3                00016000   00002000  00000000  00002000  RWIX
  RAMGS4                00018000   00002000  00000000  00002000  RWIX
  RAMD2                 0001a000   00002000  00000000  00002000  RWIX
  RAMD3                 0001c000   00002000  00000000  00002000  RWIX
  RAMD4                 0001e000   00002000  00000000  00002000  RWIX
  RAMD5                 00020000   00002000  00000000  00002000  RWIX
  RAMLS8                00022000   00002000  00000000  00002000  RWIX
  RAMLS9                00024000   00002000  00000000  00002000  RWIX
  CPU1TOCPU2RAM         0003a000   00000400  00000000  00000400  RWIX
  CPU2TOCPU1RAM         0003b000   00000400  00000000  00000400  RWIX
  CANA_MSG_RAM          00049000   00000800  00000000  00000800  RWIX
  CANB_MSG_RAM          0004b000   00000800  00000000  00000800  RWIX
  BEGIN                 00080000   00000002  00000002  00000000  RWIX
  FLASH_BANK0           00080002   0001fffe  00003538  0001cac6  RWIX
  FLASH_BANK1           000a0000   00020000  00000000  00020000  RWIX
  FLASH_BANK2           000c0000   00020000  00000000  00020000  RWIX
  RESET                 003fffc0   00000002  00000000  00000002  RWIX


SECTION ALLOCATION MAP

 output                                  attributes/
section   page    origin      length       input sections
--------  ----  ----------  ----------   ----------------
codestart 
*          0    00080000    00000002     
                  00080000    00000002     f28p65x_codestartbranch.obj (codestart)

.cinit     0    00083538    00000014     
                  00083538    0000000c     (.cinit..data.load) [load image, compression = lzss]
                  00083544    00000004     (__TI_handler_table)
                  00083548    00000004     (__TI_cinit_table)

.reset     0    003fffc0    00000000     DSECT

.stack     0    00000400    000003f8     UNINITIALIZED
                  00000400    000003f8     --HOLE--

.init_array 
*          0    00080008    00000000     UNINITIALIZED

.data      0    0000a800    0000000d     UNINITIALIZED
                  0000a800    00000006     rts2800_fpu64_eabi.lib : exit.c.obj (.data)
                  0000a806    00000002                            : _lock.c.obj (.data:_lock)
                  0000a808    00000002                            : _lock.c.obj (.data:_unlock)
                  0000a80a    00000001     coil_control.obj (.data)
                  0000a80b    00000001     current_protect.obj (.data)
                  0000a80c    00000001     rts2800_fpu64_eabi.lib : errno.c.obj (.data)

.const     0    00080008    00000b0a     
                  00080008    00000120     self_test.obj (.const:.string)
                  00080128    00000114     self_test.obj (.const:g_testList)
                  0008023c    00000101     rts2800_fpu64_eabi.lib : ctype.c.obj (.const:.string:_ctypes_)
                  0008033d    00000001     --HOLE-- [fill = 0]
                  0008033e    000000b7     device.obj (.const:.string)
                  000803f5    00000001     --HOLE-- [fill = 0]
                  000803f6    000000aa     uart_comm.obj (.const:.string)
                  000804a0    000000a6     current_protect.obj (.const:.string)
                  00080546    000000a3     coil_control.obj (.const:.string)
                  000805e9    00000001     --HOLE-- [fill = 0]
                  000805ea    0000009b     driverlib.lib : cmpss.obj (.const:.string)
                  00080685    00000001     --HOLE-- [fill = 0]
                  00080686    0000009b                   : flash.obj (.const:.string)
                  00080721    00000001     --HOLE-- [fill = 0]
                  00080722    0000009a                   : sysctl.obj (.const:.string)
                  000807bc    00000098                   : gpio.obj (.const:.string)
                  00080854    00000098                   : uart.obj (.const:.string)
                  000808ec    00000097                   : adc.obj (.const:.string)
                  00080983    00000001     --HOLE-- [fill = 0]
                  00080984    00000051     fan_control.obj (.const:.string)
                  000809d5    00000001     --HOLE-- [fill = 0]
                  000809d6    00000051     gpio_test.obj (.const:.string)
                  00080a27    00000001     --HOLE-- [fill = 0]
                  00080a28    00000051     led_test.obj (.const:.string)
                  00080a79    00000001     --HOLE-- [fill = 0]
                  00080a7a    00000050     adc_test.obj (.const:.string)
                  00080aca    00000026     rts2800_fpu64_eabi.lib : _printfi.c.obj (.const:.string)
                  00080af0    00000015     main.obj (.const:.string)
                  00080b05    00000001     --HOLE-- [fill = 0]
                  00080b06    0000000c     adc_test.obj (.const:g_adcModuleRegs)

.TI.ramfunc 
*          0    00080b18    000000eb     RUN ADDR = 00008000
                  00080b18    00000051     driverlib.lib : flash.obj (.TI.ramfunc:Flash_initModule)
                  00080b69    00000024                   : flash.obj (.TI.ramfunc:Flash_setWaitstates)
                  00080b8d    00000018                   : flash.obj (.TI.ramfunc:Flash_disableCache)
                  00080ba5    00000017                   : flash.obj (.TI.ramfunc:Flash_disablePrefetch)
                  00080bbc    00000017                   : flash.obj (.TI.ramfunc:Flash_enableCache)
                  00080bd3    00000016                   : flash.obj (.TI.ramfunc:Flash_enableECC)
                  00080be9    00000016                   : flash.obj (.TI.ramfunc:Flash_enablePrefetch)
                  00080bff    00000004                   : sysctl.obj (.TI.ramfunc)

.text      0    00080c08    0000292f     
                  00080c08    0000060e     rts2800_fpu64_eabi.lib : _printfi.c.obj (.text:__TI_printfi)
                  00081216    000005d0                            : _printfi.c.obj (.text)
                  000817e6    000001a0     device.obj (.text:Device_enableAllPeripherals)
                  00081986    00000126     driverlib.lib : sysctl.obj (.text:SysCtl_setClock)
                  00081aac    00000120                   : sysctl.obj (.text:SysCtl_isPLLValid)
                  00081bcc    00000107     rts2800_fpu64_eabi.lib : ll_div28.asm.obj (.text)
                  00081cd3    000000a0                            : s_scalbn.c.obj (.text)
                  00081d73    00000088                            : fs_div28.asm.obj (.text)
                  00081dfb    00000073     driverlib.lib : sysctl.obj (.text:DCC_setCounterSeeds)
                  00081e6e    00000071                   : gpio.obj (.text:GPIO_setAnalogMode)
                  00081edf    00000070     coil_control.obj (.text:CoilControl_Init)
                  00081f4f    00000065     driverlib.lib : sysctl.obj (.text:SysCtl_getClock)
                  00081fb4    00000064                   : adc.obj (.text:ADC_setINLTrim)
                  00082018    00000063     current_protect.obj (.text:runCalibrationSweep)
                  0008207b    0000005d     driverlib.lib : uart.obj (.text:UART_setConfig)
                  000820d8    0000005a     rts2800_fpu64_eabi.lib : snprintf.c.obj (.text)
                  00082132    00000059                            : s_frexp.c.obj (.text)
                  0008218b    00000058     coil_control.obj (.text:CoilControl_ButtonISR)
                  000821e3    00000055     self_test.obj (.text:SelfTest_RunAll)
                  00082238    00000053     coil_control.obj (.text:EPWM_isBaseValid)
                  0008228b    00000053     fan_control.obj (.text:EPWM_isBaseValid)
                  000822de    00000052     driverlib.lib : gpio.obj (.text:GPIO_setPadConfig)
                  00082330    00000050                   : cmpss.obj (.text:CMPSS_configFilterHigh)
                  00082380    0000004e     main.obj (.text:main)
                  000823ce    00000049     driverlib.lib : adc.obj (.text:ADC_setVREF)
                  00082417    00000047     adc_test.obj (.text:ADCTest_Run)
                  0008245e    00000047     device.obj (.text:Device_init)
                  000824a5    00000047     driverlib.lib : sysctl.obj (.text:SysCtl_selectOscSource)
                  000824ec    00000046     adc_test.obj (.text:ADC_setupSOC)
                  00082532    00000046     driverlib.lib : sysctl.obj (.text:SysCtl_selectXTAL)
                  00082578    00000040     fan_control.obj (.text:EPWM_setActionQualifierAction)
                  000825b8    00000040     driverlib.lib : sysctl.obj (.text:SysCtl_pollX1Counter)
                  000825f8    0000003f     adc_test.obj (.text:ADCTest_Init)
                  00082637    0000003d     fan_control.obj (.text:Fan_Init)
                  00082674    0000003d     driverlib.lib : interrupt.obj (.text:Interrupt_initModule)
                  000826b1    0000003c     uart_comm.obj (.text:UART_init)
                  000826ed    00000037     current_protect.obj (.text:ASysCtl_selectCMPHPMux)
                  00082724    00000037     current_protect.obj (.text:CMPSS_isBaseValid)
                  0008275b    00000037     driverlib.lib : cmpss.obj (.text:CMPSS_isBaseValid)
                  00082792    00000037     coil_control.obj (.text:EPWM_setFallingEdgeDeadBandDelayInput)
                  000827c9    00000037     driverlib.lib : gpio.obj (.text:GPIO_setInterruptPin)
                  00082800    00000037                   : gpio.obj (.text:GPIO_setPinConfig)
                  00082837    00000037                   : gpio.obj (.text:GPIO_setQualificationMode)
                  0008286e    00000037                   : interrupt.obj (.text:Interrupt_enable)
                  000828a5    00000031                   : gpio.obj (.text:GPIO_setDirectionMode)
                  000828d6    00000031     rts2800_fpu64_eabi.lib : atoi.c.obj (.text)
                  00082907    00000030                            : _ltoa.c.obj (.text)
                  00082937    0000002f     adc_test.obj (.text:ADC_setInterruptSource)
                  00082966    0000002e     rts2800_fpu64_eabi.lib : copy_decompress_lzss.c.obj (.text:decompress:lzss)
                  00082994    0000002c     coil_control.obj (.text:EPWM_setActionQualifierContSWForceAction)
                  000829c0    0000002c     coil_control.obj (.text:EPWM_setDeadBandDelayMode)
                  000829ec    0000002b     rts2800_fpu64_eabi.lib : autoinit.c.obj (.text:__TI_auto_init_nobinit_nopinit)
                  00082a17    0000002a     uart_comm.obj (.text:UART_readLine)
                  00082a41    0000002a     driverlib.lib : gpio.obj (.text:XBAR_setInputPin)
                  00082a6b    0000002a     coil_control.obj (.text:applyStateOutputs)
                  00082a95    0000002a     rts2800_fpu64_eabi.lib : l_div28.asm.obj (.text)
                  00082abf    00000029     gpio_test.obj (.text:GPIOTest_RunOutput)
                  00082ae8    00000029     led_test.obj (.text:LEDTest_Run)
                  00082b11    00000029     rts2800_fpu64_eabi.lib : exit.c.obj (.text)
                  00082b3a    00000028     current_protect.obj (.text:CurrentProtect_Init)
                  00082b62    00000028     driverlib.lib : uart.obj (.text:UART_disableModule)
                  00082b8a    00000028     rts2800_fpu64_eabi.lib : s_copysign.c.obj (.text)
                  00082bb2    00000027     coil_control.obj (.text:EPWM_setRisingEdgeDeadBandDelayInput)
                  00082bd9    00000026     uart_comm.obj (.text:UART_sendTestResult)
                  00082bff    00000025     coil_control.obj (.text:GPIO_writePin)
                  00082c24    00000025     gpio_test.obj (.text:GPIO_writePin)
                  00082c49    00000025     led_test.obj (.text:GPIO_writePin)
                  00082c6e    00000025     driverlib.lib : sysctl.obj (.text:SysCtl_selectXTALSingleEnded)
                  00082c93    00000024                   : sysctl.obj (.text:DCC_enableSingleShotMode)
                  00082cb7    00000024     device.obj (.text:Device_initGPIO)
                  00082cdb    00000024     coil_control.obj (.text:EPWM_setDeadBandDelayPolarity)
                  00082cff    00000023     driverlib.lib : gpio.obj (.text:XBAR_isBaseValid)
                  00082d22    00000022     fan_control.obj (.text:EPWM_setCounterCompareValue)
                  00082d44    00000020     adc_test.obj (.text:ADC_enableInterrupt)
                  00082d64    00000020     rts2800_fpu64_eabi.lib : memcpy.c.obj (.text)
                  00082d84    0000001f     driverlib.lib : flash.obj (.text:Flash_writeTrims)
                  00082da3    0000001e                   : sysctl.obj (.text:DCC_setCounter0ClkSource)
                  00082dc1    0000001e                   : sysctl.obj (.text:DCC_setCounter1ClkSource)
                  00082ddf    0000001e     gpio_test.obj (.text:GPIOTest_RunInput)
                  00082dfd    0000001e     coil_control.obj (.text:GPIO_readPin)
                  00082e1b    0000001e     gpio_test.obj (.text:GPIO_readPin)
                  00082e39    0000001e     led_test.obj (.text:GPIO_readPin)
                  00082e57    0000001e     driverlib.lib : interrupt.obj (.text:Interrupt_initVectorTable)
                  00082e75    0000001e     uart_comm.obj (.text:UART_sendOverallResult)
                  00082e93    0000001e     rts2800_fpu64_eabi.lib : ll_cmp28.asm.obj (.text)
                  00082eb1    0000001d     adc_test.obj (.text:ADC_getInterruptStatus)
                  00082ece    0000001d     driverlib.lib : adc.obj (.text:ADC_setMode)
                  00082eeb    0000001d     current_protect.obj (.text:CMPSS_setHysteresis)
                  00082f08    0000001d     coil_control.obj (.text:EPWM_setFallingEdgeDelayCount)
                  00082f25    0000001d     coil_control.obj (.text:EPWM_setRisingEdgeDelayCount)
                  00082f42    0000001d     self_test.obj (.text:TypeToString)
                  00082f5f    0000001c     fan_control.obj (.text:EPWM_setClockPrescaler)
                  00082f7b    0000001b     current_protect.obj (.text:CMPSS_setDACValueHigh)
                  00082f96    0000001b     driverlib.lib : uart.obj (.text:UART_enableModule)
                  00082fb1    0000001b     uart_comm.obj (.text:UART_enableModule)
                  00082fcc    0000001b     uart_comm.obj (.text:UART_writeChar)
                  00082fe7    0000001a     adc_test.obj (.text:ADC_readResult)
                  00083001    0000001a     driverlib.lib : sysctl.obj (.text:DCC_isBaseValid)
                  0008301b    0000001a                   : sysctl.obj (.text:SysCtl_getLowSpeedClock)
                  00083035    00000019                   : sysctl.obj (.text:SysCtl_setPLLSysClk)
                  0008304e    00000019     uart_comm.obj (.text:UART_readChar)
                  00083067    00000019     rts2800_fpu64_eabi.lib : boot28.asm.obj (.text)
                  00083080    00000018     fan_control.obj (.text:Fan_SetDutyPercent)
                  00083098    00000018     fan_control.obj (.text:SysCtl_disablePeripheral)
                  000830b0    00000018     uart_comm.obj (.text:UART_sendBegin)
                  000830c8    00000018     uart_comm.obj (.text:UART_sendFanAck)
                  000830e0    00000018     rts2800_fpu64_eabi.lib : ll_aox28.asm.obj (.text)
                  000830f8    00000017     adc_test.obj (.text:ADC_forceSOC)
                  0008310f    00000017     adc_test.obj (.text:ADC_isBaseValid)
                  00083126    00000017     driverlib.lib : adc.obj (.text:ADC_isBaseValid)
                  0008313d    00000017     device.obj (.text:SysCtl_enablePeripheral)
                  00083154    00000017     driverlib.lib : sysctl.obj (.text:SysCtl_enablePeripheral)
                  0008316b    00000017     fan_control.obj (.text:SysCtl_enablePeripheral)
                  00083182    00000016     driverlib.lib : adc.obj (.text:ADC_selectOffsetTrimMode)
                  00083198    00000016     adc_test.obj (.text:ADC_setInterruptPulseMode)
                  000831ae    00000016     adc_test.obj (.text:ADC_setPrescaler)
                  000831c4    00000016     current_protect.obj (.text:CMPSS_configDAC)
                  000831da    00000016     current_protect.obj (.text:CMPSS_configHighComparator)
                  000831f0    00000016     driverlib.lib : sysctl.obj (.text:DCC_disableDoneSignal)
                  00083206    00000016                   : interrupt.obj (.text:Interrupt_defaultHandler)
                  0008321c    00000016     uart_comm.obj (.text:UART_sendString)
                  00083232    00000016     rts2800_fpu64_eabi.lib : strncmp.c.obj (.text)
                  00083248    00000015     current_protect.obj (.text:CMPSS_clearFilterLatchHigh)
                  0008325d    00000015     driverlib.lib : sysctl.obj (.text:DCC_clearDoneFlag)
                  00083272    00000015                   : sysctl.obj (.text:DCC_clearErrorFlag)
                  00083287    00000015                   : sysctl.obj (.text:DCC_disableErrorSignal)
                  0008329c    00000015     device.obj (.text:GPIO_unlockPortConfig)
                  000832b1    00000015     driverlib.lib : uart.obj (.text:UART_isBaseValid)
                  000832c6    00000015     uart_comm.obj (.text:UART_isBaseValid)
                  000832db    00000014     adc_test.obj (.text:ADC_clearInterruptStatus)
                  000832ef    00000014     driverlib.lib : sysctl.obj (.text:DCC_disableModule)
                  00083303    00000014                   : sysctl.obj (.text:DCC_enableModule)
                  00083317    00000014     fan_control.obj (.text:EPWM_setTimeBaseCounterMode)
                  0008332b    00000014     fan_control.obj (.text:EPWM_setTimeBasePeriod)
                  0008333f    00000014     coil_control.obj (.text:GPIO_isPinValid)
                  00083353    00000014     driverlib.lib : gpio.obj (.text:GPIO_isPinValid)
                  00083367    00000014     gpio_test.obj (.text:GPIO_isPinValid)
                  0008337b    00000014     led_test.obj (.text:GPIO_isPinValid)
                  0008338f    00000014     uart_comm.obj (.text:UART_enableFIFO)
                  000833a3    00000013     adc_test.obj (.text:ADC_enableConverter)
                  000833b6    00000013     current_protect.obj (.text:CMPSS_enableModule)
                  000833c9    00000012     rts2800_fpu64_eabi.lib : args_main.c.obj (.text)
                  000833db    00000011     fan_control.obj (.text:EPWM_disablePhaseShiftLoad)
                  000833ec    00000010     current_protect.obj (.text:CMPSS_getStatus)
                  000833fc    00000010     driverlib.lib : flash.obj (.text:Flash_isCtrlBaseValid)
                  0008340c    00000010                   : flash.obj (.text:Flash_isECCBaseValid)
                  0008341c    00000010     coil_control.obj (.text:GPIO_setInterruptType)
                  0008342c    00000010     rts2800_fpu64_eabi.lib : memccpy.c.obj (.text)
                  0008343c    0000000f     coil_control.obj (.text:Interrupt_register)
                  0008344b    0000000f     driverlib.lib : ipc.obj (.text:Interrupt_unregister)
                  0008345a    0000000d                   : interrupt.obj (.text:Interrupt_disableGlobal)
                  00083467    0000000d                   : interrupt.obj (.text:Interrupt_enableGlobal)
                  00083474    0000000d     device.obj (.text:SysCtl_setLowSpeedClock)
                  00083481    0000000c     current_protect.obj (.text:CurrentProtect_IsCalibrationValid)
                  0008348d    0000000c     rts2800_fpu64_eabi.lib : strchr.c.obj (.text)
                  00083499    0000000b     device.obj (.text:SysCtl_disableWatchdog)
                  000834a4    0000000b     driverlib.lib : sysctl.obj (.text:SysCtl_isMCDClockFailureDetected)
                  000834af    0000000b     rts2800_fpu64_eabi.lib : wcslen.c.obj (.text)
                  000834ba    0000000a     driverlib.lib : interrupt.obj (.text:Interrupt_illegalOperationHandler)
                  000834c4    0000000a                   : interrupt.obj (.text:Interrupt_nmiHandler)
                  000834ce    0000000a     rts2800_fpu64_eabi.lib : strcmp.c.obj (.text)
                  000834d8    00000009     coil_control.obj (.text:GPIO_enableInterrupt)
                  000834e1    00000009     rts2800_fpu64_eabi.lib : _lock.c.obj (.text)
                  000834ea    00000008     driverlib.lib : adc.obj (.text:ADC_setOffsetTrim)
                  000834f2    00000008     rts2800_fpu64_eabi.lib : copy_decompress_none.c.obj (.text:decompress:none)
                  000834fa    00000008     f28p65x_codestartbranch.obj (.text)
                  00083502    00000008     rts2800_fpu64_eabi.lib : strlen.c.obj (.text)
                  0008350a    00000007     driverlib.lib : sysctl.obj (.text:SysCtl_resetMCD)
                  00083511    00000007     device.obj (.text:__error__)
                  00083518    00000007     rts2800_fpu64_eabi.lib : memset.c.obj (.text)
                  0008351f    00000006     coil_control.obj (.text:Interrupt_clearACKGroup)
                  00083525    00000005     uart_comm.obj (.text:UART_sendPong)
                  0008352a    00000005     uart_comm.obj (.text:UART_sendReady)
                  0008352f    00000005     rts2800_fpu64_eabi.lib : strcpy.c.obj (.text)
                  00083534    00000002                            : pre_init.c.obj (.text)
                  00083536    00000001                            : startup.c.obj (.text)

MODULE SUMMARY

       Module                        code    ro data   rw data
       ------                        ----    -------   -------
    ./
       coil_control.obj              734     163       1      
       self_test.obj                 114     564       0      
       current_protect.obj           417     166       1      
       adc_test.obj                  467     92        0      
       uart_comm.obj                 370     170       0      
       fan_control.obj               398     81        0      
       gpio_test.obj                 158     81        0      
       led_test.obj                  128     81        0      
       main.obj                      78      21        0      
    +--+-----------------------------+-------+---------+---------+
       Total:                        2864    1419      2      
                                                              
    ./device/
       device.obj                    598     183       0      
       f28p65x_codestartbranch.obj   10      0         0      
    +--+-----------------------------+-------+---------+---------+
       Total:                        608     183       0      
                                                              
    /Applications/ti/ccs2100/ccs/tools/compiler/ti-cgt-c2000_25.11.1.LTS/lib/rts2800_fpu64_eabi.lib
       _printfi.c.obj                3038    38        0      
       ll_div28.asm.obj              263     0         0      
       ctype.c.obj                   0       257       0      
       s_scalbn.c.obj                160     0         0      
       fs_div28.asm.obj              136     0         0      
       snprintf.c.obj                90      0         0      
       s_frexp.c.obj                 89      0         0      
       atoi.c.obj                    49      0         0      
       _ltoa.c.obj                   48      0         0      
       exit.c.obj                    41      0         6      
       copy_decompress_lzss.c.obj    46      0         0      
       autoinit.c.obj                43      0         0      
       l_div28.asm.obj               42      0         0      
       s_copysign.c.obj              40      0         0      
       memcpy.c.obj                  32      0         0      
       ll_cmp28.asm.obj              30      0         0      
       boot28.asm.obj                25      0         0      
       ll_aox28.asm.obj              24      0         0      
       strncmp.c.obj                 22      0         0      
       args_main.c.obj               18      0         0      
       memccpy.c.obj                 16      0         0      
       _lock.c.obj                   9       0         4      
       strchr.c.obj                  12      0         0      
       wcslen.c.obj                  11      0         0      
       strcmp.c.obj                  10      0         0      
       copy_decompress_none.c.obj    8       0         0      
       strlen.c.obj                  8       0         0      
       memset.c.obj                  7       0         0      
       strcpy.c.obj                  5       0         0      
       pre_init.c.obj                2       0         0      
       errno.c.obj                   0       0         1      
       startup.c.obj                 1       0         0      
    +--+-----------------------------+-------+---------+---------+
       Total:                        4325    295       11     
                                                              
    /Users/vaibhavchavan/ti/C2000Ware_26_01_00_00/driverlib/f28p65x/driverlib/ccs/Debug/driverlib.lib
       sysctl.obj                    1387    154       0      
       flash.obj                     525     155       0      
       gpio.obj                      506     152       0      
       adc.obj                       255     151       0      
       uart.obj                      181     152       0      
       cmpss.obj                     135     155       0      
       interrupt.obj                 214     0         0      
       ipc.obj                       15      0         0      
    +--+-----------------------------+-------+---------+---------+
       Total:                        3218    919       0      
                                                              
       Stack:                        0       0         1016   
       Linker Generated:             0       20        0      
    +--+-----------------------------+-------+---------+---------+
       Grand Total:                  11015   2836      1029   


LINKER GENERATED COPY TABLES

__TI_cinit_table @ 00083548 records: 1, size/record: 4, table size: 4
	.data: load addr=00083538, load size=0000000c bytes, run addr=0000a800, run size=0000000d bytes, compression=lzss


LINKER GENERATED HANDLER TABLE

__TI_handler_table @ 00083544 records: 2, size/record: 2, table size: 4
	index: 0, handler: __TI_decompress_lzss
	index: 1, handler: __TI_decompress_none


GLOBAL DATA SYMBOLS: SORTED BY DATA PAGE

address     data page           name
--------    ----------------    ----
00000400      10 (00000400)     __stack

0000a800     2a0 (0000a800)     __TI_enable_exit_profile_output
0000a802     2a0 (0000a800)     __TI_cleanup_ptr
0000a804     2a0 (0000a800)     __TI_dtors_ptr
0000a806     2a0 (0000a800)     _lock
0000a808     2a0 (0000a800)     _unlock
0000a80c     2a0 (0000a800)     errno

0008023c    2008 (00080200)     _ctypes_


GLOBAL SYMBOLS: SORTED ALPHABETICALLY BY Name 

page  address   name                             
----  -------   ----                             
0     000825f8  ADCTest_Init                     
0     00082417  ADCTest_Run                      
0     00081fb4  ADC_setINLTrim                   
0     00082ece  ADC_setMode                      
0     000834ea  ADC_setOffsetTrim                
0     000823ce  ADC_setVREF                      
0     00082b11  C$$EXIT                          
0     00082330  CMPSS_configFilterHigh           
0     0008218b  CoilControl_ButtonISR            
0     00081edf  CoilControl_Init                 
0     00082b3a  CurrentProtect_Init              
0     00083481  CurrentProtect_IsCalibrationValid
0     000817e6  Device_enableAllPeripherals      
0     0008245e  Device_init                      
0     00082cb7  Device_initGPIO                  
0     00082637  Fan_Init                         
0     00083080  Fan_SetDutyPercent               
0     00008000  Flash_initModule                 
0     00082ddf  GPIOTest_RunInput                
0     00082abf  GPIOTest_RunOutput               
0     00081e6e  GPIO_setAnalogMode               
0     000828a5  GPIO_setDirectionMode            
0     000827c9  GPIO_setInterruptPin             
0     000822de  GPIO_setPadConfig                
0     00082800  GPIO_setPinConfig                
0     00082837  GPIO_setQualificationMode        
0     00083206  Interrupt_defaultHandler         
0     0008286e  Interrupt_enable                 
0     000834ba  Interrupt_illegalOperationHandler
0     00082674  Interrupt_initModule             
0     00082e57  Interrupt_initVectorTable        
0     000834c4  Interrupt_nmiHandler             
0     00082ae8  LEDTest_Run                      
0     00080c03  RamfuncsLoadEnd                  
abs   000000eb  RamfuncsLoadSize                 
0     00080b18  RamfuncsLoadStart                
0     000080eb  RamfuncsRunEnd                   
abs   000000eb  RamfuncsRunSize                  
0     00008000  RamfuncsRunStart                 
0     000821e3  SelfTest_RunAll                  
0     000080e7  SysCtl_delay                     
0     00081f4f  SysCtl_getClock                  
0     0008301b  SysCtl_getLowSpeedClock          
0     00081aac  SysCtl_isPLLValid                
0     000824a5  SysCtl_selectOscSource           
0     00082532  SysCtl_selectXTAL                
0     00082c6e  SysCtl_selectXTALSingleEnded     
0     00081986  SysCtl_setClock                  
0     000826b1  UART_init                        
0     00082a17  UART_readLine                    
0     000830b0  UART_sendBegin                   
0     000830c8  UART_sendFanAck                  
0     00082e75  UART_sendOverallResult           
0     00083525  UART_sendPong                    
0     0008352a  UART_sendReady                   
0     0008321c  UART_sendString                  
0     00082bd9  UART_sendTestResult              
0     0008207b  UART_setConfig                   
0     00083548  __TI_CINIT_Base                  
0     0008354c  __TI_CINIT_Limit                 
0     0008354c  __TI_CINIT_Warm                  
0     00083544  __TI_Handler_Table_Base          
0     00083548  __TI_Handler_Table_Limit         
0     000007f8  __TI_STACK_END                   
abs   000003f8  __TI_STACK_SIZE                  
0     000829ec  __TI_auto_init_nobinit_nopinit   
0     0000a802  __TI_cleanup_ptr                 
0     00082966  __TI_decompress_lzss             
0     000834f2  __TI_decompress_none             
0     0000a804  __TI_dtors_ptr                   
0     0000a800  __TI_enable_exit_profile_output  
0     00082907  __TI_ltoa                        
abs   ffffffff  __TI_pprof_out_hndl              
0     00081091  __TI_printfi                     
abs   ffffffff  __TI_prof_data_size              
abs   ffffffff  __TI_prof_data_start             
0     000830e0  __c28xabi_andll                  
0     00082e93  __c28xabi_cmpll                  
0     00082ea5  __c28xabi_cmpull                 
0     00081d73  __c28xabi_divf                   
0     00082a95  __c28xabi_divl                   
0     00081bcc  __c28xabi_divll                  
0     00082ab2  __c28xabi_divul                  
0     00081c42  __c28xabi_divull                 
0     00082aa4  __c28xabi_modl                   
0     00081c08  __c28xabi_modll                  
0     00082ab9  __c28xabi_modul                  
0     00081c71  __c28xabi_modull                 
0     000830e8  __c28xabi_orll                   
0     000830f0  __c28xabi_xorll                  
abs   ffffffff  __c_args__                       
0     00083511  __error__                        
0     00000400  __stack                          
0     000833c9  _args_main                       
0     00083067  _c_int00                         
0     0008023c  _ctypes_                         
0     0000a806  _lock                            
0     000834e9  _nop                             
0     000834e5  _register_lock                   
0     000834e1  _register_unlock                 
0     00083536  _system_post_cinit               
0     00083534  _system_pre_init                 
0     0000a808  _unlock                          
0     00082b11  abort                            
0     000828d6  atoi                             
0     00080000  code_start                       
0     00082b8a  copysign                         
0     00082b8a  copysignl                        
0     0000a80c  errno                            
0     00082b13  exit                             
0     00082132  frexp                            
0     00082132  frexpl                           
0     00081cd3  ldexp                            
0     00081cd3  ldexpl                           
0     00082380  main                             
0     0008342c  memccpy                          
0     00082d64  memcpy                           
0     00083518  memset                           
0     00081cd3  scalbn                           
0     00081cd3  scalbnl                          
0     000820d8  snprintf                         
0     0008348d  strchr                           
0     000834ce  strcmp                           
0     0008352f  strcpy                           
0     00083502  strlen                           
0     00083232  strncmp                          
0     000834af  wcslen                           


GLOBAL SYMBOLS: SORTED BY Symbol Address 

page  address   name                             
----  -------   ----                             
0     00000400  __stack                          
0     000007f8  __TI_STACK_END                   
0     00008000  Flash_initModule                 
0     00008000  RamfuncsRunStart                 
0     000080e7  SysCtl_delay                     
0     000080eb  RamfuncsRunEnd                   
0     0000a800  __TI_enable_exit_profile_output  
0     0000a802  __TI_cleanup_ptr                 
0     0000a804  __TI_dtors_ptr                   
0     0000a806  _lock                            
0     0000a808  _unlock                          
0     0000a80c  errno                            
0     00080000  code_start                       
0     0008023c  _ctypes_                         
0     00080b18  RamfuncsLoadStart                
0     00080c03  RamfuncsLoadEnd                  
0     00081091  __TI_printfi                     
0     000817e6  Device_enableAllPeripherals      
0     00081986  SysCtl_setClock                  
0     00081aac  SysCtl_isPLLValid                
0     00081bcc  __c28xabi_divll                  
0     00081c08  __c28xabi_modll                  
0     00081c42  __c28xabi_divull                 
0     00081c71  __c28xabi_modull                 
0     00081cd3  ldexp                            
0     00081cd3  ldexpl                           
0     00081cd3  scalbn                           
0     00081cd3  scalbnl                          
0     00081d73  __c28xabi_divf                   
0     00081e6e  GPIO_setAnalogMode               
0     00081edf  CoilControl_Init                 
0     00081f4f  SysCtl_getClock                  
0     00081fb4  ADC_setINLTrim                   
0     0008207b  UART_setConfig                   
0     000820d8  snprintf                         
0     00082132  frexp                            
0     00082132  frexpl                           
0     0008218b  CoilControl_ButtonISR            
0     000821e3  SelfTest_RunAll                  
0     000822de  GPIO_setPadConfig                
0     00082330  CMPSS_configFilterHigh           
0     00082380  main                             
0     000823ce  ADC_setVREF                      
0     00082417  ADCTest_Run                      
0     0008245e  Device_init                      
0     000824a5  SysCtl_selectOscSource           
0     00082532  SysCtl_selectXTAL                
0     000825f8  ADCTest_Init                     
0     00082637  Fan_Init                         
0     00082674  Interrupt_initModule             
0     000826b1  UART_init                        
0     000827c9  GPIO_setInterruptPin             
0     00082800  GPIO_setPinConfig                
0     00082837  GPIO_setQualificationMode        
0     0008286e  Interrupt_enable                 
0     000828a5  GPIO_setDirectionMode            
0     000828d6  atoi                             
0     00082907  __TI_ltoa                        
0     00082966  __TI_decompress_lzss             
0     000829ec  __TI_auto_init_nobinit_nopinit   
0     00082a17  UART_readLine                    
0     00082a95  __c28xabi_divl                   
0     00082aa4  __c28xabi_modl                   
0     00082ab2  __c28xabi_divul                  
0     00082ab9  __c28xabi_modul                  
0     00082abf  GPIOTest_RunOutput               
0     00082ae8  LEDTest_Run                      
0     00082b11  C$$EXIT                          
0     00082b11  abort                            
0     00082b13  exit                             
0     00082b3a  CurrentProtect_Init              
0     00082b8a  copysign                         
0     00082b8a  copysignl                        
0     00082bd9  UART_sendTestResult              
0     00082c6e  SysCtl_selectXTALSingleEnded     
0     00082cb7  Device_initGPIO                  
0     00082d64  memcpy                           
0     00082ddf  GPIOTest_RunInput                
0     00082e57  Interrupt_initVectorTable        
0     00082e75  UART_sendOverallResult           
0     00082e93  __c28xabi_cmpll                  
0     00082ea5  __c28xabi_cmpull                 
0     00082ece  ADC_setMode                      
0     0008301b  SysCtl_getLowSpeedClock          
0     00083067  _c_int00                         
0     00083080  Fan_SetDutyPercent               
0     000830b0  UART_sendBegin                   
0     000830c8  UART_sendFanAck                  
0     000830e0  __c28xabi_andll                  
0     000830e8  __c28xabi_orll                   
0     000830f0  __c28xabi_xorll                  
0     00083206  Interrupt_defaultHandler         
0     0008321c  UART_sendString                  
0     00083232  strncmp                          
0     000833c9  _args_main                       
0     0008342c  memccpy                          
0     00083481  CurrentProtect_IsCalibrationValid
0     0008348d  strchr                           
0     000834af  wcslen                           
0     000834ba  Interrupt_illegalOperationHandler
0     000834c4  Interrupt_nmiHandler             
0     000834ce  strcmp                           
0     000834e1  _register_unlock                 
0     000834e5  _register_lock                   
0     000834e9  _nop                             
0     000834ea  ADC_setOffsetTrim                
0     000834f2  __TI_decompress_none             
0     00083502  strlen                           
0     00083511  __error__                        
0     00083518  memset                           
0     00083525  UART_sendPong                    
0     0008352a  UART_sendReady                   
0     0008352f  strcpy                           
0     00083534  _system_pre_init                 
0     00083536  _system_post_cinit               
0     00083544  __TI_Handler_Table_Base          
0     00083548  __TI_CINIT_Base                  
0     00083548  __TI_Handler_Table_Limit         
0     0008354c  __TI_CINIT_Limit                 
0     0008354c  __TI_CINIT_Warm                  
abs   000000eb  RamfuncsLoadSize                 
abs   000000eb  RamfuncsRunSize                  
abs   000003f8  __TI_STACK_SIZE                  
abs   ffffffff  __TI_pprof_out_hndl              
abs   ffffffff  __TI_prof_data_size              
abs   ffffffff  __TI_prof_data_start             
abs   ffffffff  __c_args__                       

[127 symbols]
