<?xml version="1.0" encoding="ISO-8859-1" ?>
<link_info>
   <banner>TMS320C2000 Linker Unix v25.11.0.LTS</banner>
   <copyright>Copyright (c) 1996-2018 Texas Instruments Incorporated</copyright>
   <command_line>/Applications/ti/ccs2051/ccs/tools/compiler/ti-cgt-c2000_25.11.0.LTS/bin/lnk2000 -l/var/tmp/TI74qzBsvgC</command_line>
   <link_time>0x6a732fa4</link_time>
   <link_errors>0x1</link_errors>
   <output_file>/Users/vaibhavchavan/Documents/self-test firmware/Driverlib Empty CPU1 Example CCS Project/CPU1_RAM/Driverlib Empty CPU1 Example CCS Project.out</output_file>
   <entry_point>
      <name>code_start</name>
      <address>0x0</address>
   </entry_point>
   <input_file_list>
      <input_file id="fl-2">
         <path>/Users/vaibhavchavan/Documents/self-test firmware/Driverlib Empty CPU1 Example CCS Project/CPU1_RAM/./</path>
         <kind>object</kind>
         <file>adc_test.obj</file>
         <name>adc_test.obj</name>
      </input_file>
      <input_file id="fl-3">
         <path>/Users/vaibhavchavan/Documents/self-test firmware/Driverlib Empty CPU1 Example CCS Project/CPU1_RAM/./syscfg/</path>
         <kind>object</kind>
         <file>board.obj</file>
         <name>board.obj</name>
      </input_file>
      <input_file id="fl-4">
         <path>/Users/vaibhavchavan/Documents/self-test firmware/Driverlib Empty CPU1 Example CCS Project/CPU1_RAM/./syscfg/</path>
         <kind>object</kind>
         <file>c2000ware_libraries.obj</file>
         <name>c2000ware_libraries.obj</name>
      </input_file>
      <input_file id="fl-5">
         <path>/Users/vaibhavchavan/Documents/self-test firmware/Driverlib Empty CPU1 Example CCS Project/CPU1_RAM/./</path>
         <kind>object</kind>
         <file>gpio_test.obj</file>
         <name>gpio_test.obj</name>
      </input_file>
      <input_file id="fl-6">
         <path>/Users/vaibhavchavan/Documents/self-test firmware/Driverlib Empty CPU1 Example CCS Project/CPU1_RAM/./</path>
         <kind>object</kind>
         <file>led_test.obj</file>
         <name>led_test.obj</name>
      </input_file>
      <input_file id="fl-7">
         <path>/Users/vaibhavchavan/Documents/self-test firmware/Driverlib Empty CPU1 Example CCS Project/CPU1_RAM/./</path>
         <kind>object</kind>
         <file>main.obj</file>
         <name>main.obj</name>
      </input_file>
      <input_file id="fl-8">
         <path>/Users/vaibhavchavan/Documents/self-test firmware/Driverlib Empty CPU1 Example CCS Project/CPU1_RAM/./</path>
         <kind>object</kind>
         <file>self_test.obj</file>
         <name>self_test.obj</name>
      </input_file>
      <input_file id="fl-9">
         <path>/Users/vaibhavchavan/Documents/self-test firmware/Driverlib Empty CPU1 Example CCS Project/CPU1_RAM/./</path>
         <kind>object</kind>
         <file>uart_comm.obj</file>
         <name>uart_comm.obj</name>
      </input_file>
      <input_file id="fl-a">
         <path>/Users/vaibhavchavan/Documents/self-test firmware/Driverlib Empty CPU1 Example CCS Project/CPU1_RAM/./device/</path>
         <kind>object</kind>
         <file>device.obj</file>
         <name>device.obj</name>
      </input_file>
      <input_file id="fl-b">
         <path>/Users/vaibhavchavan/Documents/self-test firmware/Driverlib Empty CPU1 Example CCS Project/CPU1_RAM/./device/</path>
         <kind>object</kind>
         <file>f28p65x_codestartbranch.obj</file>
         <name>f28p65x_codestartbranch.obj</name>
      </input_file>
      <input_file id="fl-11">
         <path>/Users/vaibhavchavan/Documents/self-test firmware/Driverlib Empty CPU1 Example CCS Project/CPU1_RAM/</path>
         <kind>object</kind>
         <file>&lt;internal&gt;</file>
         <name>&lt;internal&gt;</name>
      </input_file>
      <input_file id="fl-12">
         <path>/Users/vaibhavchavan/ti/C2000Ware_26_01_00_00/driverlib/f28p65x/driverlib/ccs/Debug/</path>
         <kind>archive</kind>
         <file>driverlib.lib</file>
         <name>adc.obj</name>
      </input_file>
      <input_file id="fl-13">
         <path>/Users/vaibhavchavan/ti/C2000Ware_26_01_00_00/driverlib/f28p65x/driverlib/ccs/Debug/</path>
         <kind>archive</kind>
         <file>driverlib.lib</file>
         <name>dcc.obj</name>
      </input_file>
      <input_file id="fl-14">
         <path>/Users/vaibhavchavan/ti/C2000Ware_26_01_00_00/driverlib/f28p65x/driverlib/ccs/Debug/</path>
         <kind>archive</kind>
         <file>driverlib.lib</file>
         <name>gpio.obj</name>
      </input_file>
      <input_file id="fl-15">
         <path>/Users/vaibhavchavan/ti/C2000Ware_26_01_00_00/driverlib/f28p65x/driverlib/ccs/Debug/</path>
         <kind>archive</kind>
         <file>driverlib.lib</file>
         <name>interrupt.obj</name>
      </input_file>
      <input_file id="fl-16">
         <path>/Users/vaibhavchavan/ti/C2000Ware_26_01_00_00/driverlib/f28p65x/driverlib/ccs/Debug/</path>
         <kind>archive</kind>
         <file>driverlib.lib</file>
         <name>ipc.obj</name>
      </input_file>
      <input_file id="fl-17">
         <path>/Users/vaibhavchavan/ti/C2000Ware_26_01_00_00/driverlib/f28p65x/driverlib/ccs/Debug/</path>
         <kind>archive</kind>
         <file>driverlib.lib</file>
         <name>sysctl.obj</name>
      </input_file>
      <input_file id="fl-18">
         <path>/Users/vaibhavchavan/ti/C2000Ware_26_01_00_00/driverlib/f28p65x/driverlib/ccs/Debug/</path>
         <kind>archive</kind>
         <file>driverlib.lib</file>
         <name>uart.obj</name>
      </input_file>
      <input_file id="fl-24">
         <path>/Applications/ti/ccs2051/ccs/tools/compiler/ti-cgt-c2000_25.11.0.LTS/lib/</path>
         <kind>archive</kind>
         <file>rts2800_fpu64_eabi.lib</file>
         <name>snprintf.c.obj</name>
      </input_file>
      <input_file id="fl-25">
         <path>/Applications/ti/ccs2051/ccs/tools/compiler/ti-cgt-c2000_25.11.0.LTS/lib/</path>
         <kind>archive</kind>
         <file>rts2800_fpu64_eabi.lib</file>
         <name>boot28.asm.obj</name>
      </input_file>
      <input_file id="fl-26">
         <path>/Applications/ti/ccs2051/ccs/tools/compiler/ti-cgt-c2000_25.11.0.LTS/lib/</path>
         <kind>archive</kind>
         <file>rts2800_fpu64_eabi.lib</file>
         <name>fs_div28.asm.obj</name>
      </input_file>
      <input_file id="fl-27">
         <path>/Applications/ti/ccs2051/ccs/tools/compiler/ti-cgt-c2000_25.11.0.LTS/lib/</path>
         <kind>archive</kind>
         <file>rts2800_fpu64_eabi.lib</file>
         <name>memcpy.c.obj</name>
      </input_file>
      <input_file id="fl-28">
         <path>/Applications/ti/ccs2051/ccs/tools/compiler/ti-cgt-c2000_25.11.0.LTS/lib/</path>
         <kind>archive</kind>
         <file>rts2800_fpu64_eabi.lib</file>
         <name>pre_init.c.obj</name>
      </input_file>
      <input_file id="fl-29">
         <path>/Applications/ti/ccs2051/ccs/tools/compiler/ti-cgt-c2000_25.11.0.LTS/lib/</path>
         <kind>archive</kind>
         <file>rts2800_fpu64_eabi.lib</file>
         <name>autoinit.c.obj</name>
      </input_file>
      <input_file id="fl-2a">
         <path>/Applications/ti/ccs2051/ccs/tools/compiler/ti-cgt-c2000_25.11.0.LTS/lib/</path>
         <kind>archive</kind>
         <file>rts2800_fpu64_eabi.lib</file>
         <name>copy_zero_init.c.obj</name>
      </input_file>
      <input_file id="fl-2b">
         <path>/Applications/ti/ccs2051/ccs/tools/compiler/ti-cgt-c2000_25.11.0.LTS/lib/</path>
         <kind>archive</kind>
         <file>rts2800_fpu64_eabi.lib</file>
         <name>copy_decompress_none.c.obj</name>
      </input_file>
      <input_file id="fl-2c">
         <path>/Applications/ti/ccs2051/ccs/tools/compiler/ti-cgt-c2000_25.11.0.LTS/lib/</path>
         <kind>archive</kind>
         <file>rts2800_fpu64_eabi.lib</file>
         <name>copy_decompress_lzss.c.obj</name>
      </input_file>
      <input_file id="fl-2d">
         <path>/Applications/ti/ccs2051/ccs/tools/compiler/ti-cgt-c2000_25.11.0.LTS/lib/</path>
         <kind>archive</kind>
         <file>rts2800_fpu64_eabi.lib</file>
         <name>exit.c.obj</name>
      </input_file>
      <input_file id="fl-2e">
         <path>/Applications/ti/ccs2051/ccs/tools/compiler/ti-cgt-c2000_25.11.0.LTS/lib/</path>
         <kind>archive</kind>
         <file>rts2800_fpu64_eabi.lib</file>
         <name>_lock.c.obj</name>
      </input_file>
      <input_file id="fl-2f">
         <path>/Applications/ti/ccs2051/ccs/tools/compiler/ti-cgt-c2000_25.11.0.LTS/lib/</path>
         <kind>archive</kind>
         <file>rts2800_fpu64_eabi.lib</file>
         <name>args_main.c.obj</name>
      </input_file>
      <input_file id="fl-30">
         <path>/Applications/ti/ccs2051/ccs/tools/compiler/ti-cgt-c2000_25.11.0.LTS/lib/</path>
         <kind>archive</kind>
         <file>rts2800_fpu64_eabi.lib</file>
         <name>memset.c.obj</name>
      </input_file>
      <input_file id="fl-31">
         <path>/Applications/ti/ccs2051/ccs/tools/compiler/ti-cgt-c2000_25.11.0.LTS/lib/</path>
         <kind>archive</kind>
         <file>rts2800_fpu64_eabi.lib</file>
         <name>strcmp.c.obj</name>
      </input_file>
      <input_file id="fl-32">
         <path>/Applications/ti/ccs2051/ccs/tools/compiler/ti-cgt-c2000_25.11.0.LTS/lib/</path>
         <kind>archive</kind>
         <file>rts2800_fpu64_eabi.lib</file>
         <name>strlen.c.obj</name>
      </input_file>
      <input_file id="fl-33">
         <path>/Applications/ti/ccs2051/ccs/tools/compiler/ti-cgt-c2000_25.11.0.LTS/lib/</path>
         <kind>archive</kind>
         <file>rts2800_fpu64_eabi.lib</file>
         <name>_printfi.c.obj</name>
      </input_file>
      <input_file id="fl-34">
         <path>/Applications/ti/ccs2051/ccs/tools/compiler/ti-cgt-c2000_25.11.0.LTS/lib/</path>
         <kind>archive</kind>
         <file>rts2800_fpu64_eabi.lib</file>
         <name>ll_aox28.asm.obj</name>
      </input_file>
      <input_file id="fl-35">
         <path>/Applications/ti/ccs2051/ccs/tools/compiler/ti-cgt-c2000_25.11.0.LTS/lib/</path>
         <kind>archive</kind>
         <file>rts2800_fpu64_eabi.lib</file>
         <name>ll_cmp28.asm.obj</name>
      </input_file>
      <input_file id="fl-36">
         <path>/Applications/ti/ccs2051/ccs/tools/compiler/ti-cgt-c2000_25.11.0.LTS/lib/</path>
         <kind>archive</kind>
         <file>rts2800_fpu64_eabi.lib</file>
         <name>ll_div28.asm.obj</name>
      </input_file>
      <input_file id="fl-37">
         <path>/Applications/ti/ccs2051/ccs/tools/compiler/ti-cgt-c2000_25.11.0.LTS/lib/</path>
         <kind>archive</kind>
         <file>rts2800_fpu64_eabi.lib</file>
         <name>cpy_tbl.c.obj</name>
      </input_file>
      <input_file id="fl-38">
         <path>/Applications/ti/ccs2051/ccs/tools/compiler/ti-cgt-c2000_25.11.0.LTS/lib/</path>
         <kind>archive</kind>
         <file>rts2800_fpu64_eabi.lib</file>
         <name>startup.c.obj</name>
      </input_file>
      <input_file id="fl-39">
         <path>/Applications/ti/ccs2051/ccs/tools/compiler/ti-cgt-c2000_25.11.0.LTS/lib/</path>
         <kind>archive</kind>
         <file>rts2800_fpu64_eabi.lib</file>
         <name>_ltoa.c.obj</name>
      </input_file>
      <input_file id="fl-3a">
         <path>/Applications/ti/ccs2051/ccs/tools/compiler/ti-cgt-c2000_25.11.0.LTS/lib/</path>
         <kind>archive</kind>
         <file>rts2800_fpu64_eabi.lib</file>
         <name>atoi.c.obj</name>
      </input_file>
      <input_file id="fl-3b">
         <path>/Applications/ti/ccs2051/ccs/tools/compiler/ti-cgt-c2000_25.11.0.LTS/lib/</path>
         <kind>archive</kind>
         <file>rts2800_fpu64_eabi.lib</file>
         <name>ctype.c.obj</name>
      </input_file>
      <input_file id="fl-3c">
         <path>/Applications/ti/ccs2051/ccs/tools/compiler/ti-cgt-c2000_25.11.0.LTS/lib/</path>
         <kind>archive</kind>
         <file>rts2800_fpu64_eabi.lib</file>
         <name>memccpy.c.obj</name>
      </input_file>
      <input_file id="fl-3d">
         <path>/Applications/ti/ccs2051/ccs/tools/compiler/ti-cgt-c2000_25.11.0.LTS/lib/</path>
         <kind>archive</kind>
         <file>rts2800_fpu64_eabi.lib</file>
         <name>strchr.c.obj</name>
      </input_file>
      <input_file id="fl-3e">
         <path>/Applications/ti/ccs2051/ccs/tools/compiler/ti-cgt-c2000_25.11.0.LTS/lib/</path>
         <kind>archive</kind>
         <file>rts2800_fpu64_eabi.lib</file>
         <name>strcpy.c.obj</name>
      </input_file>
      <input_file id="fl-3f">
         <path>/Applications/ti/ccs2051/ccs/tools/compiler/ti-cgt-c2000_25.11.0.LTS/lib/</path>
         <kind>archive</kind>
         <file>rts2800_fpu64_eabi.lib</file>
         <name>errno.c.obj</name>
      </input_file>
      <input_file id="fl-40">
         <path>/Applications/ti/ccs2051/ccs/tools/compiler/ti-cgt-c2000_25.11.0.LTS/lib/</path>
         <kind>archive</kind>
         <file>rts2800_fpu64_eabi.lib</file>
         <name>s_frexp.c.obj</name>
      </input_file>
      <input_file id="fl-41">
         <path>/Applications/ti/ccs2051/ccs/tools/compiler/ti-cgt-c2000_25.11.0.LTS/lib/</path>
         <kind>archive</kind>
         <file>rts2800_fpu64_eabi.lib</file>
         <name>s_scalbn.c.obj</name>
      </input_file>
      <input_file id="fl-42">
         <path>/Applications/ti/ccs2051/ccs/tools/compiler/ti-cgt-c2000_25.11.0.LTS/lib/</path>
         <kind>archive</kind>
         <file>rts2800_fpu64_eabi.lib</file>
         <name>wcslen.c.obj</name>
      </input_file>
      <input_file id="fl-43">
         <path>/Applications/ti/ccs2051/ccs/tools/compiler/ti-cgt-c2000_25.11.0.LTS/lib/</path>
         <kind>archive</kind>
         <file>rts2800_fpu64_eabi.lib</file>
         <name>l_div28.asm.obj</name>
      </input_file>
      <input_file id="fl-44">
         <path>/Applications/ti/ccs2051/ccs/tools/compiler/ti-cgt-c2000_25.11.0.LTS/lib/</path>
         <kind>archive</kind>
         <file>rts2800_fpu64_eabi.lib</file>
         <name>s_copysign.c.obj</name>
      </input_file>
   </input_file_list>
   <object_component_list>
      <object_component id="oc-27">
         <name>codestart</name>
         <load_address>0x0</load_address>
         <readonly>true</readonly>
         <executable>true</executable>
         <run_address>0x0</run_address>
         <size>0x2</size>
         <alignment>0x1</alignment>
         <input_file_ref idref="fl-b"/>
      </object_component>
      <object_component id="oc-3df">
         <name>.text:__TI_printfi</name>
         <load_address>0xc000</load_address>
         <readonly>true</readonly>
         <executable>true</executable>
         <run_address>0xc000</run_address>
         <size>0x60e</size>
         <alignment>0x1</alignment>
         <input_file_ref idref="fl-33"/>
      </object_component>
      <object_component id="oc-41b">
         <name>.text</name>
         <load_address>0xc60e</load_address>
         <readonly>true</readonly>
         <executable>true</executable>
         <run_address>0xc60e</run_address>
         <size>0x5d0</size>
         <alignment>0x2</alignment>
         <input_file_ref idref="fl-33"/>
      </object_component>
      <object_component id="oc-186">
         <name>.text:Device_enableAllPeripherals</name>
         <load_address>0xcbde</load_address>
         <readonly>true</readonly>
         <executable>true</executable>
         <run_address>0xcbde</run_address>
         <size>0x1a0</size>
         <alignment>0x1</alignment>
         <input_file_ref idref="fl-a"/>
      </object_component>
      <object_component id="oc-161">
         <name>.text:SysCtl_setClock</name>
         <load_address>0xcd7e</load_address>
         <readonly>true</readonly>
         <executable>true</executable>
         <run_address>0xcd7e</run_address>
         <size>0x126</size>
         <alignment>0x1</alignment>
         <input_file_ref idref="fl-17"/>
      </object_component>
      <object_component id="oc-251">
         <name>.text:SysCtl_isPLLValid</name>
         <load_address>0xcea4</load_address>
         <readonly>true</readonly>
         <executable>true</executable>
         <run_address>0xcea4</run_address>
         <size>0x120</size>
         <alignment>0x1</alignment>
         <input_file_ref idref="fl-17"/>
      </object_component>
      <object_component id="oc-407">
         <name>.text</name>
         <load_address>0xcfc4</load_address>
         <readonly>true</readonly>
         <executable>true</executable>
         <run_address>0xcfc4</run_address>
         <size>0x107</size>
         <alignment>0x1</alignment>
         <input_file_ref idref="fl-36"/>
      </object_component>
      <object_component id="oc-442">
         <name>.text</name>
         <load_address>0xd0cb</load_address>
         <readonly>true</readonly>
         <executable>true</executable>
         <run_address>0xd0cb</run_address>
         <size>0xa0</size>
         <alignment>0x1</alignment>
         <input_file_ref idref="fl-41"/>
      </object_component>
      <object_component id="oc-328">
         <name>.text</name>
         <load_address>0xd16b</load_address>
         <readonly>true</readonly>
         <executable>true</executable>
         <run_address>0xd16b</run_address>
         <size>0x88</size>
         <alignment>0x1</alignment>
         <input_file_ref idref="fl-26"/>
      </object_component>
      <object_component id="oc-35d">
         <name>.text:DCC_setCounterSeeds</name>
         <load_address>0xd1f3</load_address>
         <readonly>true</readonly>
         <executable>true</executable>
         <run_address>0xd1f3</run_address>
         <size>0x73</size>
         <alignment>0x1</alignment>
         <input_file_ref idref="fl-17"/>
      </object_component>
      <object_component id="oc-16d">
         <name>.text:SysCtl_getClock</name>
         <load_address>0xd266</load_address>
         <readonly>true</readonly>
         <executable>true</executable>
         <run_address>0xd266</run_address>
         <size>0x65</size>
         <alignment>0x1</alignment>
         <input_file_ref idref="fl-17"/>
      </object_component>
      <object_component id="oc-2a7">
         <name>.text:ADC_setINLTrim</name>
         <load_address>0xd2cb</load_address>
         <readonly>true</readonly>
         <executable>true</executable>
         <run_address>0xd2cb</run_address>
         <size>0x64</size>
         <alignment>0x1</alignment>
         <input_file_ref idref="fl-12"/>
      </object_component>
      <object_component id="oc-1b4">
         <name>.text:UART_setConfig</name>
         <load_address>0xd32f</load_address>
         <readonly>true</readonly>
         <executable>true</executable>
         <run_address>0xd32f</run_address>
         <size>0x5d</size>
         <alignment>0x1</alignment>
         <input_file_ref idref="fl-18"/>
      </object_component>
      <object_component id="oc-2cb">
         <name>.text</name>
         <load_address>0xd38c</load_address>
         <readonly>true</readonly>
         <executable>true</executable>
         <run_address>0xd38c</run_address>
         <size>0x5a</size>
         <alignment>0x1</alignment>
         <input_file_ref idref="fl-24"/>
      </object_component>
      <object_component id="oc-43c">
         <name>.text</name>
         <load_address>0xd3e6</load_address>
         <readonly>true</readonly>
         <executable>true</executable>
         <run_address>0xd3e6</run_address>
         <size>0x59</size>
         <alignment>0x1</alignment>
         <input_file_ref idref="fl-40"/>
      </object_component>
      <object_component id="oc-135">
         <name>.text:SelfTest_RunAll</name>
         <load_address>0xd43f</load_address>
         <readonly>true</readonly>
         <executable>true</executable>
         <run_address>0xd43f</run_address>
         <size>0x55</size>
         <alignment>0x1</alignment>
         <input_file_ref idref="fl-8"/>
      </object_component>
      <object_component id="oc-1a8">
         <name>.text:GPIO_setPadConfig</name>
         <load_address>0xd494</load_address>
         <readonly>true</readonly>
         <executable>true</executable>
         <run_address>0xd494</run_address>
         <size>0x52</size>
         <alignment>0x1</alignment>
         <input_file_ref idref="fl-14"/>
      </object_component>
      <object_component id="oc-20c">
         <name>.text:ADCTest_Run</name>
         <load_address>0xd4e6</load_address>
         <readonly>true</readonly>
         <executable>true</executable>
         <run_address>0xd4e6</run_address>
         <size>0x47</size>
         <alignment>0x1</alignment>
         <input_file_ref idref="fl-2"/>
      </object_component>
      <object_component id="oc-245">
         <name>.text:SysCtl_selectOscSource</name>
         <load_address>0xd52d</load_address>
         <readonly>true</readonly>
         <executable>true</executable>
         <run_address>0xd52d</run_address>
         <size>0x47</size>
         <alignment>0x1</alignment>
         <input_file_ref idref="fl-17"/>
      </object_component>
      <object_component id="oc-2e4">
         <name>.text:ADC_setupSOC</name>
         <load_address>0xd574</load_address>
         <readonly>true</readonly>
         <executable>true</executable>
         <run_address>0xd574</run_address>
         <size>0x46</size>
         <alignment>0x1</alignment>
         <input_file_ref idref="fl-2"/>
      </object_component>
      <object_component id="oc-31a">
         <name>.text:SysCtl_selectXTAL</name>
         <load_address>0xd5ba</load_address>
         <readonly>true</readonly>
         <executable>true</executable>
         <run_address>0xd5ba</run_address>
         <size>0x46</size>
         <alignment>0x1</alignment>
         <input_file_ref idref="fl-17"/>
      </object_component>
      <object_component id="oc-3af">
         <name>.text:SysCtl_pollX1Counter</name>
         <load_address>0xd600</load_address>
         <readonly>true</readonly>
         <executable>true</executable>
         <run_address>0xd600</run_address>
         <size>0x40</size>
         <alignment>0x1</alignment>
         <input_file_ref idref="fl-17"/>
      </object_component>
      <object_component id="oc-110">
         <name>.text:Interrupt_initModule</name>
         <load_address>0xd640</load_address>
         <readonly>true</readonly>
         <executable>true</executable>
         <run_address>0xd640</run_address>
         <size>0x3d</size>
         <alignment>0x1</alignment>
         <input_file_ref idref="fl-15"/>
      </object_component>
      <object_component id="oc-116">
         <name>.text:UART_init</name>
         <load_address>0xd67d</load_address>
         <readonly>true</readonly>
         <executable>true</executable>
         <run_address>0xd67d</run_address>
         <size>0x3c</size>
         <alignment>0x1</alignment>
         <input_file_ref idref="fl-9"/>
      </object_component>
      <object_component id="oc-19c">
         <name>.text:GPIO_setPinConfig</name>
         <load_address>0xd6b9</load_address>
         <readonly>true</readonly>
         <executable>true</executable>
         <run_address>0xd6b9</run_address>
         <size>0x37</size>
         <alignment>0x1</alignment>
         <input_file_ref idref="fl-14"/>
      </object_component>
      <object_component id="oc-1ae">
         <name>.text:GPIO_setQualificationMode</name>
         <load_address>0xd6f0</load_address>
         <readonly>true</readonly>
         <executable>true</executable>
         <run_address>0xd6f0</run_address>
         <size>0x37</size>
         <alignment>0x1</alignment>
         <input_file_ref idref="fl-14"/>
      </object_component>
      <object_component id="oc-104">
         <name>.text:Device_init</name>
         <load_address>0xd727</load_address>
         <readonly>true</readonly>
         <executable>true</executable>
         <run_address>0xd727</run_address>
         <size>0x34</size>
         <alignment>0x1</alignment>
         <input_file_ref idref="fl-a"/>
      </object_component>
      <object_component id="oc-dc">
         <name>.text:main</name>
         <load_address>0xd75b</load_address>
         <readonly>true</readonly>
         <executable>true</executable>
         <run_address>0xd75b</run_address>
         <size>0x32</size>
         <alignment>0x1</alignment>
         <input_file_ref idref="fl-7"/>
      </object_component>
      <object_component id="oc-1a2">
         <name>.text:GPIO_setDirectionMode</name>
         <load_address>0xd78d</load_address>
         <readonly>true</readonly>
         <executable>true</executable>
         <run_address>0xd78d</run_address>
         <size>0x31</size>
         <alignment>0x1</alignment>
         <input_file_ref idref="fl-14"/>
      </object_component>
      <object_component id="oc-3fc">
         <name>.text</name>
         <load_address>0xd7be</load_address>
         <readonly>true</readonly>
         <executable>true</executable>
         <run_address>0xd7be</run_address>
         <size>0x31</size>
         <alignment>0x1</alignment>
         <input_file_ref idref="fl-3a"/>
      </object_component>
      <object_component id="oc-436">
         <name>.text</name>
         <load_address>0xd7ef</load_address>
         <readonly>true</readonly>
         <executable>true</executable>
         <run_address>0xd7ef</run_address>
         <size>0x30</size>
         <alignment>0x1</alignment>
         <input_file_ref idref="fl-39"/>
      </object_component>
      <object_component id="oc-1a">
         <name>.text:decompress:lzss</name>
         <load_address>0xd81f</load_address>
         <readonly>true</readonly>
         <executable>true</executable>
         <run_address>0xd81f</run_address>
         <size>0x2e</size>
         <alignment>0x1</alignment>
         <input_file_ref idref="fl-2c"/>
      </object_component>
      <object_component id="oc-ac">
         <name>.text:__TI_auto_init_nobinit_nopinit</name>
         <load_address>0xd84d</load_address>
         <readonly>true</readonly>
         <executable>true</executable>
         <run_address>0xd84d</run_address>
         <size>0x2b</size>
         <alignment>0x1</alignment>
         <input_file_ref idref="fl-29"/>
      </object_component>
      <object_component id="oc-128">
         <name>.text:UART_readLine</name>
         <load_address>0xd878</load_address>
         <readonly>true</readonly>
         <executable>true</executable>
         <run_address>0xd878</run_address>
         <size>0x2a</size>
         <alignment>0x1</alignment>
         <input_file_ref idref="fl-9"/>
      </object_component>
      <object_component id="oc-461">
         <name>.text</name>
         <load_address>0xd8a2</load_address>
         <readonly>true</readonly>
         <executable>true</executable>
         <run_address>0xd8a2</run_address>
         <size>0x2a</size>
         <alignment>0x1</alignment>
         <input_file_ref idref="fl-43"/>
      </object_component>
      <object_component id="oc-206">
         <name>.text:GPIOTest_RunOutput</name>
         <load_address>0xd8cc</load_address>
         <readonly>true</readonly>
         <executable>true</executable>
         <run_address>0xd8cc</run_address>
         <size>0x29</size>
         <alignment>0x1</alignment>
         <input_file_ref idref="fl-5"/>
      </object_component>
      <object_component id="oc-212">
         <name>.text:LEDTest_Run</name>
         <load_address>0xd8f5</load_address>
         <readonly>true</readonly>
         <executable>true</executable>
         <run_address>0xd8f5</run_address>
         <size>0x29</size>
         <alignment>0x1</alignment>
         <input_file_ref idref="fl-6"/>
      </object_component>
      <object_component id="oc-a0">
         <name>.text</name>
         <load_address>0xd91e</load_address>
         <readonly>true</readonly>
         <executable>true</executable>
         <run_address>0xd91e</run_address>
         <size>0x29</size>
         <alignment>0x1</alignment>
         <input_file_ref idref="fl-2d"/>
      </object_component>
      <object_component id="oc-11c">
         <name>.text:ADCTest_Init</name>
         <load_address>0xd947</load_address>
         <readonly>true</readonly>
         <executable>true</executable>
         <run_address>0xd947</run_address>
         <size>0x28</size>
         <alignment>0x1</alignment>
         <input_file_ref idref="fl-2"/>
      </object_component>
      <object_component id="oc-27d">
         <name>.text:UART_disableModule</name>
         <load_address>0xd96f</load_address>
         <readonly>true</readonly>
         <executable>true</executable>
         <run_address>0xd96f</run_address>
         <size>0x28</size>
         <alignment>0x1</alignment>
         <input_file_ref idref="fl-18"/>
      </object_component>
      <object_component id="oc-46a">
         <name>.text</name>
         <load_address>0xd997</load_address>
         <readonly>true</readonly>
         <executable>true</executable>
         <run_address>0xd997</run_address>
         <size>0x28</size>
         <alignment>0x1</alignment>
         <input_file_ref idref="fl-44"/>
      </object_component>
      <object_component id="oc-21e">
         <name>.text:UART_sendTestResult</name>
         <load_address>0xd9bf</load_address>
         <readonly>true</readonly>
         <executable>true</executable>
         <run_address>0xd9bf</run_address>
         <size>0x26</size>
         <alignment>0x1</alignment>
         <input_file_ref idref="fl-9"/>
      </object_component>
      <object_component id="oc-2dd">
         <name>.text:GPIO_writePin</name>
         <load_address>0xd9e5</load_address>
         <readonly>true</readonly>
         <executable>true</executable>
         <run_address>0xd9e5</run_address>
         <size>0x25</size>
         <alignment>0x1</alignment>
         <input_file_ref idref="fl-5"/>
      </object_component>
      <object_component id="oc-303">
         <name>.text:GPIO_writePin</name>
         <load_address>0xda0a</load_address>
         <readonly>true</readonly>
         <executable>true</executable>
         <run_address>0xda0a</run_address>
         <size>0x25</size>
         <alignment>0x1</alignment>
         <input_file_ref idref="fl-6"/>
      </object_component>
      <object_component id="oc-320">
         <name>.text:SysCtl_selectXTALSingleEnded</name>
         <load_address>0xda2f</load_address>
         <readonly>true</readonly>
         <executable>true</executable>
         <run_address>0xda2f</run_address>
         <size>0x25</size>
         <alignment>0x1</alignment>
         <input_file_ref idref="fl-17"/>
      </object_component>
      <object_component id="oc-363">
         <name>.text:DCC_enableSingleShotMode</name>
         <load_address>0xda54</load_address>
         <readonly>true</readonly>
         <executable>true</executable>
         <run_address>0xda54</run_address>
         <size>0x24</size>
         <alignment>0x1</alignment>
         <input_file_ref idref="fl-17"/>
      </object_component>
      <object_component id="oc-10a">
         <name>.text:Device_initGPIO</name>
         <load_address>0xda78</load_address>
         <readonly>true</readonly>
         <executable>true</executable>
         <run_address>0xda78</run_address>
         <size>0x24</size>
         <alignment>0x1</alignment>
         <input_file_ref idref="fl-a"/>
      </object_component>
      <object_component id="oc-4d">
         <name>.text</name>
         <load_address>0xda9c</load_address>
         <readonly>true</readonly>
         <executable>true</executable>
         <run_address>0xda9c</run_address>
         <size>0x20</size>
         <alignment>0x1</alignment>
         <input_file_ref idref="fl-27"/>
      </object_component>
      <object_component id="oc-351">
         <name>.text:DCC_setCounter0ClkSource</name>
         <load_address>0xdabc</load_address>
         <readonly>true</readonly>
         <executable>true</executable>
         <run_address>0xdabc</run_address>
         <size>0x1e</size>
         <alignment>0x1</alignment>
         <input_file_ref idref="fl-17"/>
      </object_component>
      <object_component id="oc-357">
         <name>.text:DCC_setCounter1ClkSource</name>
         <load_address>0xdada</load_address>
         <readonly>true</readonly>
         <executable>true</executable>
         <run_address>0xdada</run_address>
         <size>0x1e</size>
         <alignment>0x1</alignment>
         <input_file_ref idref="fl-17"/>
      </object_component>
      <object_component id="oc-200">
         <name>.text:GPIOTest_RunInput</name>
         <load_address>0xdaf8</load_address>
         <readonly>true</readonly>
         <executable>true</executable>
         <run_address>0xdaf8</run_address>
         <size>0x1e</size>
         <alignment>0x1</alignment>
         <input_file_ref idref="fl-5"/>
      </object_component>
      <object_component id="oc-2d5">
         <name>.text:GPIO_readPin</name>
         <load_address>0xdb16</load_address>
         <readonly>true</readonly>
         <executable>true</executable>
         <run_address>0xdb16</run_address>
         <size>0x1e</size>
         <alignment>0x1</alignment>
         <input_file_ref idref="fl-5"/>
      </object_component>
      <object_component id="oc-309">
         <name>.text:GPIO_readPin</name>
         <load_address>0xdb34</load_address>
         <readonly>true</readonly>
         <executable>true</executable>
         <run_address>0xdb34</run_address>
         <size>0x1e</size>
         <alignment>0x1</alignment>
         <input_file_ref idref="fl-6"/>
      </object_component>
      <object_component id="oc-2d">
         <name>.text:Interrupt_initVectorTable</name>
         <load_address>0xdb52</load_address>
         <readonly>true</readonly>
         <executable>true</executable>
         <run_address>0xdb52</run_address>
         <size>0x1e</size>
         <alignment>0x1</alignment>
         <input_file_ref idref="fl-15"/>
      </object_component>
      <object_component id="oc-224">
         <name>.text:UART_sendOverallResult</name>
         <load_address>0xdb70</load_address>
         <readonly>true</readonly>
         <executable>true</executable>
         <run_address>0xdb70</run_address>
         <size>0x1e</size>
         <alignment>0x1</alignment>
         <input_file_ref idref="fl-9"/>
      </object_component>
      <object_component id="oc-402">
         <name>.text</name>
         <load_address>0xdb8e</load_address>
         <readonly>true</readonly>
         <executable>true</executable>
         <run_address>0xdb8e</run_address>
         <size>0x1e</size>
         <alignment>0x1</alignment>
         <input_file_ref idref="fl-35"/>
      </object_component>
      <object_component id="oc-2f0">
         <name>.text:ADC_getInterruptStatus</name>
         <load_address>0xdbac</load_address>
         <readonly>true</readonly>
         <executable>true</executable>
         <run_address>0xdbac</run_address>
         <size>0x1d</size>
         <alignment>0x1</alignment>
         <input_file_ref idref="fl-2"/>
      </object_component>
      <object_component id="oc-1d1">
         <name>.text:ADC_setMode</name>
         <load_address>0xdbc9</load_address>
         <readonly>true</readonly>
         <executable>true</executable>
         <run_address>0xdbc9</run_address>
         <size>0x1d</size>
         <alignment>0x1</alignment>
         <input_file_ref idref="fl-12"/>
      </object_component>
      <object_component id="oc-218">
         <name>.text:TypeToString</name>
         <load_address>0xdbe6</load_address>
         <readonly>true</readonly>
         <executable>true</executable>
         <run_address>0xdbe6</run_address>
         <size>0x1d</size>
         <alignment>0x1</alignment>
         <input_file_ref idref="fl-8"/>
      </object_component>
      <object_component id="oc-283">
         <name>.text:UART_enableModule</name>
         <load_address>0xdc03</load_address>
         <readonly>true</readonly>
         <executable>true</executable>
         <run_address>0xdc03</run_address>
         <size>0x1b</size>
         <alignment>0x1</alignment>
         <input_file_ref idref="fl-18"/>
      </object_component>
      <object_component id="oc-1c0">
         <name>.text:UART_enableModule</name>
         <load_address>0xdc1e</load_address>
         <readonly>true</readonly>
         <executable>true</executable>
         <run_address>0xdc1e</run_address>
         <size>0x1b</size>
         <alignment>0x1</alignment>
         <input_file_ref idref="fl-9"/>
      </object_component>
      <object_component id="oc-2c0">
         <name>.text:UART_writeChar</name>
         <load_address>0xdc39</load_address>
         <readonly>true</readonly>
         <executable>true</executable>
         <run_address>0xdc39</run_address>
         <size>0x1b</size>
         <alignment>0x1</alignment>
         <input_file_ref idref="fl-9"/>
      </object_component>
      <object_component id="oc-2fc">
         <name>.text:ADC_readResult</name>
         <load_address>0xdc54</load_address>
         <readonly>true</readonly>
         <executable>true</executable>
         <run_address>0xdc54</run_address>
         <size>0x1a</size>
         <alignment>0x1</alignment>
         <input_file_ref idref="fl-2"/>
      </object_component>
      <object_component id="oc-3bf">
         <name>.text:DCC_isBaseValid</name>
         <load_address>0xdc6e</load_address>
         <readonly>true</readonly>
         <executable>true</executable>
         <run_address>0xdc6e</run_address>
         <size>0x1a</size>
         <alignment>0x1</alignment>
         <input_file_ref idref="fl-17"/>
      </object_component>
      <object_component id="oc-17a">
         <name>.text:SysCtl_getLowSpeedClock</name>
         <load_address>0xdc88</load_address>
         <readonly>true</readonly>
         <executable>true</executable>
         <run_address>0xdc88</run_address>
         <size>0x1a</size>
         <alignment>0x1</alignment>
         <input_file_ref idref="fl-17"/>
      </object_component>
      <object_component id="oc-24b">
         <name>.text:SysCtl_setPLLSysClk</name>
         <load_address>0xdca2</load_address>
         <readonly>true</readonly>
         <executable>true</executable>
         <run_address>0xdca2</run_address>
         <size>0x19</size>
         <alignment>0x1</alignment>
         <input_file_ref idref="fl-17"/>
      </object_component>
      <object_component id="oc-1ee">
         <name>.text:UART_readChar</name>
         <load_address>0xdcbb</load_address>
         <readonly>true</readonly>
         <executable>true</executable>
         <run_address>0xdcbb</run_address>
         <size>0x19</size>
         <alignment>0x1</alignment>
         <input_file_ref idref="fl-9"/>
      </object_component>
      <object_component id="oc-7f">
         <name>.text</name>
         <load_address>0xdcd4</load_address>
         <readonly>true</readonly>
         <executable>true</executable>
         <run_address>0xdcd4</run_address>
         <size>0x19</size>
         <alignment>0x1</alignment>
         <input_file_ref idref="fl-25"/>
      </object_component>
      <object_component id="oc-1f7">
         <name>.text:UART_sendBegin</name>
         <load_address>0xdced</load_address>
         <readonly>true</readonly>
         <executable>true</executable>
         <run_address>0xdced</run_address>
         <size>0x18</size>
         <alignment>0x1</alignment>
         <input_file_ref idref="fl-9"/>
      </object_component>
      <object_component id="oc-40c">
         <name>.text</name>
         <load_address>0xdd05</load_address>
         <readonly>true</readonly>
         <executable>true</executable>
         <run_address>0xdd05</run_address>
         <size>0x18</size>
         <alignment>0x1</alignment>
         <input_file_ref idref="fl-34"/>
      </object_component>
      <object_component id="oc-2ea">
         <name>.text:ADC_forceSOC</name>
         <load_address>0xdd1d</load_address>
         <readonly>true</readonly>
         <executable>true</executable>
         <run_address>0xdd1d</run_address>
         <size>0x17</size>
         <alignment>0x1</alignment>
         <input_file_ref idref="fl-2"/>
      </object_component>
      <object_component id="oc-298">
         <name>.text:ADC_isBaseValid</name>
         <load_address>0xdd34</load_address>
         <readonly>true</readonly>
         <executable>true</executable>
         <run_address>0xdd34</run_address>
         <size>0x17</size>
         <alignment>0x1</alignment>
         <input_file_ref idref="fl-2"/>
      </object_component>
      <object_component id="oc-2a0">
         <name>.text:ADC_isBaseValid</name>
         <load_address>0xdd4b</load_address>
         <readonly>true</readonly>
         <executable>true</executable>
         <run_address>0xdd4b</run_address>
         <size>0x17</size>
         <alignment>0x1</alignment>
         <input_file_ref idref="fl-12"/>
      </object_component>
      <object_component id="oc-25e">
         <name>.text:SysCtl_enablePeripheral</name>
         <load_address>0xdd62</load_address>
         <readonly>true</readonly>
         <executable>true</executable>
         <run_address>0xdd62</run_address>
         <size>0x17</size>
         <alignment>0x1</alignment>
         <input_file_ref idref="fl-a"/>
      </object_component>
      <object_component id="oc-32d">
         <name>.text:SysCtl_enablePeripheral</name>
         <load_address>0xdd79</load_address>
         <readonly>true</readonly>
         <executable>true</executable>
         <run_address>0xdd79</run_address>
         <size>0x17</size>
         <alignment>0x1</alignment>
         <input_file_ref idref="fl-17"/>
      </object_component>
      <object_component id="oc-382">
         <name>.text:ADC_selectOffsetTrimMode</name>
         <load_address>0xdd90</load_address>
         <readonly>true</readonly>
         <executable>true</executable>
         <run_address>0xdd90</run_address>
         <size>0x16</size>
         <alignment>0x1</alignment>
         <input_file_ref idref="fl-12"/>
      </object_component>
      <object_component id="oc-1d7">
         <name>.text:ADC_setInterruptPulseMode</name>
         <load_address>0xdda6</load_address>
         <readonly>true</readonly>
         <executable>true</executable>
         <run_address>0xdda6</run_address>
         <size>0x16</size>
         <alignment>0x1</alignment>
         <input_file_ref idref="fl-2"/>
      </object_component>
      <object_component id="oc-1cb">
         <name>.text:ADC_setPrescaler</name>
         <load_address>0xddbc</load_address>
         <readonly>true</readonly>
         <executable>true</executable>
         <run_address>0xddbc</run_address>
         <size>0x16</size>
         <alignment>0x1</alignment>
         <input_file_ref idref="fl-2"/>
      </object_component>
      <object_component id="oc-34b">
         <name>.text:DCC_disableDoneSignal</name>
         <load_address>0xddd2</load_address>
         <readonly>true</readonly>
         <executable>true</executable>
         <run_address>0xddd2</run_address>
         <size>0x16</size>
         <alignment>0x1</alignment>
         <input_file_ref idref="fl-17"/>
      </object_component>
      <object_component id="oc-2c">
         <name>.text:Interrupt_defaultHandler</name>
         <load_address>0xdde8</load_address>
         <readonly>true</readonly>
         <executable>true</executable>
         <run_address>0xdde8</run_address>
         <size>0x16</size>
         <alignment>0x1</alignment>
         <input_file_ref idref="fl-15"/>
      </object_component>
      <object_component id="oc-339">
         <name>.text:DCC_clearDoneFlag</name>
         <load_address>0xddfe</load_address>
         <readonly>true</readonly>
         <executable>true</executable>
         <run_address>0xddfe</run_address>
         <size>0x15</size>
         <alignment>0x1</alignment>
         <input_file_ref idref="fl-17"/>
      </object_component>
      <object_component id="oc-333">
         <name>.text:DCC_clearErrorFlag</name>
         <load_address>0xde13</load_address>
         <readonly>true</readonly>
         <executable>true</executable>
         <run_address>0xde13</run_address>
         <size>0x15</size>
         <alignment>0x1</alignment>
         <input_file_ref idref="fl-17"/>
      </object_component>
      <object_component id="oc-345">
         <name>.text:DCC_disableErrorSignal</name>
         <load_address>0xde28</load_address>
         <readonly>true</readonly>
         <executable>true</executable>
         <run_address>0xde28</run_address>
         <size>0x15</size>
         <alignment>0x1</alignment>
         <input_file_ref idref="fl-17"/>
      </object_component>
      <object_component id="oc-18e">
         <name>.text:GPIO_unlockPortConfig</name>
         <load_address>0xde3d</load_address>
         <readonly>true</readonly>
         <executable>true</executable>
         <run_address>0xde3d</run_address>
         <size>0x15</size>
         <alignment>0x1</alignment>
         <input_file_ref idref="fl-a"/>
      </object_component>
      <object_component id="oc-276">
         <name>.text:UART_isBaseValid</name>
         <load_address>0xde52</load_address>
         <readonly>true</readonly>
         <executable>true</executable>
         <run_address>0xde52</run_address>
         <size>0x15</size>
         <alignment>0x1</alignment>
         <input_file_ref idref="fl-18"/>
      </object_component>
      <object_component id="oc-28b">
         <name>.text:UART_isBaseValid</name>
         <load_address>0xde67</load_address>
         <readonly>true</readonly>
         <executable>true</executable>
         <run_address>0xde67</run_address>
         <size>0x15</size>
         <alignment>0x1</alignment>
         <input_file_ref idref="fl-9"/>
      </object_component>
      <object_component id="oc-1e7">
         <name>.text:UART_sendString</name>
         <load_address>0xde7c</load_address>
         <readonly>true</readonly>
         <executable>true</executable>
         <run_address>0xde7c</run_address>
         <size>0x15</size>
         <alignment>0x1</alignment>
         <input_file_ref idref="fl-9"/>
      </object_component>
      <object_component id="oc-2f6">
         <name>.text:ADC_clearInterruptStatus</name>
         <load_address>0xde91</load_address>
         <readonly>true</readonly>
         <executable>true</executable>
         <run_address>0xde91</run_address>
         <size>0x14</size>
         <alignment>0x1</alignment>
         <input_file_ref idref="fl-2"/>
      </object_component>
      <object_component id="oc-33f">
         <name>.text:DCC_disableModule</name>
         <load_address>0xdea5</load_address>
         <readonly>true</readonly>
         <executable>true</executable>
         <run_address>0xdea5</run_address>
         <size>0x14</size>
         <alignment>0x1</alignment>
         <input_file_ref idref="fl-17"/>
      </object_component>
      <object_component id="oc-369">
         <name>.text:DCC_enableModule</name>
         <load_address>0xdeb9</load_address>
         <readonly>true</readonly>
         <executable>true</executable>
         <run_address>0xdeb9</run_address>
         <size>0x14</size>
         <alignment>0x1</alignment>
         <input_file_ref idref="fl-17"/>
      </object_component>
      <object_component id="oc-26c">
         <name>.text:GPIO_isPinValid</name>
         <load_address>0xdecd</load_address>
         <readonly>true</readonly>
         <executable>true</executable>
         <run_address>0xdecd</run_address>
         <size>0x14</size>
         <alignment>0x1</alignment>
         <input_file_ref idref="fl-14"/>
      </object_component>
      <object_component id="oc-392">
         <name>.text:GPIO_isPinValid</name>
         <load_address>0xdee1</load_address>
         <readonly>true</readonly>
         <executable>true</executable>
         <run_address>0xdee1</run_address>
         <size>0x14</size>
         <alignment>0x1</alignment>
         <input_file_ref idref="fl-5"/>
      </object_component>
      <object_component id="oc-3a3">
         <name>.text:GPIO_isPinValid</name>
         <load_address>0xdef5</load_address>
         <readonly>true</readonly>
         <executable>true</executable>
         <run_address>0xdef5</run_address>
         <size>0x14</size>
         <alignment>0x1</alignment>
         <input_file_ref idref="fl-6"/>
      </object_component>
      <object_component id="oc-1ba">
         <name>.text:UART_enableFIFO</name>
         <load_address>0xdf09</load_address>
         <readonly>true</readonly>
         <executable>true</executable>
         <run_address>0xdf09</run_address>
         <size>0x14</size>
         <alignment>0x1</alignment>
         <input_file_ref idref="fl-9"/>
      </object_component>
      <object_component id="oc-1dd">
         <name>.text:ADC_enableConverter</name>
         <load_address>0xdf1d</load_address>
         <readonly>true</readonly>
         <executable>true</executable>
         <run_address>0xdf1d</run_address>
         <size>0x13</size>
         <alignment>0x1</alignment>
         <input_file_ref idref="fl-2"/>
      </object_component>
      <object_component id="oc-9a">
         <name>.text</name>
         <load_address>0xdf30</load_address>
         <readonly>true</readonly>
         <executable>true</executable>
         <run_address>0xdf30</run_address>
         <size>0x12</size>
         <alignment>0x1</alignment>
         <input_file_ref idref="fl-2f"/>
      </object_component>
      <object_component id="oc-3f4">
         <name>.text</name>
         <load_address>0xdf42</load_address>
         <readonly>true</readonly>
         <executable>true</executable>
         <run_address>0xdf42</run_address>
         <size>0x10</size>
         <alignment>0x1</alignment>
         <input_file_ref idref="fl-3c"/>
      </object_component>
      <object_component id="oc-38">
         <name>.text:Interrupt_unregister</name>
         <load_address>0xdf52</load_address>
         <readonly>true</readonly>
         <executable>true</executable>
         <run_address>0xdf52</run_address>
         <size>0xf</size>
         <alignment>0x1</alignment>
         <input_file_ref idref="fl-16"/>
      </object_component>
      <object_component id="oc-195">
         <name>.text:Interrupt_disableGlobal</name>
         <load_address>0xdf61</load_address>
         <readonly>true</readonly>
         <executable>true</executable>
         <run_address>0xdf61</run_address>
         <size>0xd</size>
         <alignment>0x1</alignment>
         <input_file_ref idref="fl-15"/>
      </object_component>
      <object_component id="oc-167">
         <name>.text:SysCtl_setLowSpeedClock</name>
         <load_address>0xdf6e</load_address>
         <readonly>true</readonly>
         <executable>true</executable>
         <run_address>0xdf6e</run_address>
         <size>0xd</size>
         <alignment>0x1</alignment>
         <input_file_ref idref="fl-a"/>
      </object_component>
      <object_component id="oc-448">
         <name>.text</name>
         <load_address>0xdf7b</load_address>
         <readonly>true</readonly>
         <executable>true</executable>
         <run_address>0xdf7b</run_address>
         <size>0xc</size>
         <alignment>0x1</alignment>
         <input_file_ref idref="fl-3d"/>
      </object_component>
      <object_component id="oc-15b">
         <name>.text:SysCtl_disableWatchdog</name>
         <load_address>0xdf87</load_address>
         <readonly>true</readonly>
         <executable>true</executable>
         <run_address>0xdf87</run_address>
         <size>0xb</size>
         <alignment>0x1</alignment>
         <input_file_ref idref="fl-a"/>
      </object_component>
      <object_component id="oc-23f">
         <name>.text:SysCtl_isMCDClockFailureDetected</name>
         <load_address>0xdf92</load_address>
         <readonly>true</readonly>
         <executable>true</executable>
         <run_address>0xdf92</run_address>
         <size>0xb</size>
         <alignment>0x1</alignment>
         <input_file_ref idref="fl-17"/>
      </object_component>
      <object_component id="oc-411">
         <name>.text</name>
         <load_address>0xdf9d</load_address>
         <readonly>true</readonly>
         <executable>true</executable>
         <run_address>0xdf9d</run_address>
         <size>0xb</size>
         <alignment>0x1</alignment>
         <input_file_ref idref="fl-42"/>
      </object_component>
      <object_component id="oc-3e">
         <name>.text:Interrupt_illegalOperationHandler</name>
         <load_address>0xdfa8</load_address>
         <readonly>true</readonly>
         <executable>true</executable>
         <run_address>0xdfa8</run_address>
         <size>0xa</size>
         <alignment>0x1</alignment>
         <input_file_ref idref="fl-15"/>
      </object_component>
      <object_component id="oc-44">
         <name>.text:Interrupt_nmiHandler</name>
         <load_address>0xdfb2</load_address>
         <readonly>true</readonly>
         <executable>true</executable>
         <run_address>0xdfb2</run_address>
         <size>0xa</size>
         <alignment>0x1</alignment>
         <input_file_ref idref="fl-15"/>
      </object_component>
      <object_component id="oc-12f">
         <name>.text</name>
         <load_address>0xdfbc</load_address>
         <readonly>true</readonly>
         <executable>true</executable>
         <run_address>0xdfbc</run_address>
         <size>0xa</size>
         <alignment>0x1</alignment>
         <input_file_ref idref="fl-31"/>
      </object_component>
      <object_component id="oc-148">
         <name>.text</name>
         <load_address>0xdfc6</load_address>
         <readonly>true</readonly>
         <executable>true</executable>
         <run_address>0xdfc6</run_address>
         <size>0x9</size>
         <alignment>0x1</alignment>
         <input_file_ref idref="fl-2e"/>
      </object_component>
      <object_component id="oc-2ad">
         <name>.text:ADC_setOffsetTrim</name>
         <load_address>0xdfcf</load_address>
         <readonly>true</readonly>
         <executable>true</executable>
         <run_address>0xdfcf</run_address>
         <size>0x8</size>
         <alignment>0x1</alignment>
         <input_file_ref idref="fl-12"/>
      </object_component>
      <object_component id="oc-20">
         <name>.text:decompress:none</name>
         <load_address>0xdfd7</load_address>
         <readonly>true</readonly>
         <executable>true</executable>
         <run_address>0xdfd7</run_address>
         <size>0x8</size>
         <alignment>0x1</alignment>
         <input_file_ref idref="fl-2b"/>
      </object_component>
      <object_component id="oc-61">
         <name>.text</name>
         <load_address>0xdfdf</load_address>
         <readonly>true</readonly>
         <executable>true</executable>
         <run_address>0xdfdf</run_address>
         <size>0x8</size>
         <alignment>0x1</alignment>
         <input_file_ref idref="fl-b"/>
      </object_component>
      <object_component id="oc-2ba">
         <name>.text</name>
         <load_address>0xdfe7</load_address>
         <readonly>true</readonly>
         <executable>true</executable>
         <run_address>0xdfe7</run_address>
         <size>0x8</size>
         <alignment>0x1</alignment>
         <input_file_ref idref="fl-32"/>
      </object_component>
      <object_component id="oc-3b5">
         <name>.text:SysCtl_resetMCD</name>
         <load_address>0xdfef</load_address>
         <readonly>true</readonly>
         <executable>true</executable>
         <run_address>0xdfef</run_address>
         <size>0x7</size>
         <alignment>0x1</alignment>
         <input_file_ref idref="fl-17"/>
      </object_component>
      <object_component id="oc-174">
         <name>.text:__error__</name>
         <load_address>0xdff6</load_address>
         <readonly>true</readonly>
         <executable>true</executable>
         <run_address>0xdff6</run_address>
         <size>0x7</size>
         <alignment>0x1</alignment>
         <input_file_ref idref="fl-a"/>
      </object_component>
      <object_component id="oc-93">
         <name>.text</name>
         <load_address>0xdffd</load_address>
         <readonly>true</readonly>
         <executable>true</executable>
         <run_address>0xdffd</run_address>
         <size>0x2</size>
         <alignment>0x1</alignment>
         <input_file_ref idref="fl-28"/>
      </object_component>
      <object_component id="oc-ef">
         <name>.text</name>
         <load_address>0xdfff</load_address>
         <readonly>true</readonly>
         <executable>true</executable>
         <run_address>0xdfff</run_address>
         <size>0x1</size>
         <alignment>0x1</alignment>
         <input_file_ref idref="fl-38"/>
      </object_component>
      <object_component id="oc-78">
         <name>.text</name>
         <load_address>0xe000</load_address>
         <readonly>true</readonly>
         <executable>true</executable>
         <run_address>0xe000</run_address>
         <size>0x7</size>
         <alignment>0x1</alignment>
         <input_file_ref idref="fl-30"/>
      </object_component>
      <object_component id="oc-13b">
         <name>.text:UART_sendPong</name>
         <load_address>0xe007</load_address>
         <readonly>true</readonly>
         <executable>true</executable>
         <run_address>0xe007</run_address>
         <size>0x5</size>
         <alignment>0x1</alignment>
         <input_file_ref idref="fl-9"/>
      </object_component>
      <object_component id="oc-122">
         <name>.text:UART_sendReady</name>
         <load_address>0xe00c</load_address>
         <readonly>true</readonly>
         <executable>true</executable>
         <run_address>0xe00c</run_address>
         <size>0x5</size>
         <alignment>0x1</alignment>
         <input_file_ref idref="fl-9"/>
      </object_component>
      <object_component id="oc-3ee">
         <name>.text</name>
         <load_address>0xe011</load_address>
         <readonly>true</readonly>
         <executable>true</executable>
         <run_address>0xe011</run_address>
         <size>0x5</size>
         <alignment>0x1</alignment>
         <input_file_ref idref="fl-3e"/>
      </object_component>
      <object_component id="oc-180">
         <name>.text:SysCtl_deviceCal</name>
         <load_address>0xe016</load_address>
         <readonly>true</readonly>
         <executable>true</executable>
         <run_address>0xe016</run_address>
         <size>0x4</size>
         <alignment>0x1</alignment>
         <input_file_ref idref="fl-a"/>
      </object_component>
      <object_component id="oc-4ba">
         <name>.cinit..data.load</name>
         <load_address>0x1b6</load_address>
         <readonly>true</readonly>
         <run_address>0x1b6</run_address>
         <size>0x6</size>
         <alignment>0x1</alignment>
      </object_component>
      <object_component id="oc-4b8">
         <name>__TI_handler_table</name>
         <load_address>0x1bc</load_address>
         <readonly>true</readonly>
         <run_address>0x1bc</run_address>
         <size>0x4</size>
         <alignment>0x2</alignment>
      </object_component>
      <object_component id="oc-4b9">
         <name>__TI_cinit_table</name>
         <load_address>0x1c0</load_address>
         <readonly>true</readonly>
         <run_address>0x1c0</run_address>
         <size>0x4</size>
         <alignment>0x2</alignment>
      </object_component>
      <object_component id="oc-4a">
         <name>.stack</name>
         <uninitialized>true</uninitialized>
         <readwrite>true</readwrite>
         <run_address>0x400</run_address>
         <size>0x0</size>
         <alignment>0x1</alignment>
         <input_file_ref idref="fl-25"/>
      </object_component>
      <object_component id="oc-4bb">
         <name>.stack</name>
         <uninitialized>true</uninitialized>
         <readwrite>true</readwrite>
         <run_address>0x400</run_address>
         <size>0x0</size>
         <alignment>0x2</alignment>
      </object_component>
      <object_component id="oc-1c8">
         <name>.const:g_adcModuleRegs</name>
         <load_address>0x7f0</load_address>
         <readonly>true</readonly>
         <run_address>0x7f0</run_address>
         <size>0xc</size>
         <alignment>0x2</alignment>
         <input_file_ref idref="fl-2"/>
      </object_component>
      <object_component id="oc-29e">
         <name>.const:.string</name>
         <load_address>0x77a</load_address>
         <readonly>true</readonly>
         <run_address>0x77a</run_address>
         <size>0x50</size>
         <alignment>0x2</alignment>
         <input_file_ref idref="fl-2"/>
      </object_component>
      <object_component id="oc-398">
         <name>.const:.string</name>
         <load_address>0x6d6</load_address>
         <readonly>true</readonly>
         <run_address>0x6d6</run_address>
         <size>0x51</size>
         <alignment>0x2</alignment>
         <input_file_ref idref="fl-5"/>
      </object_component>
      <object_component id="oc-3a9">
         <name>.const:.string</name>
         <load_address>0x728</load_address>
         <readonly>true</readonly>
         <run_address>0x728</run_address>
         <size>0x51</size>
         <alignment>0x2</alignment>
         <input_file_ref idref="fl-6"/>
      </object_component>
      <object_component id="oc-12e">
         <name>.const:.string</name>
         <load_address>0x7fc</load_address>
         <readonly>true</readonly>
         <run_address>0x7fc</run_address>
         <size>0xb</size>
         <alignment>0x2</alignment>
         <input_file_ref idref="fl-7"/>
      </object_component>
      <object_component id="oc-1fd">
         <name>.const:g_testList</name>
         <load_address>0x114</load_address>
         <readonly>true</readonly>
         <run_address>0x114</run_address>
         <size>0x108</size>
         <alignment>0x2</alignment>
         <input_file_ref idref="fl-8"/>
      </object_component>
      <object_component id="oc-2d2">
         <name>.const:.string</name>
         <load_address>0x0</load_address>
         <readonly>true</readonly>
         <run_address>0x0</run_address>
         <size>0x114</size>
         <alignment>0x2</alignment>
         <input_file_ref idref="fl-8"/>
      </object_component>
      <object_component id="oc-1e6">
         <name>.const:.string</name>
         <load_address>0x3d6</load_address>
         <readonly>true</readonly>
         <run_address>0x3d6</run_address>
         <size>0x9d</size>
         <alignment>0x2</alignment>
         <input_file_ref idref="fl-9"/>
      </object_component>
      <object_component id="oc-173">
         <name>.const:.string</name>
         <load_address>0x31e</load_address>
         <readonly>true</readonly>
         <run_address>0x31e</run_address>
         <size>0xb7</size>
         <alignment>0x2</alignment>
         <input_file_ref idref="fl-a"/>
      </object_component>
      <object_component id="oc-2a6">
         <name>.const:.string</name>
         <load_address>0x63e</load_address>
         <readonly>true</readonly>
         <run_address>0x63e</run_address>
         <size>0x97</size>
         <alignment>0x2</alignment>
         <input_file_ref idref="fl-12"/>
      </object_component>
      <object_component id="oc-272">
         <name>.const:.string</name>
         <load_address>0x50e</load_address>
         <readonly>true</readonly>
         <run_address>0x50e</run_address>
         <size>0x98</size>
         <alignment>0x2</alignment>
         <input_file_ref idref="fl-14"/>
      </object_component>
      <object_component id="oc-23e">
         <name>.const:.string</name>
         <load_address>0x474</load_address>
         <readonly>true</readonly>
         <run_address>0x474</run_address>
         <size>0x9a</size>
         <alignment>0x2</alignment>
         <input_file_ref idref="fl-17"/>
      </object_component>
      <object_component id="oc-27c">
         <name>.const:.string</name>
         <load_address>0x5a6</load_address>
         <readonly>true</readonly>
         <run_address>0x5a6</run_address>
         <size>0x98</size>
         <alignment>0x2</alignment>
         <input_file_ref idref="fl-18"/>
      </object_component>
      <object_component id="oc-3ed">
         <name>.const:.string</name>
         <load_address>0x7ca</load_address>
         <readonly>true</readonly>
         <run_address>0x7ca</run_address>
         <size>0x26</size>
         <alignment>0x2</alignment>
         <input_file_ref idref="fl-33"/>
      </object_component>
      <object_component id="oc-429">
         <name>.const:.string:_ctypes_</name>
         <load_address>0x21c</load_address>
         <readonly>true</readonly>
         <run_address>0x21c</run_address>
         <size>0x101</size>
         <alignment>0x1</alignment>
         <input_file_ref idref="fl-3b"/>
      </object_component>
      <object_component id="oc-e4">
         <name>.data</name>
         <load_address>0xa800</load_address>
         <readwrite>true</readwrite>
         <run_address>0xa800</run_address>
         <size>0x6</size>
         <alignment>0x2</alignment>
         <input_file_ref idref="fl-2d"/>
      </object_component>
      <object_component id="oc-e7">
         <name>.data:_lock</name>
         <load_address>0xa806</load_address>
         <readwrite>true</readwrite>
         <run_address>0xa806</run_address>
         <size>0x2</size>
         <alignment>0x2</alignment>
         <input_file_ref idref="fl-2e"/>
      </object_component>
      <object_component id="oc-230">
         <name>.data:_unlock</name>
         <load_address>0xa808</load_address>
         <readwrite>true</readwrite>
         <run_address>0xa808</run_address>
         <size>0x2</size>
         <alignment>0x2</alignment>
         <input_file_ref idref="fl-2e"/>
      </object_component>
      <object_component id="oc-417">
         <name>.data</name>
         <load_address>0xa80a</load_address>
         <readwrite>true</readwrite>
         <run_address>0xa80a</run_address>
         <size>0x1</size>
         <alignment>0x1</alignment>
         <input_file_ref idref="fl-3f"/>
      </object_component>
      <object_component id="oc-1e3">
         <name>.TI.ramfunc</name>
         <load_address>0x1b1</load_address>
         <readonly>true</readonly>
         <executable>true</executable>
         <run_address>0x1b1</run_address>
         <size>0x4</size>
         <alignment>0x1</alignment>
         <input_file_ref idref="fl-17"/>
      </object_component>
      <object_component id="oc-1e5">
         <name>.debug_types</name>
         <load_address>0x0</load_address>
         <run_address>0x0</run_address>
         <size>0x19a9</size>
         <alignment>0x0</alignment>
         <input_file_ref idref="fl-2"/>
      </object_component>
      <object_component id="oc-2dc">
         <name>.debug_types</name>
         <load_address>0x19a9</load_address>
         <run_address>0x19a9</run_address>
         <size>0xee</size>
         <alignment>0x0</alignment>
         <input_file_ref idref="fl-5"/>
      </object_component>
      <object_component id="oc-310">
         <name>.debug_types</name>
         <load_address>0x0</load_address>
         <run_address>0x0</run_address>
         <size>0x0</size>
         <alignment>0x0</alignment>
         <input_file_ref idref="fl-6"/>
      </object_component>
      <object_component id="oc-142">
         <name>.debug_types</name>
         <load_address>0x1a97</load_address>
         <run_address>0x1a97</run_address>
         <size>0x5d</size>
         <alignment>0x0</alignment>
         <input_file_ref idref="fl-7"/>
      </object_component>
      <object_component id="oc-22b">
         <name>.debug_types</name>
         <load_address>0x1af4</load_address>
         <run_address>0x1af4</run_address>
         <size>0x33</size>
         <alignment>0x0</alignment>
         <input_file_ref idref="fl-8"/>
      </object_component>
      <object_component id="oc-1c7">
         <name>.debug_types</name>
         <load_address>0x1b27</load_address>
         <run_address>0x1b27</run_address>
         <size>0x18a</size>
         <alignment>0x0</alignment>
         <input_file_ref idref="fl-9"/>
      </object_component>
      <object_component id="oc-18d">
         <name>.debug_types</name>
         <load_address>0x1cb1</load_address>
         <run_address>0x1cb1</run_address>
         <size>0x1f53</size>
         <alignment>0x0</alignment>
         <input_file_ref idref="fl-a"/>
      </object_component>
      <object_component id="oc-2b4">
         <name>.debug_types</name>
         <load_address>0x3c04</load_address>
         <run_address>0x3c04</run_address>
         <size>0x95f</size>
         <alignment>0x0</alignment>
         <input_file_ref idref="fl-12"/>
      </object_component>
      <object_component id="oc-26b">
         <name>.debug_types</name>
         <load_address>0x4563</load_address>
         <run_address>0x4563</run_address>
         <size>0x3a3</size>
         <alignment>0x0</alignment>
         <input_file_ref idref="fl-14"/>
      </object_component>
      <object_component id="oc-68">
         <name>.debug_types</name>
         <load_address>0x0</load_address>
         <run_address>0x0</run_address>
         <size>0x0</size>
         <alignment>0x0</alignment>
         <input_file_ref idref="fl-15"/>
      </object_component>
      <object_component id="oc-6b">
         <name>.debug_types</name>
         <load_address>0x4906</load_address>
         <run_address>0x4906</run_address>
         <size>0x230</size>
         <alignment>0x0</alignment>
         <input_file_ref idref="fl-16"/>
      </object_component>
      <object_component id="oc-258">
         <name>.debug_types</name>
         <load_address>0x4b36</load_address>
         <run_address>0x4b36</run_address>
         <size>0xd4a</size>
         <alignment>0x0</alignment>
         <input_file_ref idref="fl-17"/>
      </object_component>
      <object_component id="oc-28a">
         <name>.debug_types</name>
         <load_address>0x0</load_address>
         <run_address>0x0</run_address>
         <size>0x0</size>
         <alignment>0x0</alignment>
         <input_file_ref idref="fl-18"/>
      </object_component>
      <object_component id="oc-391">
         <name>.debug_types</name>
         <load_address>0x5880</load_address>
         <run_address>0x5880</run_address>
         <size>0x359</size>
         <alignment>0x0</alignment>
         <input_file_ref idref="fl-24"/>
      </object_component>
      <object_component id="oc-72">
         <name>.debug_types</name>
         <load_address>0x5bd9</load_address>
         <run_address>0x5bd9</run_address>
         <size>0x5a</size>
         <alignment>0x0</alignment>
         <input_file_ref idref="fl-27"/>
      </object_component>
      <object_component id="oc-ab">
         <name>.debug_types</name>
         <load_address>0x0</load_address>
         <run_address>0x0</run_address>
         <size>0x0</size>
         <alignment>0x0</alignment>
         <input_file_ref idref="fl-28"/>
      </object_component>
      <object_component id="oc-f6">
         <name>.debug_types</name>
         <load_address>0x5c33</load_address>
         <run_address>0x5c33</run_address>
         <size>0x441</size>
         <alignment>0x0</alignment>
         <input_file_ref idref="fl-29"/>
      </object_component>
      <object_component id="oc-54">
         <name>.debug_types</name>
         <load_address>0x6074</load_address>
         <run_address>0x6074</run_address>
         <size>0x194</size>
         <alignment>0x0</alignment>
         <input_file_ref idref="fl-2b"/>
      </object_component>
      <object_component id="oc-4c">
         <name>.debug_types</name>
         <load_address>0x6208</load_address>
         <run_address>0x6208</run_address>
         <size>0x191</size>
         <alignment>0x0</alignment>
         <input_file_ref idref="fl-2c"/>
      </object_component>
      <object_component id="oc-eb">
         <name>.debug_types</name>
         <load_address>0x6399</load_address>
         <run_address>0x6399</run_address>
         <size>0x90</size>
         <alignment>0x0</alignment>
         <input_file_ref idref="fl-2d"/>
      </object_component>
      <object_component id="oc-150">
         <name>.debug_types</name>
         <load_address>0x6429</load_address>
         <run_address>0x6429</run_address>
         <size>0x2f</size>
         <alignment>0x0</alignment>
         <input_file_ref idref="fl-2e"/>
      </object_component>
      <object_component id="oc-e3">
         <name>.debug_types</name>
         <load_address>0x6458</load_address>
         <run_address>0x6458</run_address>
         <size>0xb6</size>
         <alignment>0x0</alignment>
         <input_file_ref idref="fl-2f"/>
      </object_component>
      <object_component id="oc-92">
         <name>.debug_types</name>
         <load_address>0x0</load_address>
         <run_address>0x0</run_address>
         <size>0x0</size>
         <alignment>0x0</alignment>
         <input_file_ref idref="fl-30"/>
      </object_component>
      <object_component id="oc-1f6">
         <name>.debug_types</name>
         <load_address>0x0</load_address>
         <run_address>0x0</run_address>
         <size>0x0</size>
         <alignment>0x0</alignment>
         <input_file_ref idref="fl-31"/>
      </object_component>
      <object_component id="oc-38d">
         <name>.debug_types</name>
         <load_address>0x0</load_address>
         <run_address>0x0</run_address>
         <size>0x0</size>
         <alignment>0x0</alignment>
         <input_file_ref idref="fl-32"/>
      </object_component>
      <object_component id="oc-3fb">
         <name>.debug_types</name>
         <load_address>0x650e</load_address>
         <run_address>0x650e</run_address>
         <size>0x929</size>
         <alignment>0x0</alignment>
         <input_file_ref idref="fl-33"/>
      </object_component>
      <object_component id="oc-155">
         <name>.debug_types</name>
         <load_address>0x0</load_address>
         <run_address>0x0</run_address>
         <size>0x0</size>
         <alignment>0x0</alignment>
         <input_file_ref idref="fl-38"/>
      </object_component>
      <object_component id="oc-467">
         <name>.debug_types</name>
         <load_address>0x6e37</load_address>
         <run_address>0x6e37</run_address>
         <size>0x61</size>
         <alignment>0x0</alignment>
         <input_file_ref idref="fl-39"/>
      </object_component>
      <object_component id="oc-42d">
         <name>.debug_types</name>
         <load_address>0x6e98</load_address>
         <run_address>0x6e98</run_address>
         <size>0x34</size>
         <alignment>0x0</alignment>
         <input_file_ref idref="fl-3a"/>
      </object_component>
      <object_component id="oc-457">
         <name>.debug_types</name>
         <load_address>0x0</load_address>
         <run_address>0x0</run_address>
         <size>0x0</size>
         <alignment>0x0</alignment>
         <input_file_ref idref="fl-3b"/>
      </object_component>
      <object_component id="oc-425">
         <name>.debug_types</name>
         <load_address>0x0</load_address>
         <run_address>0x0</run_address>
         <size>0x0</size>
         <alignment>0x0</alignment>
         <input_file_ref idref="fl-3c"/>
      </object_component>
      <object_component id="oc-473">
         <name>.debug_types</name>
         <load_address>0x0</load_address>
         <run_address>0x0</run_address>
         <size>0x0</size>
         <alignment>0x0</alignment>
         <input_file_ref idref="fl-3d"/>
      </object_component>
      <object_component id="oc-423">
         <name>.debug_types</name>
         <load_address>0x6ecc</load_address>
         <run_address>0x6ecc</run_address>
         <size>0x34</size>
         <alignment>0x0</alignment>
         <input_file_ref idref="fl-3e"/>
      </object_component>
      <object_component id="oc-435">
         <name>.debug_types</name>
         <load_address>0x0</load_address>
         <run_address>0x0</run_address>
         <size>0x0</size>
         <alignment>0x0</alignment>
         <input_file_ref idref="fl-3f"/>
      </object_component>
      <object_component id="oc-469">
         <name>.debug_types</name>
         <load_address>0x6f00</load_address>
         <run_address>0x6f00</run_address>
         <size>0x2f</size>
         <alignment>0x0</alignment>
         <input_file_ref idref="fl-40"/>
      </object_component>
      <object_component id="oc-471">
         <name>.debug_types</name>
         <load_address>0x0</load_address>
         <run_address>0x0</run_address>
         <size>0x0</size>
         <alignment>0x0</alignment>
         <input_file_ref idref="fl-41"/>
      </object_component>
      <object_component id="oc-432">
         <name>.debug_types</name>
         <load_address>0x6f2f</load_address>
         <run_address>0x6f2f</run_address>
         <size>0x160</size>
         <alignment>0x0</alignment>
         <input_file_ref idref="fl-42"/>
      </object_component>
      <object_component id="oc-47f">
         <name>.debug_types</name>
         <load_address>0x0</load_address>
         <run_address>0x0</run_address>
         <size>0x0</size>
         <alignment>0x0</alignment>
         <input_file_ref idref="fl-44"/>
      </object_component>
      <object_component id="oc-1c9">
         <name>.debug_info</name>
         <load_address>0x0</load_address>
         <run_address>0x0</run_address>
         <size>0x120</size>
         <alignment>0x0</alignment>
         <input_file_ref idref="fl-2"/>
      </object_component>
      <object_component id="oc-299">
         <name>.debug_info</name>
         <load_address>0x120</load_address>
         <run_address>0x120</run_address>
         <size>0x1aa</size>
         <alignment>0x0</alignment>
         <input_file_ref idref="fl-2"/>
      </object_component>
      <object_component id="oc-1cc">
         <name>.debug_info</name>
         <load_address>0x2ca</load_address>
         <run_address>0x2ca</run_address>
         <size>0x1f7</size>
         <alignment>0x0</alignment>
         <input_file_ref idref="fl-2"/>
      </object_component>
      <object_component id="oc-2e5">
         <name>.debug_info</name>
         <load_address>0x4c1</load_address>
         <run_address>0x4c1</run_address>
         <size>0x276</size>
         <alignment>0x0</alignment>
         <input_file_ref idref="fl-2"/>
      </object_component>
      <object_component id="oc-1d8">
         <name>.debug_info</name>
         <load_address>0x737</load_address>
         <run_address>0x737</run_address>
         <size>0x205</size>
         <alignment>0x0</alignment>
         <input_file_ref idref="fl-2"/>
      </object_component>
      <object_component id="oc-1de">
         <name>.debug_info</name>
         <load_address>0x93c</load_address>
         <run_address>0x93c</run_address>
         <size>0x1ce</size>
         <alignment>0x0</alignment>
         <input_file_ref idref="fl-2"/>
      </object_component>
      <object_component id="oc-2eb">
         <name>.debug_info</name>
         <load_address>0xb0a</load_address>
         <run_address>0xb0a</run_address>
         <size>0x1eb</size>
         <alignment>0x0</alignment>
         <input_file_ref idref="fl-2"/>
      </object_component>
      <object_component id="oc-2f1">
         <name>.debug_info</name>
         <load_address>0xcf5</load_address>
[...]
         <usage_details>
         </usage_details>
      </memory_area>
      <memory_area display="yes" color="green">
         <name>CANB_MSG_RAM</name>
         <page_id>0x0</page_id>
         <origin>0x4b000</origin>
         <length>0x800</length>
         <used_space>0x0</used_space>
         <unused_space>0x800</unused_space>
         <attributes>RWIX</attributes>
         <usage_details>
         </usage_details>
      </memory_area>
      <memory_area display="yes" color="green">
         <name>FLASH_BANK0</name>
         <page_id>0x0</page_id>
         <origin>0x80000</origin>
         <length>0x20000</length>
         <used_space>0x0</used_space>
         <unused_space>0x20000</unused_space>
         <attributes>RWIX</attributes>
         <usage_details>
         </usage_details>
      </memory_area>
      <memory_area display="yes" color="green">
         <name>FLASH_BANK1</name>
         <page_id>0x0</page_id>
         <origin>0xa0000</origin>
         <length>0x20000</length>
         <used_space>0x0</used_space>
         <unused_space>0x20000</unused_space>
         <attributes>RWIX</attributes>
         <usage_details>
         </usage_details>
      </memory_area>
      <memory_area display="yes" color="green">
         <name>FLASH_BANK2</name>
         <page_id>0x0</page_id>
         <origin>0xc0000</origin>
         <length>0x20000</length>
         <used_space>0x0</used_space>
         <unused_space>0x20000</unused_space>
         <attributes>RWIX</attributes>
         <usage_details>
         </usage_details>
      </memory_area>
      <memory_area display="yes" color="green">
         <name>FLASH_BANK3</name>
         <page_id>0x0</page_id>
         <origin>0xe0000</origin>
         <length>0x20000</length>
         <used_space>0x0</used_space>
         <unused_space>0x20000</unused_space>
         <attributes>RWIX</attributes>
         <usage_details>
         </usage_details>
      </memory_area>
      <memory_area display="yes" color="green">
         <name>FLASH_BANK4</name>
         <page_id>0x0</page_id>
         <origin>0x100000</origin>
         <length>0x20000</length>
         <used_space>0x0</used_space>
         <unused_space>0x20000</unused_space>
         <attributes>RWIX</attributes>
         <usage_details>
         </usage_details>
      </memory_area>
      <memory_area display="no" color="green">
         <name>RESET</name>
         <page_id>0x0</page_id>
         <origin>0x3fffc0</origin>
         <length>0x2</length>
         <used_space>0x0</used_space>
         <unused_space>0x2</unused_space>
         <attributes>RWIX</attributes>
         <usage_details>
         </usage_details>
      </memory_area>
   </placement_map>
   <cptbl_list>
      <cptbl>
         <name>__TI_cinit_table</name>
         <cprec>
            <name>.data</name>
            <load_address>0x1b6</load_address>
            <load_size>0x6</load_size>
            <run_address>0xa800</run_address>
            <run_size>0xb</run_size>
            <compression>lzss</compression>
         </cprec>
      </cptbl>
   </cptbl_list>
   <handler_table>
      <handler_table_name>__TI_handler_table</handler_table_name>
      <handler>
         <index>0x0</index>
         <name>__TI_decompress_lzss</name>
      </handler>
      <handler>
         <index>0x1</index>
         <name>__TI_decompress_none</name>
      </handler>
   </handler_table>
   <symbol_table>
      <symbol id="sm-1">
         <name>__TI_CINIT_Base</name>
         <value>0x1c0</value>
      </symbol>
      <symbol id="sm-2">
         <name>__TI_CINIT_Limit</name>
         <value>0x1c4</value>
      </symbol>
      <symbol id="sm-3">
         <name>__TI_CINIT_Warm</name>
         <value>0x1c4</value>
      </symbol>
      <symbol id="sm-4">
         <name>__TI_Handler_Table_Base</name>
         <value>0x1bc</value>
      </symbol>
      <symbol id="sm-5">
         <name>__TI_Handler_Table_Limit</name>
         <value>0x1c0</value>
      </symbol>
      <symbol id="sm-6">
         <name>__TI_STACK_SIZE</name>
         <value>0x3f8</value>
      </symbol>
      <symbol id="sm-7">
         <name>__TI_STACK_END</name>
         <value>0x7f8</value>
      </symbol>
      <symbol id="sm-8">
         <name>__c_args__</name>
         <value>0xffffffff</value>
      </symbol>
      <symbol id="sm-9">
         <name>__TI_pprof_out_hndl</name>
         <value>0xffffffff</value>
      </symbol>
      <symbol id="sm-a">
         <name>__TI_prof_data_start</name>
         <value>0xffffffff</value>
      </symbol>
      <symbol id="sm-b">
         <name>__TI_prof_data_size</name>
         <value>0xffffffff</value>
      </symbol>
      <symbol id="sm-a3">
         <name>ADCTest_Init</name>
         <value>0xd947</value>
         <object_component_ref idref="oc-11c"/>
      </symbol>
      <symbol id="sm-a4">
         <name>ADCTest_Run</name>
         <value>0xd4e6</value>
         <object_component_ref idref="oc-20c"/>
      </symbol>
      <symbol id="sm-df">
         <name>GPIOTest_RunOutput</name>
         <value>0xd8cc</value>
         <object_component_ref idref="oc-206"/>
      </symbol>
      <symbol id="sm-e0">
         <name>GPIOTest_RunInput</name>
         <value>0xdaf8</value>
         <object_component_ref idref="oc-200"/>
      </symbol>
      <symbol id="sm-110">
         <name>LEDTest_Run</name>
         <value>0xd8f5</value>
         <object_component_ref idref="oc-212"/>
      </symbol>
      <symbol id="sm-122">
         <name>main</name>
         <value>0xd75b</value>
         <object_component_ref idref="oc-dc"/>
      </symbol>
      <symbol id="sm-169">
         <name>SelfTest_RunAll</name>
         <value>0xd43f</value>
         <object_component_ref idref="oc-135"/>
      </symbol>
      <symbol id="sm-1eb">
         <name>UART_sendBegin</name>
         <value>0xdced</value>
         <object_component_ref idref="oc-1f7"/>
      </symbol>
      <symbol id="sm-1ec">
         <name>UART_sendOverallResult</name>
         <value>0xdb70</value>
         <object_component_ref idref="oc-224"/>
      </symbol>
      <symbol id="sm-1ed">
         <name>UART_sendReady</name>
         <value>0xe00c</value>
         <object_component_ref idref="oc-122"/>
      </symbol>
      <symbol id="sm-1ee">
         <name>UART_readLine</name>
         <value>0xd878</value>
         <object_component_ref idref="oc-128"/>
      </symbol>
      <symbol id="sm-1ef">
         <name>UART_sendTestResult</name>
         <value>0xd9bf</value>
         <object_component_ref idref="oc-21e"/>
      </symbol>
      <symbol id="sm-1f0">
         <name>UART_init</name>
         <value>0xd67d</value>
         <object_component_ref idref="oc-116"/>
      </symbol>
      <symbol id="sm-1f1">
         <name>UART_sendString</name>
         <value>0xde7c</value>
         <object_component_ref idref="oc-1e7"/>
      </symbol>
      <symbol id="sm-1f2">
         <name>UART_sendPong</name>
         <value>0xe007</value>
         <object_component_ref idref="oc-13b"/>
      </symbol>
      <symbol id="sm-242">
         <name>Device_enableAllPeripherals</name>
         <value>0xcbde</value>
         <object_component_ref idref="oc-186"/>
      </symbol>
      <symbol id="sm-243">
         <name>Device_initGPIO</name>
         <value>0xda78</value>
         <object_component_ref idref="oc-10a"/>
      </symbol>
      <symbol id="sm-244">
         <name>Device_init</name>
         <value>0xd727</value>
         <object_component_ref idref="oc-104"/>
      </symbol>
      <symbol id="sm-245">
         <name>__error__</name>
         <value>0xdff6</value>
         <object_component_ref idref="oc-174"/>
      </symbol>
      <symbol id="sm-254">
         <name>code_start</name>
         <value>0x0</value>
         <object_component_ref idref="oc-27"/>
      </symbol>
      <symbol id="sm-291">
         <name>ADC_setOffsetTrim</name>
         <value>0xdfcf</value>
         <object_component_ref idref="oc-2ad"/>
      </symbol>
      <symbol id="sm-292">
         <name>ADC_setMode</name>
         <value>0xdbc9</value>
         <object_component_ref idref="oc-1d1"/>
      </symbol>
      <symbol id="sm-293">
         <name>ADC_setINLTrim</name>
         <value>0xd2cb</value>
         <object_component_ref idref="oc-2a7"/>
      </symbol>
      <symbol id="sm-2cf">
         <name>GPIO_setQualificationMode</name>
         <value>0xd6f0</value>
         <object_component_ref idref="oc-1ae"/>
      </symbol>
      <symbol id="sm-2d0">
         <name>GPIO_setPadConfig</name>
         <value>0xd494</value>
         <object_component_ref idref="oc-1a8"/>
      </symbol>
      <symbol id="sm-2d1">
         <name>GPIO_setDirectionMode</name>
         <value>0xd78d</value>
         <object_component_ref idref="oc-1a2"/>
      </symbol>
      <symbol id="sm-2d2">
         <name>GPIO_setPinConfig</name>
         <value>0xd6b9</value>
         <object_component_ref idref="oc-19c"/>
      </symbol>
      <symbol id="sm-30c">
         <name>Interrupt_defaultHandler</name>
         <value>0xdde8</value>
         <object_component_ref idref="oc-2c"/>
      </symbol>
      <symbol id="sm-30d">
         <name>Interrupt_initModule</name>
         <value>0xd640</value>
         <object_component_ref idref="oc-110"/>
      </symbol>
      <symbol id="sm-30e">
         <name>Interrupt_nmiHandler</name>
         <value>0xdfb2</value>
         <object_component_ref idref="oc-44"/>
      </symbol>
      <symbol id="sm-30f">
         <name>Interrupt_initVectorTable</name>
         <value>0xdb52</value>
         <object_component_ref idref="oc-2d"/>
      </symbol>
      <symbol id="sm-310">
         <name>Interrupt_illegalOperationHandler</name>
         <value>0xdfa8</value>
         <object_component_ref idref="oc-3e"/>
      </symbol>
      <symbol id="sm-434">
         <name>SysCtl_isPLLValid</name>
         <value>0xcea4</value>
         <object_component_ref idref="oc-251"/>
      </symbol>
      <symbol id="sm-435">
         <name>SysCtl_delay</name>
         <value>0x1b1</value>
         <object_component_ref idref="oc-1e3"/>
      </symbol>
      <symbol id="sm-436">
         <name>SysCtl_selectXTALSingleEnded</name>
         <value>0xda2f</value>
         <object_component_ref idref="oc-320"/>
      </symbol>
      <symbol id="sm-437">
         <name>SysCtl_selectXTAL</name>
         <value>0xd5ba</value>
         <object_component_ref idref="oc-31a"/>
      </symbol>
      <symbol id="sm-438">
         <name>SysCtl_selectOscSource</name>
         <value>0xd52d</value>
         <object_component_ref idref="oc-245"/>
      </symbol>
      <symbol id="sm-439">
         <name>SysCtl_getLowSpeedClock</name>
         <value>0xdc88</value>
         <object_component_ref idref="oc-17a"/>
      </symbol>
      <symbol id="sm-43a">
         <name>SysCtl_setClock</name>
         <value>0xcd7e</value>
         <object_component_ref idref="oc-161"/>
      </symbol>
      <symbol id="sm-43b">
         <name>SysCtl_getClock</name>
         <value>0xd266</value>
         <object_component_ref idref="oc-16d"/>
      </symbol>
      <symbol id="sm-46d">
         <name>UART_setConfig</name>
         <value>0xd32f</value>
         <object_component_ref idref="oc-1b4"/>
      </symbol>
      <symbol id="sm-482">
         <name>snprintf</name>
         <value>0xd38c</value>
         <object_component_ref idref="oc-2cb"/>
      </symbol>
      <symbol id="sm-48c">
         <name>_c_int00</name>
         <value>0xdcd4</value>
         <object_component_ref idref="oc-7f"/>
      </symbol>
      <symbol id="sm-48d">
         <name>__stack</name>
         <value>0x400</value>
         <object_component_ref idref="oc-4a"/>
      </symbol>
      <symbol id="sm-49a">
         <name>__c28xabi_divf</name>
         <value>0xd16b</value>
         <object_component_ref idref="oc-328"/>
      </symbol>
      <symbol id="sm-4ac">
         <name>memcpy</name>
         <value>0xda9c</value>
         <object_component_ref idref="oc-4d"/>
      </symbol>
      <symbol id="sm-4b9">
         <name>_system_pre_init</name>
         <value>0xdffd</value>
         <object_component_ref idref="oc-93"/>
      </symbol>
      <symbol id="sm-4c8">
         <name>__TI_auto_init_nobinit_nopinit</name>
         <value>0xd84d</value>
         <object_component_ref idref="oc-ac"/>
      </symbol>
      <symbol id="sm-4d6">
         <name>__TI_decompress_none</name>
         <value>0xdfd7</value>
         <object_component_ref idref="oc-20"/>
      </symbol>
      <symbol id="sm-4ea">
         <name>__TI_decompress_lzss</name>
         <value>0xd81f</value>
         <object_component_ref idref="oc-1a"/>
      </symbol>
      <symbol id="sm-500">
         <name>C$$EXIT</name>
         <value>0xd91e</value>
         <object_component_ref idref="oc-a0"/>
      </symbol>
      <symbol id="sm-501">
         <name>abort</name>
         <value>0xd91e</value>
         <object_component_ref idref="oc-a0"/>
      </symbol>
      <symbol id="sm-502">
         <name>exit</name>
         <value>0xd920</value>
         <object_component_ref idref="oc-a0"/>
      </symbol>
      <symbol id="sm-503">
         <name>__TI_dtors_ptr</name>
         <value>0xa804</value>
         <object_component_ref idref="oc-e4"/>
      </symbol>
      <symbol id="sm-504">
         <name>__TI_cleanup_ptr</name>
         <value>0xa802</value>
         <object_component_ref idref="oc-e4"/>
      </symbol>
      <symbol id="sm-505">
         <name>__TI_enable_exit_profile_output</name>
         <value>0xa800</value>
         <object_component_ref idref="oc-e4"/>
      </symbol>
      <symbol id="sm-51c">
         <name>_nop</name>
         <value>0xdfce</value>
         <object_component_ref idref="oc-148"/>
      </symbol>
      <symbol id="sm-51d">
         <name>_lock</name>
         <value>0xa806</value>
         <object_component_ref idref="oc-e7"/>
      </symbol>
      <symbol id="sm-51e">
         <name>_unlock</name>
         <value>0xa808</value>
         <object_component_ref idref="oc-230"/>
      </symbol>
      <symbol id="sm-51f">
         <name>_register_lock</name>
         <value>0xdfca</value>
         <object_component_ref idref="oc-148"/>
      </symbol>
      <symbol id="sm-520">
         <name>_register_unlock</name>
         <value>0xdfc6</value>
         <object_component_ref idref="oc-148"/>
      </symbol>
      <symbol id="sm-52f">
         <name>_args_main</name>
         <value>0xdf30</value>
         <object_component_ref idref="oc-9a"/>
      </symbol>
      <symbol id="sm-53e">
         <name>memset</name>
         <value>0xe000</value>
         <object_component_ref idref="oc-78"/>
      </symbol>
      <symbol id="sm-54d">
         <name>strcmp</name>
         <value>0xdfbc</value>
         <object_component_ref idref="oc-12f"/>
      </symbol>
      <symbol id="sm-55b">
         <name>strlen</name>
         <value>0xdfe7</value>
         <object_component_ref idref="oc-2ba"/>
      </symbol>
      <symbol id="sm-6b1">
         <name>__TI_printfi</name>
         <value>0xc489</value>
         <object_component_ref idref="oc-3df"/>
      </symbol>
      <symbol id="sm-6b9">
         <name>__c28xabi_orll</name>
         <value>0xdd0d</value>
         <object_component_ref idref="oc-40c"/>
      </symbol>
      <symbol id="sm-6ba">
         <name>__c28xabi_xorll</name>
         <value>0xdd15</value>
         <object_component_ref idref="oc-40c"/>
      </symbol>
      <symbol id="sm-6bb">
         <name>__c28xabi_andll</name>
         <value>0xdd05</value>
         <object_component_ref idref="oc-40c"/>
      </symbol>
      <symbol id="sm-6c5">
         <name>__c28xabi_cmpll</name>
         <value>0xdb8e</value>
         <object_component_ref idref="oc-402"/>
      </symbol>
      <symbol id="sm-6c6">
         <name>__c28xabi_cmpull</name>
         <value>0xdba0</value>
         <object_component_ref idref="oc-402"/>
      </symbol>
      <symbol id="sm-6ed">
         <name>__c28xabi_modull</name>
         <value>0xd069</value>
         <object_component_ref idref="oc-407"/>
      </symbol>
      <symbol id="sm-6ee">
         <name>__c28xabi_divull</name>
         <value>0xd03a</value>
         <object_component_ref idref="oc-407"/>
      </symbol>
      <symbol id="sm-6ef">
         <name>__c28xabi_divll</name>
         <value>0xcfc4</value>
         <object_component_ref idref="oc-407"/>
      </symbol>
      <symbol id="sm-6f0">
         <name>__c28xabi_modll</name>
         <value>0xd000</value>
         <object_component_ref idref="oc-407"/>
      </symbol>
      <symbol id="sm-6fe">
         <name>_system_post_cinit</name>
         <value>0xdfff</value>
         <object_component_ref idref="oc-ef"/>
      </symbol>
      <symbol id="sm-70d">
         <name>__TI_ltoa</name>
         <value>0xd7ef</value>
         <object_component_ref idref="oc-436"/>
      </symbol>
      <symbol id="sm-722">
         <name>atoi</name>
         <value>0xd7be</value>
         <object_component_ref idref="oc-3fc"/>
      </symbol>
      <symbol id="sm-72d">
         <name>_ctypes_</name>
         <value>0x21c</value>
         <object_component_ref idref="oc-429"/>
      </symbol>
      <symbol id="sm-73d">
         <name>memccpy</name>
         <value>0xdf42</value>
         <object_component_ref idref="oc-3f4"/>
      </symbol>
      <symbol id="sm-74d">
         <name>strchr</name>
         <value>0xdf7b</value>
         <object_component_ref idref="oc-448"/>
      </symbol>
      <symbol id="sm-75b">
         <name>strcpy</name>
         <value>0xe011</value>
         <object_component_ref idref="oc-3ee"/>
      </symbol>
      <symbol id="sm-766">
         <name>errno</name>
         <value>0xa80a</value>
         <object_component_ref idref="oc-417"/>
      </symbol>
      <symbol id="sm-775">
         <name>frexpl</name>
         <value>0xd3e6</value>
         <object_component_ref idref="oc-43c"/>
      </symbol>
      <symbol id="sm-776">
         <name>frexp</name>
         <value>0xd3e6</value>
         <object_component_ref idref="oc-43c"/>
      </symbol>
      <symbol id="sm-78a">
         <name>scalbn</name>
         <value>0xd0cb</value>
         <object_component_ref idref="oc-442"/>
      </symbol>
      <symbol id="sm-78b">
         <name>scalbnl</name>
         <value>0xd0cb</value>
         <object_component_ref idref="oc-442"/>
      </symbol>
      <symbol id="sm-78c">
         <name>ldexpl</name>
         <value>0xd0cb</value>
         <object_component_ref idref="oc-442"/>
      </symbol>
      <symbol id="sm-78d">
         <name>ldexp</name>
         <value>0xd0cb</value>
         <object_component_ref idref="oc-442"/>
      </symbol>
      <symbol id="sm-79c">
         <name>wcslen</name>
         <value>0xdf9d</value>
         <object_component_ref idref="oc-411"/>
      </symbol>
      <symbol id="sm-7a4">
         <name>__c28xabi_divul</name>
         <value>0xd8bf</value>
         <object_component_ref idref="oc-461"/>
      </symbol>
      <symbol id="sm-7a5">
         <name>__c28xabi_modul</name>
         <value>0xd8c6</value>
         <object_component_ref idref="oc-461"/>
      </symbol>
      <symbol id="sm-7a6">
         <name>__c28xabi_modl</name>
         <value>0xd8b1</value>
         <object_component_ref idref="oc-461"/>
      </symbol>
      <symbol id="sm-7a7">
         <name>__c28xabi_divl</name>
         <value>0xd8a2</value>
         <object_component_ref idref="oc-461"/>
      </symbol>
      <symbol id="sm-7b4">
         <name>copysign</name>
         <value>0xd997</value>
         <object_component_ref idref="oc-46a"/>
      </symbol>
      <symbol id="sm-7b5">
         <name>copysignl</name>
         <value>0xd997</value>
         <object_component_ref idref="oc-46a"/>
      </symbol>
   </symbol_table>
   <title>Link errors: red sections failed placement,available memory ranges in purple</title>
</link_info>
