******************************************************************************
             TMS320C2000 Linker Unix v25.11.0                  
******************************************************************************
>> Linked Wed Aug  5 08:42:12 2026

OUTPUT FILE NAME:   <Driverlib Empty CPU1 Example CCS Project.out>
ENTRY POINT SYMBOL: "code_start"  address: 00000000


MEMORY CONFIGURATION

         name            origin    length      used     unused   attr    fill
----------------------  --------  ---------  --------  --------  ----  --------
  BEGIN                 00000000   00000002  00000002  00000000  RWIX
  BOOT_RSVD             00000002   000001af  00000000  000001af  RWIX
  RAMM0                 000001b1   0000024f  00000012  0000023d  RWIX
  RAMM1                 00000400   00000400  000003f8  00000008  RWIX
  CLATOCPURAM           00001480   00000080  00000000  00000080  RWIX
  CPUTOCLARAM           00001500   00000080  00000000  00000080  RWIX
  CLATODMARAM           00001680   00000080  00000000  00000080  RWIX
  DMATOCLARAM           00001700   00000080  00000000  00000080  RWIX
  RAMLS0                00008000   00000800  00000000  00000800  RWIX
  RAMLS1                00008800   00000800  00000000  00000800  RWIX
  RAMLS2                00009000   00000800  00000000  00000800  RWIX
  RAMLS3                00009800   00000800  00000000  00000800  RWIX
  RAMLS4                0000a000   00000800  00000000  00000800  RWIX
  RAMLS5                0000a800   00000800  0000000b  000007f5  RWIX
  RAMLS6                0000b000   00000800  00000000  00000800  RWIX
  RAMLS7                0000b800   00000800  00000000  00000800  RWIX
  RAMD0                 0000c000   00002000  00002000  00000000  RWIX
  RAMD1                 0000e000   00002000  0000001a  00001fe6  RWIX
  RAMGS0                00010000   00002000  00000000  00002000  RWIX
  RAMGS1                00012000   00002000  00000000  00002000  RWIX
  RAMGS2                00014000   00002000  00000000  00002000  RWIX
  RAMGS3                00016000   00002000  00000000  00002000  RWIX
  RAMGS4                00018000   00002000  00000000  00002000  RWIX
  RAMD2                 0001a000   00002000  00000000  00002000  RWIX
  RAMD3                 0001c000   00002000  00000000  00002000  RWIX
  RAMD4                 0001e000   00002000  00000000  00002000  RWIX
  RAMD5                 00020000   00002000  00000000  00002000  RWIX
  RAMLS8                00022000   00002000  00000000  00002000  RWIX
  RAMLS9                00024000   00002000  00000000  00002000  RWIX
  CPU1TOCPU2RAM         0003a000   00000400  00000000  00000400  RWIX
  CPU2TOCPU1RAM         0003b000   00000400  00000000  00000400  RWIX
  CANA_MSG_RAM          00049000   00000800  00000000  00000800  RWIX
  CANB_MSG_RAM          0004b000   00000800  00000000  00000800  RWIX
  FLASH_BANK0           00080000   00020000  00000000  00020000  RWIX
  FLASH_BANK1           000a0000   00020000  00000000  00020000  RWIX
  FLASH_BANK2           000c0000   00020000  00000000  00020000  RWIX
  FLASH_BANK3           000e0000   00020000  00000000  00020000  RWIX
  FLASH_BANK4           00100000   00020000  00000000  00020000  RWIX
  RESET                 003fffc0   00000002  00000000  00000002  RWIX


SECTION ALLOCATION MAP

 output                                  attributes/
section   page    origin      length       input sections
--------  ----  ----------  ----------   ----------------
codestart 
*          0    00000000    00000002     
                  00000000    00000002     f28p65x_codestartbranch.obj (codestart)

.cinit     0    000001b6    0000000e     
                  000001b6    00000006     (.cinit..data.load) [load image, compression = lzss]
                  000001bc    00000004     (__TI_handler_table)
                  000001c0    00000004     (__TI_cinit_table)

.reset     0    003fffc0    00000000     DSECT

.stack     0    00000400    000003f8     UNINITIALIZED
                  00000400    000003f8     --HOLE--

.init_array 
*          0    000001b1    00000000     UNINITIALIZED

.const     0    00000000    00000807     FAILED TO ALLOCATE
.data      0    0000a800    0000000b     UNINITIALIZED
                  0000a800    00000006     rts2800_fpu64_eabi.lib : exit.c.obj (.data)
                  0000a806    00000002                            : _lock.c.obj (.data:_lock)
                  0000a808    00000002                            : _lock.c.obj (.data:_unlock)
                  0000a80a    00000001                            : errno.c.obj (.data)

.TI.ramfunc 
*          0    000001b1    00000004     
                  000001b1    00000004     driverlib.lib : sysctl.obj (.TI.ramfunc)

.text.1    0    0000c000    00002000     
                  0000c000    0000060e     rts2800_fpu64_eabi.lib : _printfi.c.obj (.text:__TI_printfi)
                  0000c60e    000005d0                            : _printfi.c.obj (.text)
                  0000cbde    000001a0     device.obj (.text:Device_enableAllPeripherals)
                  0000cd7e    00000126     driverlib.lib : sysctl.obj (.text:SysCtl_setClock)
                  0000cea4    00000120                   : sysctl.obj (.text:SysCtl_isPLLValid)
                  0000cfc4    00000107     rts2800_fpu64_eabi.lib : ll_div28.asm.obj (.text)
                  0000d0cb    000000a0                            : s_scalbn.c.obj (.text)
                  0000d16b    00000088                            : fs_div28.asm.obj (.text)
                  0000d1f3    00000073     driverlib.lib : sysctl.obj (.text:DCC_setCounterSeeds)
                  0000d266    00000065                   : sysctl.obj (.text:SysCtl_getClock)
                  0000d2cb    00000064                   : adc.obj (.text:ADC_setINLTrim)
                  0000d32f    0000005d                   : uart.obj (.text:UART_setConfig)
                  0000d38c    0000005a     rts2800_fpu64_eabi.lib : snprintf.c.obj (.text)
                  0000d3e6    00000059                            : s_frexp.c.obj (.text)
                  0000d43f    00000055     self_test.obj (.text:SelfTest_RunAll)
                  0000d494    00000052     driverlib.lib : gpio.obj (.text:GPIO_setPadConfig)
                  0000d4e6    00000047     adc_test.obj (.text:ADCTest_Run)
                  0000d52d    00000047     driverlib.lib : sysctl.obj (.text:SysCtl_selectOscSource)
                  0000d574    00000046     adc_test.obj (.text:ADC_setupSOC)
                  0000d5ba    00000046     driverlib.lib : sysctl.obj (.text:SysCtl_selectXTAL)
                  0000d600    00000040                   : sysctl.obj (.text:SysCtl_pollX1Counter)
                  0000d640    0000003d                   : interrupt.obj (.text:Interrupt_initModule)
                  0000d67d    0000003c     uart_comm.obj (.text:UART_init)
                  0000d6b9    00000037     driverlib.lib : gpio.obj (.text:GPIO_setPinConfig)
                  0000d6f0    00000037                   : gpio.obj (.text:GPIO_setQualificationMode)
                  0000d727    00000034     device.obj (.text:Device_init)
                  0000d75b    00000032     main.obj (.text:main)
                  0000d78d    00000031     driverlib.lib : gpio.obj (.text:GPIO_setDirectionMode)
                  0000d7be    00000031     rts2800_fpu64_eabi.lib : atoi.c.obj (.text)
                  0000d7ef    00000030                            : _ltoa.c.obj (.text)
                  0000d81f    0000002e                            : copy_decompress_lzss.c.obj (.text:decompress:lzss)
                  0000d84d    0000002b                            : autoinit.c.obj (.text:__TI_auto_init_nobinit_nopinit)
                  0000d878    0000002a     uart_comm.obj (.text:UART_readLine)
                  0000d8a2    0000002a     rts2800_fpu64_eabi.lib : l_div28.asm.obj (.text)
                  0000d8cc    00000029     gpio_test.obj (.text:GPIOTest_RunOutput)
                  0000d8f5    00000029     led_test.obj (.text:LEDTest_Run)
                  0000d91e    00000029     rts2800_fpu64_eabi.lib : exit.c.obj (.text)
                  0000d947    00000028     adc_test.obj (.text:ADCTest_Init)
                  0000d96f    00000028     driverlib.lib : uart.obj (.text:UART_disableModule)
                  0000d997    00000028     rts2800_fpu64_eabi.lib : s_copysign.c.obj (.text)
                  0000d9bf    00000026     uart_comm.obj (.text:UART_sendTestResult)
                  0000d9e5    00000025     gpio_test.obj (.text:GPIO_writePin)
                  0000da0a    00000025     led_test.obj (.text:GPIO_writePin)
                  0000da2f    00000025     driverlib.lib : sysctl.obj (.text:SysCtl_selectXTALSingleEnded)
                  0000da54    00000024                   : sysctl.obj (.text:DCC_enableSingleShotMode)
                  0000da78    00000024     device.obj (.text:Device_initGPIO)
                  0000da9c    00000020     rts2800_fpu64_eabi.lib : memcpy.c.obj (.text)
                  0000dabc    0000001e     driverlib.lib : sysctl.obj (.text:DCC_setCounter0ClkSource)
                  0000dada    0000001e                   : sysctl.obj (.text:DCC_setCounter1ClkSource)
                  0000daf8    0000001e     gpio_test.obj (.text:GPIOTest_RunInput)
                  0000db16    0000001e     gpio_test.obj (.text:GPIO_readPin)
                  0000db34    0000001e     led_test.obj (.text:GPIO_readPin)
                  0000db52    0000001e     driverlib.lib : interrupt.obj (.text:Interrupt_initVectorTable)
                  0000db70    0000001e     uart_comm.obj (.text:UART_sendOverallResult)
                  0000db8e    0000001e     rts2800_fpu64_eabi.lib : ll_cmp28.asm.obj (.text)
                  0000dbac    0000001d     adc_test.obj (.text:ADC_getInterruptStatus)
                  0000dbc9    0000001d     driverlib.lib : adc.obj (.text:ADC_setMode)
                  0000dbe6    0000001d     self_test.obj (.text:TypeToString)
                  0000dc03    0000001b     driverlib.lib : uart.obj (.text:UART_enableModule)
                  0000dc1e    0000001b     uart_comm.obj (.text:UART_enableModule)
                  0000dc39    0000001b     uart_comm.obj (.text:UART_writeChar)
                  0000dc54    0000001a     adc_test.obj (.text:ADC_readResult)
                  0000dc6e    0000001a     driverlib.lib : sysctl.obj (.text:DCC_isBaseValid)
                  0000dc88    0000001a                   : sysctl.obj (.text:SysCtl_getLowSpeedClock)
                  0000dca2    00000019                   : sysctl.obj (.text:SysCtl_setPLLSysClk)
                  0000dcbb    00000019     uart_comm.obj (.text:UART_readChar)
                  0000dcd4    00000019     rts2800_fpu64_eabi.lib : boot28.asm.obj (.text)
                  0000dced    00000018     uart_comm.obj (.text:UART_sendBegin)
                  0000dd05    00000018     rts2800_fpu64_eabi.lib : ll_aox28.asm.obj (.text)
                  0000dd1d    00000017     adc_test.obj (.text:ADC_forceSOC)
                  0000dd34    00000017     adc_test.obj (.text:ADC_isBaseValid)
                  0000dd4b    00000017     driverlib.lib : adc.obj (.text:ADC_isBaseValid)
                  0000dd62    00000017     device.obj (.text:SysCtl_enablePeripheral)
                  0000dd79    00000017     driverlib.lib : sysctl.obj (.text:SysCtl_enablePeripheral)
                  0000dd90    00000016                   : adc.obj (.text:ADC_selectOffsetTrimMode)
                  0000dda6    00000016     adc_test.obj (.text:ADC_setInterruptPulseMode)
                  0000ddbc    00000016     adc_test.obj (.text:ADC_setPrescaler)
                  0000ddd2    00000016     driverlib.lib : sysctl.obj (.text:DCC_disableDoneSignal)
                  0000dde8    00000016                   : interrupt.obj (.text:Interrupt_defaultHandler)
                  0000ddfe    00000015                   : sysctl.obj (.text:DCC_clearDoneFlag)
                  0000de13    00000015                   : sysctl.obj (.text:DCC_clearErrorFlag)
                  0000de28    00000015                   : sysctl.obj (.text:DCC_disableErrorSignal)
                  0000de3d    00000015     device.obj (.text:GPIO_unlockPortConfig)
                  0000de52    00000015     driverlib.lib : uart.obj (.text:UART_isBaseValid)
                  0000de67    00000015     uart_comm.obj (.text:UART_isBaseValid)
                  0000de7c    00000015     uart_comm.obj (.text:UART_sendString)
                  0000de91    00000014     adc_test.obj (.text:ADC_clearInterruptStatus)
                  0000dea5    00000014     driverlib.lib : sysctl.obj (.text:DCC_disableModule)
                  0000deb9    00000014                   : sysctl.obj (.text:DCC_enableModule)
                  0000decd    00000014                   : gpio.obj (.text:GPIO_isPinValid)
                  0000dee1    00000014     gpio_test.obj (.text:GPIO_isPinValid)
                  0000def5    00000014     led_test.obj (.text:GPIO_isPinValid)
                  0000df09    00000014     uart_comm.obj (.text:UART_enableFIFO)
                  0000df1d    00000013     adc_test.obj (.text:ADC_enableConverter)
                  0000df30    00000012     rts2800_fpu64_eabi.lib : args_main.c.obj (.text)
                  0000df42    00000010                            : memccpy.c.obj (.text)
                  0000df52    0000000f     driverlib.lib : ipc.obj (.text:Interrupt_unregister)
                  0000df61    0000000d                   : interrupt.obj (.text:Interrupt_disableGlobal)
                  0000df6e    0000000d     device.obj (.text:SysCtl_setLowSpeedClock)
                  0000df7b    0000000c     rts2800_fpu64_eabi.lib : strchr.c.obj (.text)
                  0000df87    0000000b     device.obj (.text:SysCtl_disableWatchdog)
                  0000df92    0000000b     driverlib.lib : sysctl.obj (.text:SysCtl_isMCDClockFailureDetected)
                  0000df9d    0000000b     rts2800_fpu64_eabi.lib : wcslen.c.obj (.text)
                  0000dfa8    0000000a     driverlib.lib : interrupt.obj (.text:Interrupt_illegalOperationHandler)
                  0000dfb2    0000000a                   : interrupt.obj (.text:Interrupt_nmiHandler)
                  0000dfbc    0000000a     rts2800_fpu64_eabi.lib : strcmp.c.obj (.text)
                  0000dfc6    00000009                            : _lock.c.obj (.text)
                  0000dfcf    00000008     driverlib.lib : adc.obj (.text:ADC_setOffsetTrim)
                  0000dfd7    00000008     rts2800_fpu64_eabi.lib : copy_decompress_none.c.obj (.text:decompress:none)
                  0000dfdf    00000008     f28p65x_codestartbranch.obj (.text)
                  0000dfe7    00000008     rts2800_fpu64_eabi.lib : strlen.c.obj (.text)
                  0000dfef    00000007     driverlib.lib : sysctl.obj (.text:SysCtl_resetMCD)
                  0000dff6    00000007     device.obj (.text:__error__)
                  0000dffd    00000002     rts2800_fpu64_eabi.lib : pre_init.c.obj (.text)
                  0000dfff    00000001                            : startup.c.obj (.text)

.text.2    0    0000e000    0000001a     
                  0000e000    00000007     rts2800_fpu64_eabi.lib : memset.c.obj (.text)
                  0000e007    00000005     uart_comm.obj (.text:UART_sendPong)
                  0000e00c    00000005     uart_comm.obj (.text:UART_sendReady)
                  0000e011    00000005     rts2800_fpu64_eabi.lib : strcpy.c.obj (.text)
                  0000e016    00000004     device.obj (.text:SysCtl_deviceCal)

MODULE SUMMARY

       Module                        code   ro data   rw data
       ------                        ----   -------   -------
    ./
       adc_test.obj                  365    0         0      
       uart_comm.obj                 345    0         0      
       gpio_test.obj                 158    0         0      
       led_test.obj                  128    0         0      
       self_test.obj                 114    0         0      
       main.obj                      50     0         0      
    +--+-----------------------------+------+---------+---------+
       Total:                        1160   0         0      
                                                             
    ./device/
       device.obj                    583    0         0      
       f28p65x_codestartbranch.obj   10     0         0      
    +--+-----------------------------+------+---------+---------+
       Total:                        593    0         0      
                                                             
    /Applications/ti/ccs2051/ccs/tools/compiler/ti-cgt-c2000_25.11.0.LTS/lib/rts2800_fpu64_eabi.lib
       _printfi.c.obj                3038   0         0      
       ll_div28.asm.obj              263    0         0      
       s_scalbn.c.obj                160    0         0      
       fs_div28.asm.obj              136    0         0      
       snprintf.c.obj                90     0         0      
       s_frexp.c.obj                 89     0         0      
       atoi.c.obj                    49     0         0      
       _ltoa.c.obj                   48     0         0      
       exit.c.obj                    41     0         6      
       copy_decompress_lzss.c.obj    46     0         0      
       autoinit.c.obj                43     0         0      
       l_div28.asm.obj               42     0         0      
       s_copysign.c.obj              40     0         0      
       memcpy.c.obj                  32     0         0      
       ll_cmp28.asm.obj              30     0         0      
       boot28.asm.obj                25     0         0      
       ll_aox28.asm.obj              24     0         0      
       args_main.c.obj               18     0         0      
       memccpy.c.obj                 16     0         0      
       _lock.c.obj                   9      0         4      
       strchr.c.obj                  12     0         0      
       wcslen.c.obj                  11     0         0      
       strcmp.c.obj                  10     0         0      
       copy_decompress_none.c.obj    8      0         0      
       strlen.c.obj                  8      0         0      
       memset.c.obj                  7      0         0      
       strcpy.c.obj                  5      0         0      
       pre_init.c.obj                2      0         0      
       errno.c.obj                   0      0         1      
       startup.c.obj                 1      0         0      
    +--+-----------------------------+------+---------+---------+
       Total:                        4303   0         11     
                                                             
    /Users/vaibhavchavan/ti/C2000Ware_26_01_00_00/driverlib/f28p65x/driverlib/ccs/Debug/driverlib.lib
       sysctl.obj                    1383   0         0      
       gpio.obj                      261    0         0      
       adc.obj                       182    0         0      
       uart.obj                      181    0         0      
       interrupt.obj                 146    0         0      
       ipc.obj                       15     0         0      
    +--+-----------------------------+------+---------+---------+
       Total:                        2168   0         0      
                                                             
       Stack:                        0      0         1016   
       Linker Generated:             0      14        0      
    +--+-----------------------------+------+---------+---------+
       Grand Total:                  8224   14        1027   


LINKER GENERATED COPY TABLES

__TI_cinit_table @ 000001c0 records: 1, size/record: 4, table size: 4
	.data: load addr=000001b6, load size=00000006 bytes, run addr=0000a800, run size=0000000b bytes, compression=lzss


LINKER GENERATED HANDLER TABLE

__TI_handler_table @ 000001bc records: 2, size/record: 2, table size: 4
	index: 0, handler: __TI_decompress_lzss
	index: 1, handler: __TI_decompress_none


GLOBAL DATA SYMBOLS: SORTED BY DATA PAGE

address     data page           name
--------    ----------------    ----
0000021c       8 (00000200)     _ctypes_

00000400      10 (00000400)     __stack

0000a800     2a0 (0000a800)     __TI_enable_exit_profile_output
0000a802     2a0 (0000a800)     __TI_cleanup_ptr
0000a804     2a0 (0000a800)     __TI_dtors_ptr
0000a806     2a0 (0000a800)     _lock
0000a808     2a0 (0000a800)     _unlock
0000a80a     2a0 (0000a800)     errno


GLOBAL SYMBOLS: SORTED ALPHABETICALLY BY Name 

page  address   name                             
----  -------   ----                             
0     0000d947  ADCTest_Init                     
0     0000d4e6  ADCTest_Run                      
0     0000d2cb  ADC_setINLTrim                   
0     0000dbc9  ADC_setMode                      
0     0000dfcf  ADC_setOffsetTrim                
0     0000d91e  C$$EXIT                          
0     0000cbde  Device_enableAllPeripherals      
0     0000d727  Device_init                      
0     0000da78  Device_initGPIO                  
0     0000daf8  GPIOTest_RunInput                
0     0000d8cc  GPIOTest_RunOutput               
0     0000d78d  GPIO_setDirectionMode            
0     0000d494  GPIO_setPadConfig                
0     0000d6b9  GPIO_setPinConfig                
0     0000d6f0  GPIO_setQualificationMode        
0     0000dde8  Interrupt_defaultHandler         
0     0000dfa8  Interrupt_illegalOperationHandler
0     0000d640  Interrupt_initModule             
0     0000db52  Interrupt_initVectorTable        
0     0000dfb2  Interrupt_nmiHandler             
0     0000d8f5  LEDTest_Run                      
0     0000d43f  SelfTest_RunAll                  
0     000001b1  SysCtl_delay                     
0     0000d266  SysCtl_getClock                  
0     0000dc88  SysCtl_getLowSpeedClock          
0     0000cea4  SysCtl_isPLLValid                
0     0000d52d  SysCtl_selectOscSource           
0     0000d5ba  SysCtl_selectXTAL                
0     0000da2f  SysCtl_selectXTALSingleEnded     
0     0000cd7e  SysCtl_setClock                  
0     0000d67d  UART_init                        
0     0000d878  UART_readLine                    
0     0000dced  UART_sendBegin                   
0     0000db70  UART_sendOverallResult           
0     0000e007  UART_sendPong                    
0     0000e00c  UART_sendReady                   
0     0000de7c  UART_sendString                  
0     0000d9bf  UART_sendTestResult              
0     0000d32f  UART_setConfig                   
0     000001c0  __TI_CINIT_Base                  
0     000001c4  __TI_CINIT_Limit                 
0     000001c4  __TI_CINIT_Warm                  
0     000001bc  __TI_Handler_Table_Base          
0     000001c0  __TI_Handler_Table_Limit         
0     000007f8  __TI_STACK_END                   
abs   000003f8  __TI_STACK_SIZE                  
0     0000d84d  __TI_auto_init_nobinit_nopinit   
0     0000a802  __TI_cleanup_ptr                 
0     0000d81f  __TI_decompress_lzss             
0     0000dfd7  __TI_decompress_none             
0     0000a804  __TI_dtors_ptr                   
0     0000a800  __TI_enable_exit_profile_output  
0     0000d7ef  __TI_ltoa                        
abs   ffffffff  __TI_pprof_out_hndl              
0     0000c489  __TI_printfi                     
abs   ffffffff  __TI_prof_data_size              
abs   ffffffff  __TI_prof_data_start             
0     0000dd05  __c28xabi_andll                  
0     0000db8e  __c28xabi_cmpll                  
0     0000dba0  __c28xabi_cmpull                 
0     0000d16b  __c28xabi_divf                   
0     0000d8a2  __c28xabi_divl                   
0     0000cfc4  __c28xabi_divll                  
0     0000d8bf  __c28xabi_divul                  
0     0000d03a  __c28xabi_divull                 
0     0000d8b1  __c28xabi_modl                   
0     0000d000  __c28xabi_modll                  
0     0000d8c6  __c28xabi_modul                  
0     0000d069  __c28xabi_modull                 
0     0000dd0d  __c28xabi_orll                   
0     0000dd15  __c28xabi_xorll                  
abs   ffffffff  __c_args__                       
0     0000dff6  __error__                        
0     00000400  __stack                          
0     0000df30  _args_main                       
0     0000dcd4  _c_int00                         
0     0000021c  _ctypes_                         
0     0000a806  _lock                            
0     0000dfce  _nop                             
0     0000dfca  _register_lock                   
0     0000dfc6  _register_unlock                 
0     0000dfff  _system_post_cinit               
0     0000dffd  _system_pre_init                 
0     0000a808  _unlock                          
0     0000d91e  abort                            
0     0000d7be  atoi                             
0     00000000  code_start                       
0     0000d997  copysign                         
0     0000d997  copysignl                        
0     0000a80a  errno                            
0     0000d920  exit                             
0     0000d3e6  frexp                            
0     0000d3e6  frexpl                           
0     0000d0cb  ldexp                            
0     0000d0cb  ldexpl                           
0     0000d75b  main                             
0     0000df42  memccpy                          
0     0000da9c  memcpy                           
0     0000e000  memset                           
0     0000d0cb  scalbn                           
0     0000d0cb  scalbnl                          
0     0000d38c  snprintf                         
0     0000df7b  strchr                           
0     0000dfbc  strcmp                           
0     0000e011  strcpy                           
0     0000dfe7  strlen                           
0     0000df9d  wcslen                           


GLOBAL SYMBOLS: SORTED BY Symbol Address 

page  address   name                             
----  -------   ----                             
0     00000000  code_start                       
0     000001b1  SysCtl_delay                     
0     000001bc  __TI_Handler_Table_Base          
0     000001c0  __TI_CINIT_Base                  
0     000001c0  __TI_Handler_Table_Limit         
0     000001c4  __TI_CINIT_Limit                 
0     000001c4  __TI_CINIT_Warm                  
0     0000021c  _ctypes_                         
0     00000400  __stack                          
0     000007f8  __TI_STACK_END                   
0     0000a800  __TI_enable_exit_profile_output  
0     0000a802  __TI_cleanup_ptr                 
0     0000a804  __TI_dtors_ptr                   
0     0000a806  _lock                            
0     0000a808  _unlock                          
0     0000a80a  errno                            
0     0000c489  __TI_printfi                     
0     0000cbde  Device_enableAllPeripherals      
0     0000cd7e  SysCtl_setClock                  
0     0000cea4  SysCtl_isPLLValid                
0     0000cfc4  __c28xabi_divll                  
0     0000d000  __c28xabi_modll                  
0     0000d03a  __c28xabi_divull                 
0     0000d069  __c28xabi_modull                 
0     0000d0cb  ldexp                            
0     0000d0cb  ldexpl                           
0     0000d0cb  scalbn                           
0     0000d0cb  scalbnl                          
0     0000d16b  __c28xabi_divf                   
0     0000d266  SysCtl_getClock                  
0     0000d2cb  ADC_setINLTrim                   
0     0000d32f  UART_setConfig                   
0     0000d38c  snprintf                         
0     0000d3e6  frexp                            
0     0000d3e6  frexpl                           
0     0000d43f  SelfTest_RunAll                  
0     0000d494  GPIO_setPadConfig                
0     0000d4e6  ADCTest_Run                      
0     0000d52d  SysCtl_selectOscSource           
0     0000d5ba  SysCtl_selectXTAL                
0     0000d640  Interrupt_initModule             
0     0000d67d  UART_init                        
0     0000d6b9  GPIO_setPinConfig                
0     0000d6f0  GPIO_setQualificationMode        
0     0000d727  Device_init                      
0     0000d75b  main                             
0     0000d78d  GPIO_setDirectionMode            
0     0000d7be  atoi                             
0     0000d7ef  __TI_ltoa                        
0     0000d81f  __TI_decompress_lzss             
0     0000d84d  __TI_auto_init_nobinit_nopinit   
0     0000d878  UART_readLine                    
0     0000d8a2  __c28xabi_divl                   
0     0000d8b1  __c28xabi_modl                   
0     0000d8bf  __c28xabi_divul                  
0     0000d8c6  __c28xabi_modul                  
0     0000d8cc  GPIOTest_RunOutput               
0     0000d8f5  LEDTest_Run                      
0     0000d91e  C$$EXIT                          
0     0000d91e  abort                            
0     0000d920  exit                             
0     0000d947  ADCTest_Init                     
0     0000d997  copysign                         
0     0000d997  copysignl                        
0     0000d9bf  UART_sendTestResult              
0     0000da2f  SysCtl_selectXTALSingleEnded     
0     0000da78  Device_initGPIO                  
0     0000da9c  memcpy                           
0     0000daf8  GPIOTest_RunInput                
0     0000db52  Interrupt_initVectorTable        
0     0000db70  UART_sendOverallResult           
0     0000db8e  __c28xabi_cmpll                  
0     0000dba0  __c28xabi_cmpull                 
0     0000dbc9  ADC_setMode                      
0     0000dc88  SysCtl_getLowSpeedClock          
0     0000dcd4  _c_int00                         
0     0000dced  UART_sendBegin                   
0     0000dd05  __c28xabi_andll                  
0     0000dd0d  __c28xabi_orll                   
0     0000dd15  __c28xabi_xorll                  
0     0000dde8  Interrupt_defaultHandler         
0     0000de7c  UART_sendString                  
0     0000df30  _args_main                       
0     0000df42  memccpy                          
0     0000df7b  strchr                           
0     0000df9d  wcslen                           
0     0000dfa8  Interrupt_illegalOperationHandler
0     0000dfb2  Interrupt_nmiHandler             
0     0000dfbc  strcmp                           
0     0000dfc6  _register_unlock                 
0     0000dfca  _register_lock                   
0     0000dfce  _nop                             
0     0000dfcf  ADC_setOffsetTrim                
0     0000dfd7  __TI_decompress_none             
0     0000dfe7  strlen                           
0     0000dff6  __error__                        
0     0000dffd  _system_pre_init                 
0     0000dfff  _system_post_cinit               
0     0000e000  memset                           
0     0000e007  UART_sendPong                    
0     0000e00c  UART_sendReady                   
0     0000e011  strcpy                           
abs   000003f8  __TI_STACK_SIZE                  
abs   ffffffff  __TI_pprof_out_hndl              
abs   ffffffff  __TI_prof_data_size              
abs   ffffffff  __TI_prof_data_start             
abs   ffffffff  __c_args__                       

[107 symbols]
